******************************************************************************
                  TI ARM Linker PC v18.1.3                     
******************************************************************************
>> Linked Tue Nov 27 20:02:08 2018

OUTPUT FILE NAME:   <EGR226-902_Speet_Tuuk_FinalProject.out>
ENTRY POINT SYMBOL: "_c_int00_noargs"  address: 00002ff5


MEMORY CONFIGURATION

         name            origin    length      used     unused   attr    fill
----------------------  --------  ---------  --------  --------  ----  --------
  MAIN                  00000000   00040000  000034c9  0003cb37  R  X
  INFO                  00200000   00004000  00000000  00004000  R  X
  SRAM_CODE             01000000   00010000  000009cb  0000f635  RW X
  SRAM_DATA             20000000   00010000  000009cb  0000f635  RW  


SEGMENT ALLOCATION MAP

run origin  load origin   length   init length attrs members
----------  ----------- ---------- ----------- ----- -------
00000000    00000000    000034d0   000034d0    r-x
  00000000    00000000    000000e4   000000e4    r-- .intvecs
  000000e4    000000e4    00003244   00003244    r-x .text
  00003328    00003328    00000101   00000101    r-- .const
  00003430    00003430    000000a0   000000a0    r-- .cinit
20000000    20000000    000007cb   00000000    rw-
  20000000    20000000    00000400   00000000    rw- .sysmem
  20000400    20000400    00000200   00000000    rw- .data
  20000600    20000600    000001cb   00000000    rw- .bss
2000fe00    2000fe00    00000200   00000000    rw-
  2000fe00    2000fe00    00000200   00000000    rw- .stack


SECTION ALLOCATION MAP

 output                                  attributes/
section   page    origin      length       input sections
--------  ----  ----------  ----------   ----------------
.intvecs   0    00000000    000000e4     
                  00000000    000000e4     startup_msp432p401r_ccs.obj (.intvecs:retain)

.text      0    000000e4    00003244     
                  000000e4    00000a5e     rtsv7M4_T_le_v4SPD16_eabi.lib : _printfi.c.obj (.text:__TI_printfi)
                  00000b42    00000002                                   : _lock.c.obj (.text:_nop)
                  00000b44    00000568     main.obj (.text)
                  000010ac    00000334     system_msp432p401r.obj (.text)
                  000013e0    00000270     rtsv7M4_T_le_v4SPD16_eabi.lib : _printfi.c.obj (.text:_pconv_a)
                  00001650    000001d0                                   : _printfi.c.obj (.text:_pconv_g)
                  00001820    000001b6                                   : fd_add_t2.asm.obj (.text)
                  000019d6    00000002                                   : div0.asm.obj (.text)
                  000019d8    0000013c                                   : _printfi.c.obj (.text:_pconv_e)
                  00001b14    00000136                                   : fd_div_t2.asm.obj (.text)
                  00001c4a    00000002     --HOLE-- [fill = 0]
                  00001c4c    00000120                                   : _printfi.c.obj (.text:fcvt)
                  00001d6c    00000114                                   : fputs.c.obj (.text:fputs)
                  00001e80    00000110                                   : s_scalbn.c.obj (.text:scalbn)
                  00001f90    000000fc                                   : fd_mul_t2.asm.obj (.text)
                  0000208c    000000dc                                   : setvbuf.c.obj (.text:setvbuf)
                  00002168    000000d8                                   : memory.c.obj (.text:free)
                  00002240    000000b1                                   : _printfi.c.obj (.text:_ltostr)
                  000022f1    00000001     --HOLE-- [fill = 0]
                  000022f2    0000009c                                   : memcpy_t2.asm.obj (.text)
                  0000238e    00000096                                   : ull_div_t2.asm.obj (.text)
                  00002424    0000008c                                   : fputc.c.obj (.text:fputc)
                  000024b0    00000086                                   : fd_cmp_t2.asm.obj (.text:__aeabi_cdcmple)
                  00002536    00000086                                   : fd_cmp_t2.asm.obj (.text:__aeabi_cdrcmple)
                  000025bc    0000007a                                   : memset_t2.asm.obj (.text)
                  00002636    00000002     --HOLE-- [fill = 0]
                  00002638    00000078                                   : memory.c.obj (.text:malloc)
                  000026b0    00000074                                   : fclose.c.obj (.text:__TI_closefile)
                  00002724    0000006e                                   : _printfi.c.obj (.text:_mcpy)
                  00002792    00000002     --HOLE-- [fill = 0]
                  00002794    00000068                                   : hostlseek.c.obj (.text:HOSTlseek)
                  000027fc    00000068                                   : hostrename.c.obj (.text:HOSTrename)
                  00002864    00000068                                   : copy_decompress_lzss.c.obj (.text:decompress:lzss:__TI_decompress_lzss)
                  000028cc    00000068                                   : printf.c.obj (.text:printf)
                  00002934    00000064                                   : s_frexp.c.obj (.text:frexp)
                  00002998    00000064                                   : fseek.c.obj (.text:fseek)
                  000029fc    00000062                                   : _io_perm.c.obj (.text:__TI_wrt_ok)
                  00002a5e    00000002     --HOLE-- [fill = 0]
                  00002a60    00000060                                   : hostopen.c.obj (.text:HOSTopen)
                  00002ac0    0000005c                                   : close.c.obj (.text:close)
                  00002b1c    00000058                                   : hostread.c.obj (.text:HOSTread)
                  00002b74    00000058                                   : hostwrite.c.obj (.text:HOSTwrite)
                  00002bcc    00000056                                   : _printfi.c.obj (.text:_pconv_f)
                  00002c22    00000054                                   : ltoa.c.obj (.text:ltoa)
                  00002c76    00000052                                   : _printfi.c.obj (.text:_ecpy)
                  00002cc8    0000004c                                   : fflush.c.obj (.text:__TI_doflush)
                  00002d14    0000004c                                   : atoi.c.obj (.text:atoi)
                  00002d60    00000048                                   : exit.c.obj (.text:exit)
                  00002da8    00000048                                   : fd_toi_t2.asm.obj (.text)
                  00002df0    00000044                                   : hostclose.c.obj (.text:HOSTclose)
                  00002e34    00000044                                   : hostunlink.c.obj (.text:HOSTunlink)
                  00002e78    00000044                                   : autoinit.c.obj (.text:__TI_auto_init_nobinit_nopinit:__TI_auto_init_nobinit_nopinit)
                  00002ebc    00000044                                   : getdevice.c.obj (.text:getdevice)
                  00002f00    00000040                                   : sprintf.c.obj (.text:sprintf)
                  00002f40    0000003e                                   : _printfi.c.obj (.text:_fcpy)
                  00002f7e    00000002     --HOLE-- [fill = 0]
                  00002f80    0000003c                                   : memory.c.obj (.text:minsert)
                  00002fbc    00000038                                   : trgmsg.c.obj (.text:__TI_writemsg)
                  00002ff4    00000038                                   : boot_cortex_m.c.obj (.text:_c_int00_noargs:_c_int00_noargs)
                  0000302c    00000038                                   : memory.c.obj (.text:minit)
                  00003064    00000036                                   : strncpy.c.obj (.text:strncpy)
                  0000309a    00000002     --HOLE-- [fill = 0]
                  0000309c    00000034                                   : fopen.c.obj (.text:__TI_cleanup)
                  000030d0    00000034                                   : trgmsg.c.obj (.text:__TI_readmsg)
                  00003104    00000030                                   : getdevice.c.obj (.text:finddevice)
                  00003134    0000002e                                   : i_tofd_t2.asm.obj (.text)
                  00003162    00000002     --HOLE-- [fill = 0]
                  00003164    0000002c                                   : unlink.c.obj (.text:unlink)
                  00003190    00000028                                   : lseek.c.obj (.text:lseek)
                  000031b8    00000028                                   : memory.c.obj (.text:mremove)
                  000031e0    00000028                                   : write.c.obj (.text:write)
                  00003208    00000020                                   : memchr.c.obj (.text:memchr)
                  00003228    0000001c                                   : memccpy.c.obj (.text:memccpy)
                  00003244    00000018                                   : sprintf.c.obj (.text:_outs)
                  0000325c    00000018                                   : strcmp.c.obj (.text:strcmp)
                  00003274    00000016                                   : strchr.c.obj (.text:strchr)
                  0000328a    00000014                                   : s_copysign.c.obj (.text:copysign)
                  0000329e    00000014                                   : strcpy.c.obj (.text:strcpy)
                  000032b2    00000014                                   : strlen.c.obj (.text:strlen)
                  000032c6    00000012                                   : copy_zero_init.c.obj (.text:decompress:ZI:__TI_zero_init_nomemset:__TI_zero_init_nomemset)
                  000032d8    00000012                                   : wcslen.c.obj (.text:wcslen)
                  000032ea    0000000e                                   : copy_decompress_none.c.obj (.text:decompress:none:__TI_decompress_none)
                  000032f8    0000000e     startup_msp432p401r_ccs.obj (.text)
                  00003306    0000000a     rtsv7M4_T_le_v4SPD16_eabi.lib : sprintf.c.obj (.text:_outc)
                  00003310    00000008                                   : errno.c.obj (.text:__aeabi_errno_addr)
                  00003318    00000004                                   : printf.c.obj (.text:_outc)
                  0000331c    00000004                                   : printf.c.obj (.text:_outs)
                  00003320    00000004                                   : pre_init.c.obj (.text:_system_pre_init)
                  00003324    00000004                                   : exit.c.obj (.text:abort:abort)

.const     0    00003328    00000101     
                  00003328    00000101     rtsv7M4_T_le_v4SPD16_eabi.lib : ctype.c.obj (.const:.string:_ctypes_)

.cinit     0    00003430    000000a0     
                  00003430    00000079     (.cinit..data.load) [load image, compression = lzss]
                  000034a9    00000003     --HOLE-- [fill = 0]
                  000034ac    0000000c     (__TI_handler_table)
                  000034b8    00000008     (.cinit..bss.load) [load image, compression = zero_init]
                  000034c0    00000010     (__TI_cinit_table)

.init_array 
*          0    00000000    00000000     UNINITIALIZED

.binit     0    00000000    00000000     

.sysmem    0    20000000    00000400     UNINITIALIZED
                  20000000    00000008     rtsv7M4_T_le_v4SPD16_eabi.lib : memory.c.obj (.sysmem)
                  20000008    000003f8     --HOLE--

.data      0    20000400    00000200     UNINITIALIZED
                  20000400    000000f0     rtsv7M4_T_le_v4SPD16_eabi.lib : defs.c.obj (.data:_ftable)
                  200004f0    00000078                                   : write.c.obj (.data:_device)
                  20000568    00000050                                   : write.c.obj (.data:_stream)
                  200005b8    00000010     main.obj (.data)
                  200005c8    00000010     rtsv7M4_T_le_v4SPD16_eabi.lib : defs.c.obj (.data)
                  200005d8    0000000c                                   : exit.c.obj (.data:$O1$$)
                  200005e4    0000000c                                   : memory.c.obj (.data:$O1$$)
                  200005f0    00000008                                   : _lock.c.obj (.data:$O1$$)
                  200005f8    00000004                                   : errno.c.obj (.data)
                  200005fc    00000004     system_msp432p401r.obj (.data)

.bss       0    20000600    000001cb     UNINITIALIZED
                  20000600    00000120     rtsv7M4_T_le_v4SPD16_eabi.lib : trgmsg.c.obj (.bss:_CIOBUF_)
                  20000720    000000a0     (.common:__TI_tmpnams)
                  200007c0    00000008     (.common:parmbuf)
                  200007c8    00000001     (.common:hours)
                  200007c9    00000001     (.common:mins)
                  200007ca    00000001     (.common:secs)

.stack     0    2000fe00    00000200     UNINITIALIZED
                  2000fe00    00000004     rtsv7M4_T_le_v4SPD16_eabi.lib : boot_cortex_m.c.obj (.stack)
                  2000fe04    000001fc     --HOLE--

MODULE SUMMARY

       Module                        code    ro data   rw data
       ------                        ----    -------   -------
    .\
       main.obj                      1384    0         38     
       system_msp432p401r.obj        820     0         8      
       startup_msp432p401r_ccs.obj   14      228       0      
    +--+-----------------------------+-------+---------+---------+
       Total:                        2218    228       46     
                                                              
    C:\ti\ccsv8\tools\compiler\ti-cgt-arm_18.1.3.LTS\lib\rtsv7M4_T_le_v4SPD16_eabi.lib
       _printfi.c.obj                4863    0         0      
       defs.c.obj                    0       0         832    
       trgmsg.c.obj                  108     0         576    
       memory.c.obj                  492     0         24     
       write.c.obj                   40      0         400    
       fd_add_t2.asm.obj             438     0         0      
       fd_div_t2.asm.obj             310     0         0      
       fputs.c.obj                   276     0         0      
       s_scalbn.c.obj                272     0         0      
       fd_cmp_t2.asm.obj             268     0         0      
       ctype.c.obj                   0       257       0      
       fd_mul_t2.asm.obj             252     0         0      
       setvbuf.c.obj                 220     0         0      
       memcpy_t2.asm.obj             156     0         0      
       ull_div_t2.asm.obj            150     0         0      
       fputc.c.obj                   140     0         0      
       memset_t2.asm.obj             122     0         0      
       fclose.c.obj                  116     0         0      
       getdevice.c.obj               116     0         0      
       hostopen.c.obj                96      0         16     
       printf.c.obj                  112     0         0      
       copy_decompress_lzss.c.obj    104     0         0      
       hostlseek.c.obj               104     0         0      
       hostrename.c.obj              104     0         0      
       exit.c.obj                    76      0         24     
       fseek.c.obj                   100     0         0      
       s_frexp.c.obj                 100     0         0      
       _io_perm.c.obj                98      0         0      
       sprintf.c.obj                 98      0         0      
       close.c.obj                   92      0         0      
       hostread.c.obj                88      0         0      
       hostwrite.c.obj               88      0         0      
       ltoa.c.obj                    84      0         0      
       atoi.c.obj                    76      0         0      
       fflush.c.obj                  76      0         0      
       fd_toi_t2.asm.obj             72      0         0      
       autoinit.c.obj                68      0         0      
       hostclose.c.obj               68      0         0      
       hostunlink.c.obj              68      0         0      
       boot_cortex_m.c.obj           56      0         0      
       strncpy.c.obj                 54      0         0      
       fopen.c.obj                   52      0         0      
       i_tofd_t2.asm.obj             46      0         0      
       unlink.c.obj                  44      0         0      
       lseek.c.obj                   40      0         0      
       memchr.c.obj                  32      0         0      
       memccpy.c.obj                 28      0         0      
       strcmp.c.obj                  24      0         0      
       strchr.c.obj                  22      0         0      
       s_copysign.c.obj              20      0         0      
       strcpy.c.obj                  20      0         0      
       strlen.c.obj                  20      0         0      
       _lock.c.obj                   2       0         16     
       copy_zero_init.c.obj          18      0         0      
       wcslen.c.obj                  18      0         0      
       errno.c.obj                   8       0         8      
       copy_decompress_none.c.obj    14      0         0      
       pre_init.c.obj                4       0         0      
       div0.asm.obj                  2       0         0      
    +--+-----------------------------+-------+---------+---------+
       Total:                        10635   257       1896   
                                                              
       Heap:                         0       0         2048   
       Stack:                        0       0         1024   
       Linker Generated:             0       157       0      
    +--+-----------------------------+-------+---------+---------+
       Grand Total:                  12853   642       5014   


LINKER GENERATED COPY TABLES

__TI_cinit_table @ 000034c0 records: 2, size/record: 8, table size: 16
	.data: load addr=00003430, load size=00000079 bytes, run addr=20000400, run size=00000200 bytes, compression=lzss
	.bss: load addr=000034b8, load size=00000008 bytes, run addr=20000600, run size=000001cb bytes, compression=zero_init


LINKER GENERATED HANDLER TABLE

__TI_handler_table @ 000034ac records: 3, size/record: 4, table size: 12
	index: 0, handler: __TI_decompress_lzss
	index: 1, handler: __TI_decompress_none
	index: 2, handler: __TI_zero_init


GLOBAL SYMBOLS: SORTED ALPHABETICALLY BY Name 

address   name                           
-------   ----                           
00003305  ADC14_IRQHandler               
00003305  AES256_IRQHandler              
00003305  BusFault_Handler               
00003325  C$$EXIT                        
00002feb  C$$IO$$                        
00003305  COMP_E0_IRQHandler             
00003305  COMP_E1_IRQHandler             
00003305  CS_IRQHandler                  
00003305  DMA_ERR_IRQHandler             
00003305  DMA_INT0_IRQHandler            
00003305  DMA_INT1_IRQHandler            
00003305  DMA_INT2_IRQHandler            
00003305  DMA_INT3_IRQHandler            
00003305  DebugMon_Handler               
00003305  Default_Handler                
00003305  EUSCIA0_IRQHandler             
00003305  EUSCIA1_IRQHandler             
00003305  EUSCIA2_IRQHandler             
00003305  EUSCIA3_IRQHandler             
00003305  EUSCIB0_IRQHandler             
00003305  EUSCIB1_IRQHandler             
00003305  EUSCIB2_IRQHandler             
00003305  EUSCIB3_IRQHandler             
00003305  FLCTL_IRQHandler               
00003305  FPU_IRQHandler                 
00002df1  HOSTclose                      
00002795  HOSTlseek                      
00002a61  HOSTopen                       
00002b1d  HOSTread                       
000027fd  HOSTrename                     
00002e35  HOSTunlink                     
00002b75  HOSTwrite                      
00003305  HardFault_Handler              
00000e95  LCD_init                       
00003305  MemManage_Handler              
00003305  NMI_Handler                    
00003305  PCM_IRQHandler                 
00003305  PORT1_IRQHandler               
00003305  PORT2_IRQHandler               
0000102d  PORT3_IRQHandler               
0000102d  PORT3_IRQHandler               
00003305  PORT4_IRQHandler               
00003305  PORT5_IRQHandler               
00003305  PORT6_IRQHandler               
00003305  PSS_IRQHandler                 
00003305  PendSV_Handler                 
00000dff  PulseEnablePin                 
00000fb1  RTC_C_IRQHandler               
00000fb1  RTC_C_IRQHandler               
00000f21  RTC_Init                       
000032f9  Reset_Handler                  
00003305  SVC_Handler                    
00003305  SysTick_Handler                
200005fc  SystemCoreClock                
000010ad  SystemCoreClockUpdate          
00001325  SystemInit                     
00003305  T32_INT1_IRQHandler            
00003305  T32_INT2_IRQHandler            
00003305  T32_INTC_IRQHandler            
00003305  TA0_0_IRQHandler               
00003305  TA0_N_IRQHandler               
00003305  TA1_0_IRQHandler               
00003305  TA1_N_IRQHandler               
00003305  TA2_0_IRQHandler               
00003305  TA2_N_IRQHandler               
00003305  TA3_0_IRQHandler               
00003305  TA3_N_IRQHandler               
00003305  UsageFault_Handler             
4000480c  WDTCTL_SYM                     
00003305  WDT_A_IRQHandler               
20000600  __CIOBUF_                      
20010000  __STACK_END                    
00000200  __STACK_SIZE                   
00000400  __SYSMEM_SIZE                  
000034c0  __TI_CINIT_Base                
000034d0  __TI_CINIT_Limit               
000034ac  __TI_Handler_Table_Base        
000034b8  __TI_Handler_Table_Limit       
00002e79  __TI_auto_init_nobinit_nopinit 
0000309d  __TI_cleanup                   
200005d8  __TI_cleanup_ptr               
000026b1  __TI_closefile                 
00002865  __TI_decompress_lzss           
000032eb  __TI_decompress_none           
00002cc9  __TI_doflush                   
200005dc  __TI_dtors_ptr                 
200005e0  __TI_enable_exit_profile_output
200005c8  __TI_ft_end                    
ffffffff  __TI_pprof_out_hndl            
000000e5  __TI_printfi                   
ffffffff  __TI_prof_data_size            
ffffffff  __TI_prof_data_start           
000030d1  __TI_readmsg                   
00000000  __TI_static_base__             
20000720  __TI_tmpnams                   
00002fbd  __TI_writemsg                  
000029fd  __TI_wrt_ok                    
000032c7  __TI_zero_init_nomemset        
000024b1  __aeabi_cdcmpeq                
000024b1  __aeabi_cdcmple                
00002537  __aeabi_cdrcmple               
00002da9  __aeabi_d2iz                   
0000182b  __aeabi_dadd                   
00001b15  __aeabi_ddiv                   
00001f91  __aeabi_dmul                   
00001821  __aeabi_dsub                   
00003311  __aeabi_errno_addr             
00003135  __aeabi_i2d                    
000019d7  __aeabi_idiv0                  
000019d7  __aeabi_ldiv0                  
000025bd  __aeabi_memclr                 
000025bd  __aeabi_memclr4                
000025bd  __aeabi_memclr8                
000022f3  __aeabi_memcpy                 
000022f3  __aeabi_memcpy4                
000022f3  __aeabi_memcpy8                
000025bf  __aeabi_memset                 
000025bf  __aeabi_memset4                
000025bf  __aeabi_memset8                
200005d4  __aeabi_stderr                 
200005cc  __aeabi_stdin                  
200005d0  __aeabi_stdout                 
0000238f  __aeabi_uldivmod               
ffffffff  __binit__                      
ffffffff  __c_args__                     
UNDEFED   __mpu_init                     
2000fe00  __stack                        
00002ff5  _c_int00_noargs                
00003328  _ctypes_                       
200004f0  _device                        
20000400  _ftable                        
200005f0  _lock                          
00000b43  _nop                           
20000568  _stream                        
20000000  _sys_memory                    
UNDEFED   _system_post_cinit             
00003321  _system_pre_init               
200005f4  _unlock                        
00003325  abort                          
200005c0  alarm_update                   
00002d15  atoi                           
ffffffff  binit                          
00002ac1  close                          
00000d69  commandWrite                   
0000328b  copysign                       
0000328b  copysignl                      
00000d83  dataWrite                      
00000e5d  delay_micro                    
00000e37  delay_ms                       
200005f8  errno                          
00002d61  exit                           
00003105  finddevice                     
00002425  fputc                          
00001d6d  fputs                          
00002169  free                           
00002935  frexp                          
00002935  frexpl                         
00002999  fseek                          
00002ebd  getdevice                      
200007c8  hours                          
200005c4  i                              
00000c09  initialization                 
00000000  interruptVectors               
00001e81  ldexp                          
00001e81  ldexpl                         
00003191  lseek                          
00002c23  ltoa                           
00000b71  main                           
00002639  malloc                         
00003229  memccpy                        
00003209  memchr                         
000022f3  memcpy                         
000025c5  memset                         
0000302d  minit                          
200007c9  mins                           
200007c0  parmbuf                        
000028cd  printf                         
00000d9d  pushByte                       
00000dd7  pushNibble                     
00002425  putc                           
00003165  remove                         
00001e81  scalbn                         
00001e81  scalbnl                        
200007ca  secs                           
0000208d  setvbuf                        
00002f01  sprintf                        
200005b8  state                          
00003275  strchr                         
0000325d  strcmp                         
0000329f  strcpy                         
000032b3  strlen                         
00003065  strncpy                        
200005bc  time_update                    
00003165  unlink                         
000032d9  wcslen                         
000031e1  write                          


GLOBAL SYMBOLS: SORTED BY Symbol Address 

address   name                           
-------   ----                           
00000000  __TI_static_base__             
00000000  interruptVectors               
000000e5  __TI_printfi                   
00000200  __STACK_SIZE                   
00000400  __SYSMEM_SIZE                  
00000b43  _nop                           
00000b71  main                           
00000c09  initialization                 
00000d69  commandWrite                   
00000d83  dataWrite                      
00000d9d  pushByte                       
00000dd7  pushNibble                     
00000dff  PulseEnablePin                 
00000e37  delay_ms                       
00000e5d  delay_micro                    
00000e95  LCD_init                       
00000f21  RTC_Init                       
00000fb1  RTC_C_IRQHandler               
00000fb1  RTC_C_IRQHandler               
0000102d  PORT3_IRQHandler               
0000102d  PORT3_IRQHandler               
000010ad  SystemCoreClockUpdate          
00001325  SystemInit                     
00001821  __aeabi_dsub                   
0000182b  __aeabi_dadd                   
000019d7  __aeabi_idiv0                  
000019d7  __aeabi_ldiv0                  
00001b15  __aeabi_ddiv                   
00001d6d  fputs                          
00001e81  ldexp                          
00001e81  ldexpl                         
00001e81  scalbn                         
00001e81  scalbnl                        
00001f91  __aeabi_dmul                   
0000208d  setvbuf                        
00002169  free                           
000022f3  __aeabi_memcpy                 
000022f3  __aeabi_memcpy4                
000022f3  __aeabi_memcpy8                
000022f3  memcpy                         
0000238f  __aeabi_uldivmod               
00002425  fputc                          
00002425  putc                           
000024b1  __aeabi_cdcmpeq                
000024b1  __aeabi_cdcmple                
00002537  __aeabi_cdrcmple               
000025bd  __aeabi_memclr                 
000025bd  __aeabi_memclr4                
000025bd  __aeabi_memclr8                
000025bf  __aeabi_memset                 
000025bf  __aeabi_memset4                
000025bf  __aeabi_memset8                
000025c5  memset                         
00002639  malloc                         
000026b1  __TI_closefile                 
00002795  HOSTlseek                      
000027fd  HOSTrename                     
00002865  __TI_decompress_lzss           
000028cd  printf                         
00002935  frexp                          
00002935  frexpl                         
00002999  fseek                          
000029fd  __TI_wrt_ok                    
00002a61  HOSTopen                       
00002ac1  close                          
00002b1d  HOSTread                       
00002b75  HOSTwrite                      
00002c23  ltoa                           
00002cc9  __TI_doflush                   
00002d15  atoi                           
00002d61  exit                           
00002da9  __aeabi_d2iz                   
00002df1  HOSTclose                      
00002e35  HOSTunlink                     
00002e79  __TI_auto_init_nobinit_nopinit 
00002ebd  getdevice                      
00002f01  sprintf                        
00002fbd  __TI_writemsg                  
00002feb  C$$IO$$                        
00002ff5  _c_int00_noargs                
0000302d  minit                          
00003065  strncpy                        
0000309d  __TI_cleanup                   
000030d1  __TI_readmsg                   
00003105  finddevice                     
00003135  __aeabi_i2d                    
00003165  remove                         
00003165  unlink                         
00003191  lseek                          
000031e1  write                          
00003209  memchr                         
00003229  memccpy                        
0000325d  strcmp                         
00003275  strchr                         
0000328b  copysign                       
0000328b  copysignl                      
0000329f  strcpy                         
000032b3  strlen                         
000032c7  __TI_zero_init_nomemset        
000032d9  wcslen                         
000032eb  __TI_decompress_none           
000032f9  Reset_Handler                  
00003305  ADC14_IRQHandler               
00003305  AES256_IRQHandler              
00003305  BusFault_Handler               
00003305  COMP_E0_IRQHandler             
00003305  COMP_E1_IRQHandler             
00003305  CS_IRQHandler                  
00003305  DMA_ERR_IRQHandler             
00003305  DMA_INT0_IRQHandler            
00003305  DMA_INT1_IRQHandler            
00003305  DMA_INT2_IRQHandler            
00003305  DMA_INT3_IRQHandler            
00003305  DebugMon_Handler               
00003305  Default_Handler                
00003305  EUSCIA0_IRQHandler             
00003305  EUSCIA1_IRQHandler             
00003305  EUSCIA2_IRQHandler             
00003305  EUSCIA3_IRQHandler             
00003305  EUSCIB0_IRQHandler             
00003305  EUSCIB1_IRQHandler             
00003305  EUSCIB2_IRQHandler             
00003305  EUSCIB3_IRQHandler             
00003305  FLCTL_IRQHandler               
00003305  FPU_IRQHandler                 
00003305  HardFault_Handler              
00003305  MemManage_Handler              
00003305  NMI_Handler                    
00003305  PCM_IRQHandler                 
00003305  PORT1_IRQHandler               
00003305  PORT2_IRQHandler               
00003305  PORT4_IRQHandler               
00003305  PORT5_IRQHandler               
00003305  PORT6_IRQHandler               
00003305  PSS_IRQHandler                 
00003305  PendSV_Handler                 
00003305  SVC_Handler                    
00003305  SysTick_Handler                
00003305  T32_INT1_IRQHandler            
00003305  T32_INT2_IRQHandler            
00003305  T32_INTC_IRQHandler            
00003305  TA0_0_IRQHandler               
00003305  TA0_N_IRQHandler               
00003305  TA1_0_IRQHandler               
00003305  TA1_N_IRQHandler               
00003305  TA2_0_IRQHandler               
00003305  TA2_N_IRQHandler               
00003305  TA3_0_IRQHandler               
00003305  TA3_N_IRQHandler               
00003305  UsageFault_Handler             
00003305  WDT_A_IRQHandler               
00003311  __aeabi_errno_addr             
00003321  _system_pre_init               
00003325  C$$EXIT                        
00003325  abort                          
00003328  _ctypes_                       
000034ac  __TI_Handler_Table_Base        
000034b8  __TI_Handler_Table_Limit       
000034c0  __TI_CINIT_Base                
000034d0  __TI_CINIT_Limit               
20000000  _sys_memory                    
20000400  _ftable                        
200004f0  _device                        
20000568  _stream                        
200005b8  state                          
200005bc  time_update                    
200005c0  alarm_update                   
200005c4  i                              
200005c8  __TI_ft_end                    
200005cc  __aeabi_stdin                  
200005d0  __aeabi_stdout                 
200005d4  __aeabi_stderr                 
200005d8  __TI_cleanup_ptr               
200005dc  __TI_dtors_ptr                 
200005e0  __TI_enable_exit_profile_output
200005f0  _lock                          
200005f4  _unlock                        
200005f8  errno                          
200005fc  SystemCoreClock                
20000600  __CIOBUF_                      
20000720  __TI_tmpnams                   
200007c0  parmbuf                        
200007c8  hours                          
200007c9  mins                           
200007ca  secs                           
2000fe00  __stack                        
20010000  __STACK_END                    
4000480c  WDTCTL_SYM                     
ffffffff  __TI_pprof_out_hndl            
ffffffff  __TI_prof_data_size            
ffffffff  __TI_prof_data_start           
ffffffff  __binit__                      
ffffffff  __c_args__                     
ffffffff  binit                          
UNDEFED   __mpu_init                     
UNDEFED   _system_post_cinit             

[196 symbols]
