******************************************************************************
                  TI ARM Linker PC v18.1.3                     
******************************************************************************
>> Linked Wed Nov 28 09:40:54 2018

OUTPUT FILE NAME:   <EGR226-902_Speet_Tuuk_FinalProject.out>
ENTRY POINT SYMBOL: "_c_int00_noargs"  address: 00002fcd


MEMORY CONFIGURATION

         name            origin    length      used     unused   attr    fill
----------------------  --------  ---------  --------  --------  ----  --------
  MAIN                  00000000   00040000  000034a1  0003cb5f  R  X
  INFO                  00200000   00004000  00000000  00004000  R  X
  SRAM_CODE             01000000   00010000  000009cb  0000f635  RW X
  SRAM_DATA             20000000   00010000  000009cb  0000f635  RW  


SEGMENT ALLOCATION MAP

run origin  load origin   length   init length attrs members
----------  ----------- ---------- ----------- ----- -------
00000000    00000000    000034a8   000034a8    r-x
  00000000    00000000    000000e4   000000e4    r-- .intvecs
  000000e4    000000e4    0000321c   0000321c    r-x .text
  00003300    00003300    00000101   00000101    r-- .const
  00003408    00003408    000000a0   000000a0    r-- .cinit
20000000    20000000    000007cb   00000000    rw-
  20000000    20000000    00000400   00000000    rw- .sysmem
  20000400    20000400    00000200   00000000    rw- .data
  20000600    20000600    000001cb   00000000    rw- .bss
2000fe00    2000fe00    00000200   00000000    rw-
  2000fe00    2000fe00    00000200   00000000    rw- .stack


SECTION ALLOCATION MAP

 output                                  attributes/
section   page    origin      length       input sections
--------  ----  ----------  ----------   ----------------
.intvecs   0    00000000    000000e4     
                  00000000    000000e4     startup_msp432p401r_ccs.obj (.intvecs:retain)

.text      0    000000e4    0000321c     
                  000000e4    00000a5e     rtsv7M4_T_le_v4SPD16_eabi.lib : _printfi.c.obj (.text:__TI_printfi)
                  00000b42    00000002                                   : _lock.c.obj (.text:_nop)
                  00000b44    00000540     main.obj (.text)
                  00001084    00000334     system_msp432p401r.obj (.text)
                  000013b8    00000270     rtsv7M4_T_le_v4SPD16_eabi.lib : _printfi.c.obj (.text:_pconv_a)
                  00001628    000001d0                                   : _printfi.c.obj (.text:_pconv_g)
                  000017f8    000001b6                                   : fd_add_t2.asm.obj (.text)
                  000019ae    00000002                                   : div0.asm.obj (.text)
                  000019b0    0000013c                                   : _printfi.c.obj (.text:_pconv_e)
                  00001aec    00000136                                   : fd_div_t2.asm.obj (.text)
                  00001c22    00000002     --HOLE-- [fill = 0]
                  00001c24    00000120                                   : _printfi.c.obj (.text:fcvt)
                  00001d44    00000114                                   : fputs.c.obj (.text:fputs)
                  00001e58    00000110                                   : s_scalbn.c.obj (.text:scalbn)
                  00001f68    000000fc                                   : fd_mul_t2.asm.obj (.text)
                  00002064    000000dc                                   : setvbuf.c.obj (.text:setvbuf)
                  00002140    000000d8                                   : memory.c.obj (.text:free)
                  00002218    000000b1                                   : _printfi.c.obj (.text:_ltostr)
                  000022c9    00000001     --HOLE-- [fill = 0]
                  000022ca    0000009c                                   : memcpy_t2.asm.obj (.text)
                  00002366    00000096                                   : ull_div_t2.asm.obj (.text)
                  000023fc    0000008c                                   : fputc.c.obj (.text:fputc)
                  00002488    00000086                                   : fd_cmp_t2.asm.obj (.text:__aeabi_cdcmple)
                  0000250e    00000086                                   : fd_cmp_t2.asm.obj (.text:__aeabi_cdrcmple)
                  00002594    0000007a                                   : memset_t2.asm.obj (.text)
                  0000260e    00000002     --HOLE-- [fill = 0]
                  00002610    00000078                                   : memory.c.obj (.text:malloc)
                  00002688    00000074                                   : fclose.c.obj (.text:__TI_closefile)
                  000026fc    0000006e                                   : _printfi.c.obj (.text:_mcpy)
                  0000276a    00000002     --HOLE-- [fill = 0]
                  0000276c    00000068                                   : hostlseek.c.obj (.text:HOSTlseek)
                  000027d4    00000068                                   : hostrename.c.obj (.text:HOSTrename)
                  0000283c    00000068                                   : copy_decompress_lzss.c.obj (.text:decompress:lzss:__TI_decompress_lzss)
                  000028a4    00000068                                   : printf.c.obj (.text:printf)
                  0000290c    00000064                                   : s_frexp.c.obj (.text:frexp)
                  00002970    00000064                                   : fseek.c.obj (.text:fseek)
                  000029d4    00000062                                   : _io_perm.c.obj (.text:__TI_wrt_ok)
                  00002a36    00000002     --HOLE-- [fill = 0]
                  00002a38    00000060                                   : hostopen.c.obj (.text:HOSTopen)
                  00002a98    0000005c                                   : close.c.obj (.text:close)
                  00002af4    00000058                                   : hostread.c.obj (.text:HOSTread)
                  00002b4c    00000058                                   : hostwrite.c.obj (.text:HOSTwrite)
                  00002ba4    00000056                                   : _printfi.c.obj (.text:_pconv_f)
                  00002bfa    00000054                                   : ltoa.c.obj (.text:ltoa)
                  00002c4e    00000052                                   : _printfi.c.obj (.text:_ecpy)
                  00002ca0    0000004c                                   : fflush.c.obj (.text:__TI_doflush)
                  00002cec    0000004c                                   : atoi.c.obj (.text:atoi)
                  00002d38    00000048                                   : exit.c.obj (.text:exit)
                  00002d80    00000048                                   : fd_toi_t2.asm.obj (.text)
                  00002dc8    00000044                                   : hostclose.c.obj (.text:HOSTclose)
                  00002e0c    00000044                                   : hostunlink.c.obj (.text:HOSTunlink)
                  00002e50    00000044                                   : autoinit.c.obj (.text:__TI_auto_init_nobinit_nopinit:__TI_auto_init_nobinit_nopinit)
                  00002e94    00000044                                   : getdevice.c.obj (.text:getdevice)
                  00002ed8    00000040                                   : sprintf.c.obj (.text:sprintf)
                  00002f18    0000003e                                   : _printfi.c.obj (.text:_fcpy)
                  00002f56    00000002     --HOLE-- [fill = 0]
                  00002f58    0000003c                                   : memory.c.obj (.text:minsert)
                  00002f94    00000038                                   : trgmsg.c.obj (.text:__TI_writemsg)
                  00002fcc    00000038                                   : boot_cortex_m.c.obj (.text:_c_int00_noargs:_c_int00_noargs)
                  00003004    00000038                                   : memory.c.obj (.text:minit)
                  0000303c    00000036                                   : strncpy.c.obj (.text:strncpy)
                  00003072    00000002     --HOLE-- [fill = 0]
                  00003074    00000034                                   : fopen.c.obj (.text:__TI_cleanup)
                  000030a8    00000034                                   : trgmsg.c.obj (.text:__TI_readmsg)
                  000030dc    00000030                                   : getdevice.c.obj (.text:finddevice)
                  0000310c    0000002e                                   : i_tofd_t2.asm.obj (.text)
                  0000313a    00000002     --HOLE-- [fill = 0]
                  0000313c    0000002c                                   : unlink.c.obj (.text:unlink)
                  00003168    00000028                                   : lseek.c.obj (.text:lseek)
                  00003190    00000028                                   : memory.c.obj (.text:mremove)
                  000031b8    00000028                                   : write.c.obj (.text:write)
                  000031e0    00000020                                   : memchr.c.obj (.text:memchr)
                  00003200    0000001c                                   : memccpy.c.obj (.text:memccpy)
                  0000321c    00000018                                   : sprintf.c.obj (.text:_outs)
                  00003234    00000018                                   : strcmp.c.obj (.text:strcmp)
                  0000324c    00000016                                   : strchr.c.obj (.text:strchr)
                  00003262    00000014                                   : s_copysign.c.obj (.text:copysign)
                  00003276    00000014                                   : strcpy.c.obj (.text:strcpy)
                  0000328a    00000014                                   : strlen.c.obj (.text:strlen)
                  0000329e    00000012                                   : copy_zero_init.c.obj (.text:decompress:ZI:__TI_zero_init_nomemset:__TI_zero_init_nomemset)
                  000032b0    00000012                                   : wcslen.c.obj (.text:wcslen)
                  000032c2    0000000e                                   : copy_decompress_none.c.obj (.text:decompress:none:__TI_decompress_none)
                  000032d0    0000000e     startup_msp432p401r_ccs.obj (.text)
                  000032de    0000000a     rtsv7M4_T_le_v4SPD16_eabi.lib : sprintf.c.obj (.text:_outc)
                  000032e8    00000008                                   : errno.c.obj (.text:__aeabi_errno_addr)
                  000032f0    00000004                                   : printf.c.obj (.text:_outc)
                  000032f4    00000004                                   : printf.c.obj (.text:_outs)
                  000032f8    00000004                                   : pre_init.c.obj (.text:_system_pre_init)
                  000032fc    00000004                                   : exit.c.obj (.text:abort:abort)

.const     0    00003300    00000101     
                  00003300    00000101     rtsv7M4_T_le_v4SPD16_eabi.lib : ctype.c.obj (.const:.string:_ctypes_)

.cinit     0    00003408    000000a0     
                  00003408    00000079     (.cinit..data.load) [load image, compression = lzss]
                  00003481    00000003     --HOLE-- [fill = 0]
                  00003484    0000000c     (__TI_handler_table)
                  00003490    00000008     (.cinit..bss.load) [load image, compression = zero_init]
                  00003498    00000010     (__TI_cinit_table)

.init_array 
*          0    00000000    00000000     UNINITIALIZED

.binit     0    00000000    00000000     

.sysmem    0    20000000    00000400     UNINITIALIZED
                  20000000    00000008     rtsv7M4_T_le_v4SPD16_eabi.lib : memory.c.obj (.sysmem)
                  20000008    000003f8     --HOLE--

.data      0    20000400    00000200     UNINITIALIZED
                  20000400    000000f0     rtsv7M4_T_le_v4SPD16_eabi.lib : defs.c.obj (.data:_ftable)
                  200004f0    00000078                                   : write.c.obj (.data:_device)
                  20000568    00000050                                   : write.c.obj (.data:_stream)
                  200005b8    00000010     main.obj (.data)
                  200005c8    00000010     rtsv7M4_T_le_v4SPD16_eabi.lib : defs.c.obj (.data)
                  200005d8    0000000c                                   : exit.c.obj (.data:$O1$$)
                  200005e4    0000000c                                   : memory.c.obj (.data:$O1$$)
                  200005f0    00000008                                   : _lock.c.obj (.data:$O1$$)
                  200005f8    00000004                                   : errno.c.obj (.data)
                  200005fc    00000004     system_msp432p401r.obj (.data)

.bss       0    20000600    000001cb     UNINITIALIZED
                  20000600    00000120     rtsv7M4_T_le_v4SPD16_eabi.lib : trgmsg.c.obj (.bss:_CIOBUF_)
                  20000720    000000a0     (.common:__TI_tmpnams)
                  200007c0    00000008     (.common:parmbuf)
                  200007c8    00000001     (.common:hours)
                  200007c9    00000001     (.common:mins)
                  200007ca    00000001     (.common:secs)

.stack     0    2000fe00    00000200     UNINITIALIZED
                  2000fe00    00000004     rtsv7M4_T_le_v4SPD16_eabi.lib : boot_cortex_m.c.obj (.stack)
                  2000fe04    000001fc     --HOLE--

MODULE SUMMARY

       Module                        code    ro data   rw data
       ------                        ----    -------   -------
    .\
       main.obj                      1344    0         38     
       system_msp432p401r.obj        820     0         8      
       startup_msp432p401r_ccs.obj   14      228       0      
    +--+-----------------------------+-------+---------+---------+
       Total:                        2178    228       46     
                                                              
    C:\ti\ccsv8\tools\compiler\ti-cgt-arm_18.1.3.LTS\lib\rtsv7M4_T_le_v4SPD16_eabi.lib
       _printfi.c.obj                4863    0         0      
       defs.c.obj                    0       0         832    
       trgmsg.c.obj                  108     0         576    
       memory.c.obj                  492     0         24     
       write.c.obj                   40      0         400    
       fd_add_t2.asm.obj             438     0         0      
       fd_div_t2.asm.obj             310     0         0      
       fputs.c.obj                   276     0         0      
       s_scalbn.c.obj                272     0         0      
       fd_cmp_t2.asm.obj             268     0         0      
       ctype.c.obj                   0       257       0      
       fd_mul_t2.asm.obj             252     0         0      
       setvbuf.c.obj                 220     0         0      
       memcpy_t2.asm.obj             156     0         0      
       ull_div_t2.asm.obj            150     0         0      
       fputc.c.obj                   140     0         0      
       memset_t2.asm.obj             122     0         0      
       fclose.c.obj                  116     0         0      
       getdevice.c.obj               116     0         0      
       hostopen.c.obj                96      0         16     
       printf.c.obj                  112     0         0      
       copy_decompress_lzss.c.obj    104     0         0      
       hostlseek.c.obj               104     0         0      
       hostrename.c.obj              104     0         0      
       exit.c.obj                    76      0         24     
       fseek.c.obj                   100     0         0      
       s_frexp.c.obj                 100     0         0      
       _io_perm.c.obj                98      0         0      
       sprintf.c.obj                 98      0         0      
       close.c.obj                   92      0         0      
       hostread.c.obj                88      0         0      
       hostwrite.c.obj               88      0         0      
       ltoa.c.obj                    84      0         0      
       atoi.c.obj                    76      0         0      
       fflush.c.obj                  76      0         0      
       fd_toi_t2.asm.obj             72      0         0      
       autoinit.c.obj                68      0         0      
       hostclose.c.obj               68      0         0      
       hostunlink.c.obj              68      0         0      
       boot_cortex_m.c.obj           56      0         0      
       strncpy.c.obj                 54      0         0      
       fopen.c.obj                   52      0         0      
       i_tofd_t2.asm.obj             46      0         0      
       unlink.c.obj                  44      0         0      
       lseek.c.obj                   40      0         0      
       memchr.c.obj                  32      0         0      
       memccpy.c.obj                 28      0         0      
       strcmp.c.obj                  24      0         0      
       strchr.c.obj                  22      0         0      
       s_copysign.c.obj              20      0         0      
       strcpy.c.obj                  20      0         0      
       strlen.c.obj                  20      0         0      
       _lock.c.obj                   2       0         16     
       copy_zero_init.c.obj          18      0         0      
       wcslen.c.obj                  18      0         0      
       errno.c.obj                   8       0         8      
       copy_decompress_none.c.obj    14      0         0      
       pre_init.c.obj                4       0         0      
       div0.asm.obj                  2       0         0      
    +--+-----------------------------+-------+---------+---------+
       Total:                        10635   257       1896   
                                                              
       Heap:                         0       0         2048   
       Stack:                        0       0         1024   
       Linker Generated:             0       157       0      
    +--+-----------------------------+-------+---------+---------+
       Grand Total:                  12813   642       5014   


LINKER GENERATED COPY TABLES

__TI_cinit_table @ 00003498 records: 2, size/record: 8, table size: 16
	.data: load addr=00003408, load size=00000079 bytes, run addr=20000400, run size=00000200 bytes, compression=lzss
	.bss: load addr=00003490, load size=00000008 bytes, run addr=20000600, run size=000001cb bytes, compression=zero_init


LINKER GENERATED HANDLER TABLE

__TI_handler_table @ 00003484 records: 3, size/record: 4, table size: 12
	index: 0, handler: __TI_decompress_lzss
	index: 1, handler: __TI_decompress_none
	index: 2, handler: __TI_zero_init


GLOBAL SYMBOLS: SORTED ALPHABETICALLY BY Name 

address   name                           
-------   ----                           
000032dd  ADC14_IRQHandler               
000032dd  AES256_IRQHandler              
000032dd  BusFault_Handler               
000032fd  C$$EXIT                        
00002fc3  C$$IO$$                        
000032dd  COMP_E0_IRQHandler             
000032dd  COMP_E1_IRQHandler             
000032dd  CS_IRQHandler                  
000032dd  DMA_ERR_IRQHandler             
000032dd  DMA_INT0_IRQHandler            
000032dd  DMA_INT1_IRQHandler            
000032dd  DMA_INT2_IRQHandler            
000032dd  DMA_INT3_IRQHandler            
000032dd  DebugMon_Handler               
000032dd  Default_Handler                
000032dd  EUSCIA0_IRQHandler             
000032dd  EUSCIA1_IRQHandler             
000032dd  EUSCIA2_IRQHandler             
000032dd  EUSCIA3_IRQHandler             
000032dd  EUSCIB0_IRQHandler             
000032dd  EUSCIB1_IRQHandler             
000032dd  EUSCIB2_IRQHandler             
000032dd  EUSCIB3_IRQHandler             
000032dd  FLCTL_IRQHandler               
000032dd  FPU_IRQHandler                 
00002dc9  HOSTclose                      
0000276d  HOSTlseek                      
00002a39  HOSTopen                       
00002af5  HOSTread                       
000027d5  HOSTrename                     
00002e0d  HOSTunlink                     
00002b4d  HOSTwrite                      
000032dd  HardFault_Handler              
00000e95  LCD_init                       
000032dd  MemManage_Handler              
000032dd  NMI_Handler                    
000032dd  PCM_IRQHandler                 
000032dd  PORT1_IRQHandler               
000032dd  PORT2_IRQHandler               
00001007  PORT3_IRQHandler               
00001007  PORT3_IRQHandler               
000032dd  PORT4_IRQHandler               
000032dd  PORT5_IRQHandler               
000032dd  PORT6_IRQHandler               
000032dd  PSS_IRQHandler                 
000032dd  PendSV_Handler                 
00000dff  PulseEnablePin                 
00000fb1  RTC_C_IRQHandler               
00000fb1  RTC_C_IRQHandler               
00000f21  RTC_Init                       
000032d1  Reset_Handler                  
000032dd  SVC_Handler                    
000032dd  SysTick_Handler                
200005fc  SystemCoreClock                
00001085  SystemCoreClockUpdate          
000012fd  SystemInit                     
000032dd  T32_INT1_IRQHandler            
000032dd  T32_INT2_IRQHandler            
000032dd  T32_INTC_IRQHandler            
000032dd  TA0_0_IRQHandler               
000032dd  TA0_N_IRQHandler               
000032dd  TA1_0_IRQHandler               
000032dd  TA1_N_IRQHandler               
000032dd  TA2_0_IRQHandler               
000032dd  TA2_N_IRQHandler               
000032dd  TA3_0_IRQHandler               
000032dd  TA3_N_IRQHandler               
000032dd  UsageFault_Handler             
4000480c  WDTCTL_SYM                     
000032dd  WDT_A_IRQHandler               
20000600  __CIOBUF_                      
20010000  __STACK_END                    
00000200  __STACK_SIZE                   
00000400  __SYSMEM_SIZE                  
00003498  __TI_CINIT_Base                
000034a8  __TI_CINIT_Limit               
00003484  __TI_Handler_Table_Base        
00003490  __TI_Handler_Table_Limit       
00002e51  __TI_auto_init_nobinit_nopinit 
00003075  __TI_cleanup                   
200005d8  __TI_cleanup_ptr               
00002689  __TI_closefile                 
0000283d  __TI_decompress_lzss           
000032c3  __TI_decompress_none           
00002ca1  __TI_doflush                   
200005dc  __TI_dtors_ptr                 
200005e0  __TI_enable_exit_profile_output
200005c8  __TI_ft_end                    
ffffffff  __TI_pprof_out_hndl            
000000e5  __TI_printfi                   
ffffffff  __TI_prof_data_size            
ffffffff  __TI_prof_data_start           
000030a9  __TI_readmsg                   
00000000  __TI_static_base__             
20000720  __TI_tmpnams                   
00002f95  __TI_writemsg                  
000029d5  __TI_wrt_ok                    
0000329f  __TI_zero_init_nomemset        
00002489  __aeabi_cdcmpeq                
00002489  __aeabi_cdcmple                
0000250f  __aeabi_cdrcmple               
00002d81  __aeabi_d2iz                   
00001803  __aeabi_dadd                   
00001aed  __aeabi_ddiv                   
00001f69  __aeabi_dmul                   
000017f9  __aeabi_dsub                   
000032e9  __aeabi_errno_addr             
0000310d  __aeabi_i2d                    
000019af  __aeabi_idiv0                  
000019af  __aeabi_ldiv0                  
00002595  __aeabi_memclr                 
00002595  __aeabi_memclr4                
00002595  __aeabi_memclr8                
000022cb  __aeabi_memcpy                 
000022cb  __aeabi_memcpy4                
000022cb  __aeabi_memcpy8                
00002597  __aeabi_memset                 
00002597  __aeabi_memset4                
00002597  __aeabi_memset8                
200005d4  __aeabi_stderr                 
200005cc  __aeabi_stdin                  
200005d0  __aeabi_stdout                 
00002367  __aeabi_uldivmod               
ffffffff  __binit__                      
ffffffff  __c_args__                     
UNDEFED   __mpu_init                     
2000fe00  __stack                        
00002fcd  _c_int00_noargs                
00003300  _ctypes_                       
200004f0  _device                        
20000400  _ftable                        
200005f0  _lock                          
00000b43  _nop                           
20000568  _stream                        
20000000  _sys_memory                    
UNDEFED   _system_post_cinit             
000032f9  _system_pre_init               
200005f4  _unlock                        
000032fd  abort                          
200005c0  alarm_update                   
00002ced  atoi                           
ffffffff  binit                          
00002a99  close                          
00000d69  commandWrite                   
00003263  copysign                       
00003263  copysignl                      
00000d83  dataWrite                      
00000e5d  delay_micro                    
00000e37  delay_ms                       
200005f8  errno                          
00002d39  exit                           
000030dd  finddevice                     
000023fd  fputc                          
00001d45  fputs                          
00002141  free                           
0000290d  frexp                          
0000290d  frexpl                         
00002971  fseek                          
00002e95  getdevice                      
200007c8  hours                          
200005c4  i                              
00000c09  initialization                 
00000000  interruptVectors               
00001e59  ldexp                          
00001e59  ldexpl                         
00003169  lseek                          
00002bfb  ltoa                           
00000b71  main                           
00002611  malloc                         
00003201  memccpy                        
000031e1  memchr                         
000022cb  memcpy                         
0000259d  memset                         
00003005  minit                          
200007c9  mins                           
200007c0  parmbuf                        
000028a5  printf                         
00000d9d  pushByte                       
00000dd7  pushNibble                     
000023fd  putc                           
0000313d  remove                         
00001e59  scalbn                         
00001e59  scalbnl                        
200007ca  secs                           
00002065  setvbuf                        
00002ed9  sprintf                        
200005b8  state                          
0000324d  strchr                         
00003235  strcmp                         
00003277  strcpy                         
0000328b  strlen                         
0000303d  strncpy                        
200005bc  time_update                    
0000313d  unlink                         
000032b1  wcslen                         
000031b9  write                          


GLOBAL SYMBOLS: SORTED BY Symbol Address 

address   name                           
-------   ----                           
00000000  __TI_static_base__             
00000000  interruptVectors               
000000e5  __TI_printfi                   
00000200  __STACK_SIZE                   
00000400  __SYSMEM_SIZE                  
00000b43  _nop                           
00000b71  main                           
00000c09  initialization                 
00000d69  commandWrite                   
00000d83  dataWrite                      
00000d9d  pushByte                       
00000dd7  pushNibble                     
00000dff  PulseEnablePin                 
00000e37  delay_ms                       
00000e5d  delay_micro                    
00000e95  LCD_init                       
00000f21  RTC_Init                       
00000fb1  RTC_C_IRQHandler               
00000fb1  RTC_C_IRQHandler               
00001007  PORT3_IRQHandler               
00001007  PORT3_IRQHandler               
00001085  SystemCoreClockUpdate          
000012fd  SystemInit                     
000017f9  __aeabi_dsub                   
00001803  __aeabi_dadd                   
000019af  __aeabi_idiv0                  
000019af  __aeabi_ldiv0                  
00001aed  __aeabi_ddiv                   
00001d45  fputs                          
00001e59  ldexp                          
00001e59  ldexpl                         
00001e59  scalbn                         
00001e59  scalbnl                        
00001f69  __aeabi_dmul                   
00002065  setvbuf                        
00002141  free                           
000022cb  __aeabi_memcpy                 
000022cb  __aeabi_memcpy4                
000022cb  __aeabi_memcpy8                
000022cb  memcpy                         
00002367  __aeabi_uldivmod               
000023fd  fputc                          
000023fd  putc                           
00002489  __aeabi_cdcmpeq                
00002489  __aeabi_cdcmple                
0000250f  __aeabi_cdrcmple               
00002595  __aeabi_memclr                 
00002595  __aeabi_memclr4                
00002595  __aeabi_memclr8                
00002597  __aeabi_memset                 
00002597  __aeabi_memset4                
00002597  __aeabi_memset8                
0000259d  memset                         
00002611  malloc                         
00002689  __TI_closefile                 
0000276d  HOSTlseek                      
000027d5  HOSTrename                     
0000283d  __TI_decompress_lzss           
000028a5  printf                         
0000290d  frexp                          
0000290d  frexpl                         
00002971  fseek                          
000029d5  __TI_wrt_ok                    
00002a39  HOSTopen                       
00002a99  close                          
00002af5  HOSTread                       
00002b4d  HOSTwrite                      
00002bfb  ltoa                           
00002ca1  __TI_doflush                   
00002ced  atoi                           
00002d39  exit                           
00002d81  __aeabi_d2iz                   
00002dc9  HOSTclose                      
00002e0d  HOSTunlink                     
00002e51  __TI_auto_init_nobinit_nopinit 
00002e95  getdevice                      
00002ed9  sprintf                        
00002f95  __TI_writemsg                  
00002fc3  C$$IO$$                        
00002fcd  _c_int00_noargs                
00003005  minit                          
0000303d  strncpy                        
00003075  __TI_cleanup                   
000030a9  __TI_readmsg                   
000030dd  finddevice                     
0000310d  __aeabi_i2d                    
0000313d  remove                         
0000313d  unlink                         
00003169  lseek                          
000031b9  write                          
000031e1  memchr                         
00003201  memccpy                        
00003235  strcmp                         
0000324d  strchr                         
00003263  copysign                       
00003263  copysignl                      
00003277  strcpy                         
0000328b  strlen                         
0000329f  __TI_zero_init_nomemset        
000032b1  wcslen                         
000032c3  __TI_decompress_none           
000032d1  Reset_Handler                  
000032dd  ADC14_IRQHandler               
000032dd  AES256_IRQHandler              
000032dd  BusFault_Handler               
000032dd  COMP_E0_IRQHandler             
000032dd  COMP_E1_IRQHandler             
000032dd  CS_IRQHandler                  
000032dd  DMA_ERR_IRQHandler             
000032dd  DMA_INT0_IRQHandler            
000032dd  DMA_INT1_IRQHandler            
000032dd  DMA_INT2_IRQHandler            
000032dd  DMA_INT3_IRQHandler            
000032dd  DebugMon_Handler               
000032dd  Default_Handler                
000032dd  EUSCIA0_IRQHandler             
000032dd  EUSCIA1_IRQHandler             
000032dd  EUSCIA2_IRQHandler             
000032dd  EUSCIA3_IRQHandler             
000032dd  EUSCIB0_IRQHandler             
000032dd  EUSCIB1_IRQHandler             
000032dd  EUSCIB2_IRQHandler             
000032dd  EUSCIB3_IRQHandler             
000032dd  FLCTL_IRQHandler               
000032dd  FPU_IRQHandler                 
000032dd  HardFault_Handler              
000032dd  MemManage_Handler              
000032dd  NMI_Handler                    
000032dd  PCM_IRQHandler                 
000032dd  PORT1_IRQHandler               
000032dd  PORT2_IRQHandler               
000032dd  PORT4_IRQHandler               
000032dd  PORT5_IRQHandler               
000032dd  PORT6_IRQHandler               
000032dd  PSS_IRQHandler                 
000032dd  PendSV_Handler                 
000032dd  SVC_Handler                    
000032dd  SysTick_Handler                
000032dd  T32_INT1_IRQHandler            
000032dd  T32_INT2_IRQHandler            
000032dd  T32_INTC_IRQHandler            
000032dd  TA0_0_IRQHandler               
000032dd  TA0_N_IRQHandler               
000032dd  TA1_0_IRQHandler               
000032dd  TA1_N_IRQHandler               
000032dd  TA2_0_IRQHandler               
000032dd  TA2_N_IRQHandler               
000032dd  TA3_0_IRQHandler               
000032dd  TA3_N_IRQHandler               
000032dd  UsageFault_Handler             
000032dd  WDT_A_IRQHandler               
000032e9  __aeabi_errno_addr             
000032f9  _system_pre_init               
000032fd  C$$EXIT                        
000032fd  abort                          
00003300  _ctypes_                       
00003484  __TI_Handler_Table_Base        
00003490  __TI_Handler_Table_Limit       
00003498  __TI_CINIT_Base                
000034a8  __TI_CINIT_Limit               
20000000  _sys_memory                    
20000400  _ftable                        
200004f0  _device                        
20000568  _stream                        
200005b8  state                          
200005bc  time_update                    
200005c0  alarm_update                   
200005c4  i                              
200005c8  __TI_ft_end                    
200005cc  __aeabi_stdin                  
200005d0  __aeabi_stdout                 
200005d4  __aeabi_stderr                 
200005d8  __TI_cleanup_ptr               
200005dc  __TI_dtors_ptr                 
200005e0  __TI_enable_exit_profile_output
200005f0  _lock                          
200005f4  _unlock                        
200005f8  errno                          
200005fc  SystemCoreClock                
20000600  __CIOBUF_                      
20000720  __TI_tmpnams                   
200007c0  parmbuf                        
200007c8  hours                          
200007c9  mins                           
200007ca  secs                           
2000fe00  __stack                        
20010000  __STACK_END                    
4000480c  WDTCTL_SYM                     
ffffffff  __TI_pprof_out_hndl            
ffffffff  __TI_prof_data_size            
ffffffff  __TI_prof_data_start           
ffffffff  __binit__                      
ffffffff  __c_args__                     
ffffffff  binit                          
UNDEFED   __mpu_init                     
UNDEFED   _system_post_cinit             

[196 symbols]
