<?xml version="1.0" encoding="ISO-8859-1" ?>
<link_info>
   <banner>TI ARM Linker PC v18.1.3.LTS</banner>
   <copyright>Copyright (c) 1996-2017 Texas Instruments Incorporated</copyright>
   <link_time>0x5bfeadee</link_time>
   <link_errors>0x0</link_errors>
   <output_file>EGR226-902_Speet_Tuuk_FinalProject.out</output_file>
   <entry_point>
      <name>_c_int00_noargs</name>
      <address>0x305d</address>
   </entry_point>
   <input_file_list>
      <input_file id="fl-2">
         <path>.\</path>
         <kind>object</kind>
         <file>main.obj</file>
         <name>main.obj</name>
      </input_file>
      <input_file id="fl-3">
         <path>.\</path>
         <kind>object</kind>
         <file>startup_msp432p401r_ccs.obj</file>
         <name>startup_msp432p401r_ccs.obj</name>
      </input_file>
      <input_file id="fl-4">
         <path>.\</path>
         <kind>object</kind>
         <file>system_msp432p401r.obj</file>
         <name>system_msp432p401r.obj</name>
      </input_file>
      <input_file id="fl-8">
         <kind>object</kind>
         <file>&lt;internal&gt;</file>
         <name>&lt;internal&gt;</name>
      </input_file>
      <input_file id="fl-be">
         <path>C:\ti\ccsv8\tools\compiler\ti-cgt-arm_18.1.3.LTS\lib\</path>
         <kind>archive</kind>
         <file>rtsv7M4_T_le_v4SPD16_eabi.lib</file>
         <name>copy_zero_init.c.obj</name>
      </input_file>
      <input_file id="fl-bf">
         <path>C:\ti\ccsv8\tools\compiler\ti-cgt-arm_18.1.3.LTS\lib\</path>
         <kind>archive</kind>
         <file>rtsv7M4_T_le_v4SPD16_eabi.lib</file>
         <name>copy_decompress_none.c.obj</name>
      </input_file>
      <input_file id="fl-c0">
         <path>C:\ti\ccsv8\tools\compiler\ti-cgt-arm_18.1.3.LTS\lib\</path>
         <kind>archive</kind>
         <file>rtsv7M4_T_le_v4SPD16_eabi.lib</file>
         <name>copy_decompress_lzss.c.obj</name>
      </input_file>
      <input_file id="fl-c1">
         <path>C:\ti\ccsv8\tools\compiler\ti-cgt-arm_18.1.3.LTS\lib\</path>
         <kind>archive</kind>
         <file>rtsv7M4_T_le_v4SPD16_eabi.lib</file>
         <name>printf.c.obj</name>
      </input_file>
      <input_file id="fl-c2">
         <path>C:\ti\ccsv8\tools\compiler\ti-cgt-arm_18.1.3.LTS\lib\</path>
         <kind>archive</kind>
         <file>rtsv7M4_T_le_v4SPD16_eabi.lib</file>
         <name>sprintf.c.obj</name>
      </input_file>
      <input_file id="fl-c3">
         <path>C:\ti\ccsv8\tools\compiler\ti-cgt-arm_18.1.3.LTS\lib\</path>
         <kind>archive</kind>
         <file>rtsv7M4_T_le_v4SPD16_eabi.lib</file>
         <name>boot_cortex_m.c.obj</name>
      </input_file>
      <input_file id="fl-c4">
         <path>C:\ti\ccsv8\tools\compiler\ti-cgt-arm_18.1.3.LTS\lib\</path>
         <kind>archive</kind>
         <file>rtsv7M4_T_le_v4SPD16_eabi.lib</file>
         <name>memset_t2.asm.obj</name>
      </input_file>
      <input_file id="fl-c5">
         <path>C:\ti\ccsv8\tools\compiler\ti-cgt-arm_18.1.3.LTS\lib\</path>
         <kind>archive</kind>
         <file>rtsv7M4_T_le_v4SPD16_eabi.lib</file>
         <name>memcpy_t2.asm.obj</name>
      </input_file>
      <input_file id="fl-c6">
         <path>C:\ti\ccsv8\tools\compiler\ti-cgt-arm_18.1.3.LTS\lib\</path>
         <kind>archive</kind>
         <file>rtsv7M4_T_le_v4SPD16_eabi.lib</file>
         <name>autoinit.c.obj</name>
      </input_file>
      <input_file id="fl-c7">
         <path>C:\ti\ccsv8\tools\compiler\ti-cgt-arm_18.1.3.LTS\lib\</path>
         <kind>archive</kind>
         <file>rtsv7M4_T_le_v4SPD16_eabi.lib</file>
         <name>pre_init.c.obj</name>
      </input_file>
      <input_file id="fl-c8">
         <path>C:\ti\ccsv8\tools\compiler\ti-cgt-arm_18.1.3.LTS\lib\</path>
         <kind>archive</kind>
         <file>rtsv7M4_T_le_v4SPD16_eabi.lib</file>
         <name>cpy_tbl.c.obj</name>
      </input_file>
      <input_file id="fl-c9">
         <path>C:\ti\ccsv8\tools\compiler\ti-cgt-arm_18.1.3.LTS\lib\</path>
         <kind>archive</kind>
         <file>rtsv7M4_T_le_v4SPD16_eabi.lib</file>
         <name>exit.c.obj</name>
      </input_file>
      <input_file id="fl-ca">
         <path>C:\ti\ccsv8\tools\compiler\ti-cgt-arm_18.1.3.LTS\lib\</path>
         <kind>archive</kind>
         <file>rtsv7M4_T_le_v4SPD16_eabi.lib</file>
         <name>_lock.c.obj</name>
      </input_file>
      <input_file id="fl-cb">
         <path>C:\ti\ccsv8\tools\compiler\ti-cgt-arm_18.1.3.LTS\lib\</path>
         <kind>archive</kind>
         <file>rtsv7M4_T_le_v4SPD16_eabi.lib</file>
         <name>_printfi.c.obj</name>
      </input_file>
      <input_file id="fl-cc">
         <path>C:\ti\ccsv8\tools\compiler\ti-cgt-arm_18.1.3.LTS\lib\</path>
         <kind>archive</kind>
         <file>rtsv7M4_T_le_v4SPD16_eabi.lib</file>
         <name>args_main.c.obj</name>
      </input_file>
      <input_file id="fl-cd">
         <path>C:\ti\ccsv8\tools\compiler\ti-cgt-arm_18.1.3.LTS\lib\</path>
         <kind>archive</kind>
         <file>rtsv7M4_T_le_v4SPD16_eabi.lib</file>
         <name>atoi.c.obj</name>
      </input_file>
      <input_file id="fl-ce">
         <path>C:\ti\ccsv8\tools\compiler\ti-cgt-arm_18.1.3.LTS\lib\</path>
         <kind>archive</kind>
         <file>rtsv7M4_T_le_v4SPD16_eabi.lib</file>
         <name>ctype.c.obj</name>
      </input_file>
      <input_file id="fl-cf">
         <path>C:\ti\ccsv8\tools\compiler\ti-cgt-arm_18.1.3.LTS\lib\</path>
         <kind>archive</kind>
         <file>rtsv7M4_T_le_v4SPD16_eabi.lib</file>
         <name>defs.c.obj</name>
      </input_file>
      <input_file id="fl-d0">
         <path>C:\ti\ccsv8\tools\compiler\ti-cgt-arm_18.1.3.LTS\lib\</path>
         <kind>archive</kind>
         <file>rtsv7M4_T_le_v4SPD16_eabi.lib</file>
         <name>fputc.c.obj</name>
      </input_file>
      <input_file id="fl-d1">
         <path>C:\ti\ccsv8\tools\compiler\ti-cgt-arm_18.1.3.LTS\lib\</path>
         <kind>archive</kind>
         <file>rtsv7M4_T_le_v4SPD16_eabi.lib</file>
         <name>fputs.c.obj</name>
      </input_file>
      <input_file id="fl-d2">
         <path>C:\ti\ccsv8\tools\compiler\ti-cgt-arm_18.1.3.LTS\lib\</path>
         <kind>archive</kind>
         <file>rtsv7M4_T_le_v4SPD16_eabi.lib</file>
         <name>ltoa.c.obj</name>
      </input_file>
      <input_file id="fl-d3">
         <path>C:\ti\ccsv8\tools\compiler\ti-cgt-arm_18.1.3.LTS\lib\</path>
         <kind>archive</kind>
         <file>rtsv7M4_T_le_v4SPD16_eabi.lib</file>
         <name>memccpy.c.obj</name>
      </input_file>
      <input_file id="fl-d4">
         <path>C:\ti\ccsv8\tools\compiler\ti-cgt-arm_18.1.3.LTS\lib\</path>
         <kind>archive</kind>
         <file>rtsv7M4_T_le_v4SPD16_eabi.lib</file>
         <name>memchr.c.obj</name>
      </input_file>
      <input_file id="fl-d5">
         <path>C:\ti\ccsv8\tools\compiler\ti-cgt-arm_18.1.3.LTS\lib\</path>
         <kind>archive</kind>
         <file>rtsv7M4_T_le_v4SPD16_eabi.lib</file>
         <name>strchr.c.obj</name>
      </input_file>
      <input_file id="fl-d6">
         <path>C:\ti\ccsv8\tools\compiler\ti-cgt-arm_18.1.3.LTS\lib\</path>
         <kind>archive</kind>
         <file>rtsv7M4_T_le_v4SPD16_eabi.lib</file>
         <name>strlen.c.obj</name>
      </input_file>
      <input_file id="fl-d7">
         <path>C:\ti\ccsv8\tools\compiler\ti-cgt-arm_18.1.3.LTS\lib\</path>
         <kind>archive</kind>
         <file>rtsv7M4_T_le_v4SPD16_eabi.lib</file>
         <name>write.c.obj</name>
      </input_file>
      <input_file id="fl-d8">
         <path>C:\ti\ccsv8\tools\compiler\ti-cgt-arm_18.1.3.LTS\lib\</path>
         <kind>archive</kind>
         <file>rtsv7M4_T_le_v4SPD16_eabi.lib</file>
         <name>errno.c.obj</name>
      </input_file>
      <input_file id="fl-d9">
         <path>C:\ti\ccsv8\tools\compiler\ti-cgt-arm_18.1.3.LTS\lib\</path>
         <kind>archive</kind>
         <file>rtsv7M4_T_le_v4SPD16_eabi.lib</file>
         <name>s_frexp.c.obj</name>
      </input_file>
      <input_file id="fl-da">
         <path>C:\ti\ccsv8\tools\compiler\ti-cgt-arm_18.1.3.LTS\lib\</path>
         <kind>archive</kind>
         <file>rtsv7M4_T_le_v4SPD16_eabi.lib</file>
         <name>s_scalbn.c.obj</name>
      </input_file>
      <input_file id="fl-db">
         <path>C:\ti\ccsv8\tools\compiler\ti-cgt-arm_18.1.3.LTS\lib\</path>
         <kind>archive</kind>
         <file>rtsv7M4_T_le_v4SPD16_eabi.lib</file>
         <name>wcslen.c.obj</name>
      </input_file>
      <input_file id="fl-dc">
         <path>C:\ti\ccsv8\tools\compiler\ti-cgt-arm_18.1.3.LTS\lib\</path>
         <kind>archive</kind>
         <file>rtsv7M4_T_le_v4SPD16_eabi.lib</file>
         <name>s_copysign.c.obj</name>
      </input_file>
      <input_file id="fl-dd">
         <path>C:\ti\ccsv8\tools\compiler\ti-cgt-arm_18.1.3.LTS\lib\</path>
         <kind>archive</kind>
         <file>rtsv7M4_T_le_v4SPD16_eabi.lib</file>
         <name>ull_div_t2.asm.obj</name>
      </input_file>
      <input_file id="fl-de">
         <path>C:\ti\ccsv8\tools\compiler\ti-cgt-arm_18.1.3.LTS\lib\</path>
         <kind>archive</kind>
         <file>rtsv7M4_T_le_v4SPD16_eabi.lib</file>
         <name>fd_add_t2.asm.obj</name>
      </input_file>
      <input_file id="fl-df">
         <path>C:\ti\ccsv8\tools\compiler\ti-cgt-arm_18.1.3.LTS\lib\</path>
         <kind>archive</kind>
         <file>rtsv7M4_T_le_v4SPD16_eabi.lib</file>
         <name>fd_cmp_t2.asm.obj</name>
      </input_file>
      <input_file id="fl-e0">
         <path>C:\ti\ccsv8\tools\compiler\ti-cgt-arm_18.1.3.LTS\lib\</path>
         <kind>archive</kind>
         <file>rtsv7M4_T_le_v4SPD16_eabi.lib</file>
         <name>fd_div_t2.asm.obj</name>
      </input_file>
      <input_file id="fl-e1">
         <path>C:\ti\ccsv8\tools\compiler\ti-cgt-arm_18.1.3.LTS\lib\</path>
         <kind>archive</kind>
         <file>rtsv7M4_T_le_v4SPD16_eabi.lib</file>
         <name>fd_mul_t2.asm.obj</name>
      </input_file>
      <input_file id="fl-e2">
         <path>C:\ti\ccsv8\tools\compiler\ti-cgt-arm_18.1.3.LTS\lib\</path>
         <kind>archive</kind>
         <file>rtsv7M4_T_le_v4SPD16_eabi.lib</file>
         <name>fd_toi_t2.asm.obj</name>
      </input_file>
      <input_file id="fl-e3">
         <path>C:\ti\ccsv8\tools\compiler\ti-cgt-arm_18.1.3.LTS\lib\</path>
         <kind>archive</kind>
         <file>rtsv7M4_T_le_v4SPD16_eabi.lib</file>
         <name>i_tofd_t2.asm.obj</name>
      </input_file>
      <input_file id="fl-e4">
         <path>C:\ti\ccsv8\tools\compiler\ti-cgt-arm_18.1.3.LTS\lib\</path>
         <kind>archive</kind>
         <file>rtsv7M4_T_le_v4SPD16_eabi.lib</file>
         <name>_io_perm.c.obj</name>
      </input_file>
      <input_file id="fl-e5">
         <path>C:\ti\ccsv8\tools\compiler\ti-cgt-arm_18.1.3.LTS\lib\</path>
         <kind>archive</kind>
         <file>rtsv7M4_T_le_v4SPD16_eabi.lib</file>
         <name>fflush.c.obj</name>
      </input_file>
      <input_file id="fl-e6">
         <path>C:\ti\ccsv8\tools\compiler\ti-cgt-arm_18.1.3.LTS\lib\</path>
         <kind>archive</kind>
         <file>rtsv7M4_T_le_v4SPD16_eabi.lib</file>
         <name>fseek.c.obj</name>
      </input_file>
      <input_file id="fl-e7">
         <path>C:\ti\ccsv8\tools\compiler\ti-cgt-arm_18.1.3.LTS\lib\</path>
         <kind>archive</kind>
         <file>rtsv7M4_T_le_v4SPD16_eabi.lib</file>
         <name>lseek.c.obj</name>
      </input_file>
      <input_file id="fl-e8">
         <path>C:\ti\ccsv8\tools\compiler\ti-cgt-arm_18.1.3.LTS\lib\</path>
         <kind>archive</kind>
         <file>rtsv7M4_T_le_v4SPD16_eabi.lib</file>
         <name>setvbuf.c.obj</name>
      </input_file>
      <input_file id="fl-e9">
         <path>C:\ti\ccsv8\tools\compiler\ti-cgt-arm_18.1.3.LTS\lib\</path>
         <kind>archive</kind>
         <file>rtsv7M4_T_le_v4SPD16_eabi.lib</file>
         <name>hostclose.c.obj</name>
      </input_file>
      <input_file id="fl-ea">
         <path>C:\ti\ccsv8\tools\compiler\ti-cgt-arm_18.1.3.LTS\lib\</path>
         <kind>archive</kind>
         <file>rtsv7M4_T_le_v4SPD16_eabi.lib</file>
         <name>hostlseek.c.obj</name>
      </input_file>
      <input_file id="fl-eb">
         <path>C:\ti\ccsv8\tools\compiler\ti-cgt-arm_18.1.3.LTS\lib\</path>
         <kind>archive</kind>
         <file>rtsv7M4_T_le_v4SPD16_eabi.lib</file>
         <name>hostopen.c.obj</name>
      </input_file>
      <input_file id="fl-ec">
         <path>C:\ti\ccsv8\tools\compiler\ti-cgt-arm_18.1.3.LTS\lib\</path>
         <kind>archive</kind>
         <file>rtsv7M4_T_le_v4SPD16_eabi.lib</file>
         <name>hostread.c.obj</name>
      </input_file>
      <input_file id="fl-ed">
         <path>C:\ti\ccsv8\tools\compiler\ti-cgt-arm_18.1.3.LTS\lib\</path>
         <kind>archive</kind>
         <file>rtsv7M4_T_le_v4SPD16_eabi.lib</file>
         <name>hostrename.c.obj</name>
      </input_file>
      <input_file id="fl-ee">
         <path>C:\ti\ccsv8\tools\compiler\ti-cgt-arm_18.1.3.LTS\lib\</path>
         <kind>archive</kind>
         <file>rtsv7M4_T_le_v4SPD16_eabi.lib</file>
         <name>hostunlink.c.obj</name>
      </input_file>
      <input_file id="fl-ef">
         <path>C:\ti\ccsv8\tools\compiler\ti-cgt-arm_18.1.3.LTS\lib\</path>
         <kind>archive</kind>
         <file>rtsv7M4_T_le_v4SPD16_eabi.lib</file>
         <name>hostwrite.c.obj</name>
      </input_file>
      <input_file id="fl-f0">
         <path>C:\ti\ccsv8\tools\compiler\ti-cgt-arm_18.1.3.LTS\lib\</path>
         <kind>archive</kind>
         <file>rtsv7M4_T_le_v4SPD16_eabi.lib</file>
         <name>trgmsg.c.obj</name>
      </input_file>
      <input_file id="fl-f1">
         <path>C:\ti\ccsv8\tools\compiler\ti-cgt-arm_18.1.3.LTS\lib\</path>
         <kind>archive</kind>
         <file>rtsv7M4_T_le_v4SPD16_eabi.lib</file>
         <name>div0.asm.obj</name>
      </input_file>
      <input_file id="fl-f2">
         <path>C:\ti\ccsv8\tools\compiler\ti-cgt-arm_18.1.3.LTS\lib\</path>
         <kind>archive</kind>
         <file>rtsv7M4_T_le_v4SPD16_eabi.lib</file>
         <name>memory.c.obj</name>
      </input_file>
      <input_file id="fl-f3">
         <path>C:\ti\ccsv8\tools\compiler\ti-cgt-arm_18.1.3.LTS\lib\</path>
         <kind>archive</kind>
         <file>rtsv7M4_T_le_v4SPD16_eabi.lib</file>
         <name>fopen.c.obj</name>
      </input_file>
      <input_file id="fl-f4">
         <path>C:\ti\ccsv8\tools\compiler\ti-cgt-arm_18.1.3.LTS\lib\</path>
         <kind>archive</kind>
         <file>rtsv7M4_T_le_v4SPD16_eabi.lib</file>
         <name>open.c.obj</name>
      </input_file>
      <input_file id="fl-f5">
         <path>C:\ti\ccsv8\tools\compiler\ti-cgt-arm_18.1.3.LTS\lib\</path>
         <kind>archive</kind>
         <file>rtsv7M4_T_le_v4SPD16_eabi.lib</file>
         <name>strcpy.c.obj</name>
      </input_file>
      <input_file id="fl-f6">
         <path>C:\ti\ccsv8\tools\compiler\ti-cgt-arm_18.1.3.LTS\lib\</path>
         <kind>archive</kind>
         <file>rtsv7M4_T_le_v4SPD16_eabi.lib</file>
         <name>fclose.c.obj</name>
      </input_file>
      <input_file id="fl-f7">
         <path>C:\ti\ccsv8\tools\compiler\ti-cgt-arm_18.1.3.LTS\lib\</path>
         <kind>archive</kind>
         <file>rtsv7M4_T_le_v4SPD16_eabi.lib</file>
         <name>getdevice.c.obj</name>
      </input_file>
      <input_file id="fl-f8">
         <path>C:\ti\ccsv8\tools\compiler\ti-cgt-arm_18.1.3.LTS\lib\</path>
         <kind>archive</kind>
         <file>rtsv7M4_T_le_v4SPD16_eabi.lib</file>
         <name>remove.c.obj</name>
      </input_file>
      <input_file id="fl-f9">
         <path>C:\ti\ccsv8\tools\compiler\ti-cgt-arm_18.1.3.LTS\lib\</path>
         <kind>archive</kind>
         <file>rtsv7M4_T_le_v4SPD16_eabi.lib</file>
         <name>strcmp.c.obj</name>
      </input_file>
      <input_file id="fl-fa">
         <path>C:\ti\ccsv8\tools\compiler\ti-cgt-arm_18.1.3.LTS\lib\</path>
         <kind>archive</kind>
         <file>rtsv7M4_T_le_v4SPD16_eabi.lib</file>
         <name>strncpy.c.obj</name>
      </input_file>
      <input_file id="fl-fb">
         <path>C:\ti\ccsv8\tools\compiler\ti-cgt-arm_18.1.3.LTS\lib\</path>
         <kind>archive</kind>
         <file>rtsv7M4_T_le_v4SPD16_eabi.lib</file>
         <name>unlink.c.obj</name>
      </input_file>
      <input_file id="fl-fc">
         <path>C:\ti\ccsv8\tools\compiler\ti-cgt-arm_18.1.3.LTS\lib\</path>
         <kind>archive</kind>
         <file>rtsv7M4_T_le_v4SPD16_eabi.lib</file>
         <name>close.c.obj</name>
      </input_file>
   </input_file_list>
   <object_component_list>
      <object_component id="oc-23">
         <name>.intvecs:retain</name>
         <load_address>0x0</load_address>
         <run_address>0x0</run_address>
         <size>0xe4</size>
         <input_file_ref idref="fl-3"/>
      </object_component>
      <object_component id="oc-134">
         <name>.text:__TI_printfi</name>
         <load_address>0xe4</load_address>
         <run_address>0xe4</run_address>
         <size>0xa5e</size>
         <input_file_ref idref="fl-cb"/>
      </object_component>
      <object_component id="oc-1e4">
         <name>.text:_nop</name>
         <load_address>0xb42</load_address>
         <run_address>0xb42</run_address>
         <size>0x2</size>
         <input_file_ref idref="fl-ca"/>
      </object_component>
      <object_component id="oc-6d">
         <name>.text</name>
         <load_address>0xb44</load_address>
         <run_address>0xb44</run_address>
         <size>0x5d0</size>
         <input_file_ref idref="fl-2"/>
      </object_component>
      <object_component id="oc-a9">
         <name>.text</name>
         <load_address>0x1114</load_address>
         <run_address>0x1114</run_address>
         <size>0x334</size>
         <input_file_ref idref="fl-4"/>
      </object_component>
      <object_component id="oc-1bc">
         <name>.text:_pconv_a</name>
         <load_address>0x1448</load_address>
         <run_address>0x1448</run_address>
         <size>0x270</size>
         <input_file_ref idref="fl-cb"/>
      </object_component>
      <object_component id="oc-1aa">
         <name>.text:_pconv_g</name>
         <load_address>0x16b8</load_address>
         <run_address>0x16b8</run_address>
         <size>0x1d0</size>
         <input_file_ref idref="fl-cb"/>
      </object_component>
      <object_component id="oc-24b">
         <name>.text</name>
         <load_address>0x1888</load_address>
         <run_address>0x1888</run_address>
         <size>0x1b6</size>
         <input_file_ref idref="fl-de"/>
      </object_component>
      <object_component id="oc-2d1">
         <name>.text</name>
         <load_address>0x1a3e</load_address>
         <run_address>0x1a3e</run_address>
         <size>0x2</size>
         <input_file_ref idref="fl-f1"/>
      </object_component>
      <object_component id="oc-1b6">
         <name>.text:_pconv_e</name>
         <load_address>0x1a40</load_address>
         <run_address>0x1a40</run_address>
         <size>0x13c</size>
         <input_file_ref idref="fl-cb"/>
      </object_component>
      <object_component id="oc-231">
         <name>.text</name>
         <load_address>0x1b7c</load_address>
         <run_address>0x1b7c</run_address>
         <size>0x136</size>
         <input_file_ref idref="fl-e0"/>
      </object_component>
      <object_component id="oc-25d">
         <name>.text:fcvt</name>
         <load_address>0x1cb4</load_address>
         <run_address>0x1cb4</run_address>
         <size>0x120</size>
         <input_file_ref idref="fl-cb"/>
      </object_component>
      <object_component id="oc-1f2">
         <name>.text:fputs</name>
         <load_address>0x1dd4</load_address>
         <run_address>0x1dd4</run_address>
         <size>0x114</size>
         <input_file_ref idref="fl-d1"/>
      </object_component>
      <object_component id="oc-271">
         <name>.text:scalbn</name>
         <load_address>0x1ee8</load_address>
         <run_address>0x1ee8</run_address>
         <size>0x110</size>
         <input_file_ref idref="fl-da"/>
      </object_component>
      <object_component id="oc-22c">
         <name>.text</name>
         <load_address>0x1ff8</load_address>
         <run_address>0x1ff8</run_address>
         <size>0xfc</size>
         <input_file_ref idref="fl-e1"/>
      </object_component>
      <object_component id="oc-30c">
         <name>.text:setvbuf</name>
         <load_address>0x20f4</load_address>
         <run_address>0x20f4</run_address>
         <size>0xdc</size>
         <input_file_ref idref="fl-e8"/>
      </object_component>
      <object_component id="oc-33a">
         <name>.text:free</name>
         <load_address>0x21d0</load_address>
         <run_address>0x21d0</run_address>
         <size>0xd8</size>
         <input_file_ref idref="fl-f2"/>
      </object_component>
      <object_component id="oc-19f">
         <name>.text:_ltostr</name>
         <load_address>0x22a8</load_address>
         <run_address>0x22a8</run_address>
         <size>0xb1</size>
         <input_file_ref idref="fl-cb"/>
      </object_component>
      <object_component id="oc-37">
         <name>.text</name>
         <load_address>0x235a</load_address>
         <run_address>0x235a</run_address>
         <size>0x9c</size>
         <input_file_ref idref="fl-c5"/>
      </object_component>
      <object_component id="oc-225">
         <name>.text</name>
         <load_address>0x23f6</load_address>
         <run_address>0x23f6</run_address>
         <size>0x96</size>
         <input_file_ref idref="fl-dd"/>
      </object_component>
      <object_component id="oc-1f9">
         <name>.text:fputc</name>
         <load_address>0x248c</load_address>
         <run_address>0x248c</run_address>
         <size>0x8c</size>
         <input_file_ref idref="fl-d0"/>
      </object_component>
      <object_component id="oc-1a5">
         <name>.text:__aeabi_cdcmple</name>
         <load_address>0x2518</load_address>
         <run_address>0x2518</run_address>
         <size>0x86</size>
         <input_file_ref idref="fl-df"/>
      </object_component>
      <object_component id="oc-236">
         <name>.text:__aeabi_cdrcmple</name>
         <load_address>0x259e</load_address>
         <run_address>0x259e</run_address>
         <size>0x86</size>
         <input_file_ref idref="fl-df"/>
      </object_component>
      <object_component id="oc-91">
         <name>.text</name>
         <load_address>0x2624</load_address>
         <run_address>0x2624</run_address>
         <size>0x7a</size>
         <input_file_ref idref="fl-c4"/>
      </object_component>
      <object_component id="oc-340">
         <name>.text:malloc</name>
         <load_address>0x26a0</load_address>
         <run_address>0x26a0</run_address>
         <size>0x78</size>
         <input_file_ref idref="fl-f2"/>
      </object_component>
      <object_component id="oc-385">
         <name>.text:__TI_closefile</name>
         <load_address>0x2718</load_address>
         <run_address>0x2718</run_address>
         <size>0x74</size>
         <input_file_ref idref="fl-f6"/>
      </object_component>
      <object_component id="oc-256">
         <name>.text:_mcpy</name>
         <load_address>0x278c</load_address>
         <run_address>0x278c</run_address>
         <size>0x6e</size>
         <input_file_ref idref="fl-cb"/>
      </object_component>
      <object_component id="oc-3a9">
         <name>.text:HOSTlseek</name>
         <load_address>0x27fc</load_address>
         <run_address>0x27fc</run_address>
         <size>0x68</size>
         <input_file_ref idref="fl-ea"/>
      </object_component>
      <object_component id="oc-3b5">
         <name>.text:HOSTrename</name>
         <load_address>0x2864</load_address>
         <run_address>0x2864</run_address>
         <size>0x68</size>
         <input_file_ref idref="fl-ed"/>
      </object_component>
      <object_component id="oc-14">
         <name>.text:decompress:lzss:__TI_decompress_lzss</name>
         <load_address>0x28cc</load_address>
         <run_address>0x28cc</run_address>
         <size>0x68</size>
         <input_file_ref idref="fl-c0"/>
      </object_component>
      <object_component id="oc-b6">
         <name>.text:printf</name>
         <load_address>0x2934</load_address>
         <run_address>0x2934</run_address>
         <size>0x68</size>
         <input_file_ref idref="fl-c1"/>
      </object_component>
      <object_component id="oc-26b">
         <name>.text:frexp</name>
         <load_address>0x299c</load_address>
         <run_address>0x299c</run_address>
         <size>0x64</size>
         <input_file_ref idref="fl-d9"/>
      </object_component>
      <object_component id="oc-306">
         <name>.text:fseek</name>
         <load_address>0x2a00</load_address>
         <run_address>0x2a00</run_address>
         <size>0x64</size>
         <input_file_ref idref="fl-e6"/>
      </object_component>
      <object_component id="oc-2a2">
         <name>.text:__TI_wrt_ok</name>
         <load_address>0x2a64</load_address>
         <run_address>0x2a64</run_address>
         <size>0x62</size>
         <input_file_ref idref="fl-e4"/>
      </object_component>
      <object_component id="oc-391">
         <name>.text:HOSTopen</name>
         <load_address>0x2ac8</load_address>
         <run_address>0x2ac8</run_address>
         <size>0x60</size>
         <input_file_ref idref="fl-eb"/>
      </object_component>
      <object_component id="oc-3c4">
         <name>.text:close</name>
         <load_address>0x2b28</load_address>
         <run_address>0x2b28</run_address>
         <size>0x5c</size>
         <input_file_ref idref="fl-fc"/>
      </object_component>
      <object_component id="oc-39d">
         <name>.text:HOSTread</name>
         <load_address>0x2b84</load_address>
         <run_address>0x2b84</run_address>
         <size>0x58</size>
         <input_file_ref idref="fl-ec"/>
      </object_component>
      <object_component id="oc-3a3">
         <name>.text:HOSTwrite</name>
         <load_address>0x2bdc</load_address>
         <run_address>0x2bdc</run_address>
         <size>0x58</size>
         <input_file_ref idref="fl-ef"/>
      </object_component>
      <object_component id="oc-1b0">
         <name>.text:_pconv_f</name>
         <load_address>0x2c34</load_address>
         <run_address>0x2c34</run_address>
         <size>0x56</size>
         <input_file_ref idref="fl-cb"/>
      </object_component>
      <object_component id="oc-240">
         <name>.text:ltoa</name>
         <load_address>0x2c8a</load_address>
         <run_address>0x2c8a</run_address>
         <size>0x54</size>
         <input_file_ref idref="fl-d2"/>
      </object_component>
      <object_component id="oc-250">
         <name>.text:_ecpy</name>
         <load_address>0x2cde</load_address>
         <run_address>0x2cde</run_address>
         <size>0x52</size>
         <input_file_ref idref="fl-cb"/>
      </object_component>
      <object_component id="oc-2ae">
         <name>.text:__TI_doflush</name>
         <load_address>0x2d30</load_address>
         <run_address>0x2d30</run_address>
         <size>0x4c</size>
         <input_file_ref idref="fl-e5"/>
      </object_component>
      <object_component id="oc-199">
         <name>.text:atoi</name>
         <load_address>0x2d7c</load_address>
         <run_address>0x2d7c</run_address>
         <size>0x4c</size>
         <input_file_ref idref="fl-cd"/>
      </object_component>
      <object_component id="oc-f8">
         <name>.text:exit</name>
         <load_address>0x2dc8</load_address>
         <run_address>0x2dc8</run_address>
         <size>0x48</size>
         <input_file_ref idref="fl-c9"/>
      </object_component>
      <object_component id="oc-23b">
         <name>.text</name>
         <load_address>0x2e10</load_address>
         <run_address>0x2e10</run_address>
         <size>0x48</size>
         <input_file_ref idref="fl-e2"/>
      </object_component>
      <object_component id="oc-397">
         <name>.text:HOSTclose</name>
         <load_address>0x2e58</load_address>
         <run_address>0x2e58</run_address>
         <size>0x44</size>
         <input_file_ref idref="fl-e9"/>
      </object_component>
      <object_component id="oc-3af">
         <name>.text:HOSTunlink</name>
         <load_address>0x2e9c</load_address>
         <run_address>0x2e9c</run_address>
         <size>0x44</size>
         <input_file_ref idref="fl-ee"/>
      </object_component>
      <object_component id="oc-fe">
         <name>.text:__TI_auto_init_nobinit_nopinit:__TI_auto_init_nobinit_nopinit</name>
         <load_address>0x2ee0</load_address>
         <run_address>0x2ee0</run_address>
         <size>0x44</size>
         <input_file_ref idref="fl-c6"/>
      </object_component>
      <object_component id="oc-3f9">
         <name>.text:getdevice</name>
         <load_address>0x2f24</load_address>
         <run_address>0x2f24</run_address>
         <size>0x44</size>
         <input_file_ref idref="fl-f7"/>
      </object_component>
      <object_component id="oc-b0">
         <name>.text:sprintf</name>
         <load_address>0x2f68</load_address>
         <run_address>0x2f68</run_address>
         <size>0x40</size>
         <input_file_ref idref="fl-c2"/>
      </object_component>
      <object_component id="oc-263">
         <name>.text:_fcpy</name>
         <load_address>0x2fa8</load_address>
         <run_address>0x2fa8</run_address>
         <size>0x3e</size>
         <input_file_ref idref="fl-cb"/>
      </object_component>
      <object_component id="oc-37a">
         <name>.text:minsert</name>
         <load_address>0x2fe8</load_address>
         <run_address>0x2fe8</run_address>
         <size>0x3c</size>
         <input_file_ref idref="fl-f2"/>
      </object_component>
      <object_component id="oc-3d5">
         <name>.text:__TI_writemsg</name>
         <load_address>0x3024</load_address>
         <run_address>0x3024</run_address>
         <size>0x38</size>
         <input_file_ref idref="fl-f0"/>
      </object_component>
      <object_component id="oc-55">
         <name>.text:_c_int00_noargs:_c_int00_noargs</name>
         <load_address>0x305c</load_address>
         <run_address>0x305c</run_address>
         <size>0x38</size>
         <input_file_ref idref="fl-c3"/>
      </object_component>
      <object_component id="oc-36e">
         <name>.text:minit</name>
         <load_address>0x3094</load_address>
         <run_address>0x3094</run_address>
         <size>0x38</size>
         <input_file_ref idref="fl-f2"/>
      </object_component>
      <object_component id="oc-41b">
         <name>.text:strncpy</name>
         <load_address>0x30cc</load_address>
         <run_address>0x30cc</run_address>
         <size>0x36</size>
         <input_file_ref idref="fl-fa"/>
      </object_component>
      <object_component id="oc-346">
         <name>.text:__TI_cleanup</name>
         <load_address>0x3104</load_address>
         <run_address>0x3104</run_address>
         <size>0x34</size>
         <input_file_ref idref="fl-f3"/>
      </object_component>
      <object_component id="oc-3db">
         <name>.text:__TI_readmsg</name>
         <load_address>0x3138</load_address>
         <run_address>0x3138</run_address>
         <size>0x34</size>
         <input_file_ref idref="fl-f0"/>
      </object_component>
      <object_component id="oc-421">
         <name>.text:finddevice</name>
         <load_address>0x316c</load_address>
         <run_address>0x316c</run_address>
         <size>0x30</size>
         <input_file_ref idref="fl-f7"/>
      </object_component>
      <object_component id="oc-246">
         <name>.text</name>
         <load_address>0x319c</load_address>
         <run_address>0x319c</run_address>
         <size>0x2e</size>
         <input_file_ref idref="fl-e3"/>
      </object_component>
      <object_component id="oc-3ca">
         <name>.text:unlink</name>
         <load_address>0x31cc</load_address>
         <run_address>0x31cc</run_address>
         <size>0x2c</size>
         <input_file_ref idref="fl-fb"/>
      </object_component>
      <object_component id="oc-332">
         <name>.text:lseek</name>
         <load_address>0x31f8</load_address>
         <run_address>0x31f8</run_address>
         <size>0x28</size>
         <input_file_ref idref="fl-e7"/>
      </object_component>
      <object_component id="oc-374">
         <name>.text:mremove</name>
         <load_address>0x3220</load_address>
         <run_address>0x3220</run_address>
         <size>0x28</size>
         <input_file_ref idref="fl-f2"/>
      </object_component>
      <object_component id="oc-2b4">
         <name>.text:write</name>
         <load_address>0x3248</load_address>
         <run_address>0x3248</run_address>
         <size>0x28</size>
         <input_file_ref idref="fl-d7"/>
      </object_component>
      <object_component id="oc-2a8">
         <name>.text:memchr</name>
         <load_address>0x3270</load_address>
         <run_address>0x3270</run_address>
         <size>0x20</size>
         <input_file_ref idref="fl-d4"/>
      </object_component>
      <object_component id="oc-1c2">
         <name>.text:memccpy</name>
         <load_address>0x3290</load_address>
         <run_address>0x3290</run_address>
         <size>0x1c</size>
         <input_file_ref idref="fl-d3"/>
      </object_component>
      <object_component id="oc-13a">
         <name>.text:_outs</name>
         <load_address>0x32ac</load_address>
         <run_address>0x32ac</run_address>
         <size>0x18</size>
         <input_file_ref idref="fl-c2"/>
      </object_component>
      <object_component id="oc-438">
         <name>.text:strcmp</name>
         <load_address>0x32c4</load_address>
         <run_address>0x32c4</run_address>
         <size>0x18</size>
         <input_file_ref idref="fl-f9"/>
      </object_component>
      <object_component id="oc-277">
         <name>.text:strchr</name>
         <load_address>0x32dc</load_address>
         <run_address>0x32dc</run_address>
         <size>0x16</size>
         <input_file_ref idref="fl-d5"/>
      </object_component>
      <object_component id="oc-2ea">
         <name>.text:copysign</name>
         <load_address>0x32f2</load_address>
         <run_address>0x32f2</run_address>
         <size>0x14</size>
         <input_file_ref idref="fl-dc"/>
      </object_component>
      <object_component id="oc-3ef">
         <name>.text:strcpy</name>
         <load_address>0x3306</load_address>
         <run_address>0x3306</run_address>
         <size>0x14</size>
         <input_file_ref idref="fl-f5"/>
      </object_component>
      <object_component id="oc-193">
         <name>.text:strlen</name>
         <load_address>0x331a</load_address>
         <run_address>0x331a</run_address>
         <size>0x14</size>
         <input_file_ref idref="fl-d6"/>
      </object_component>
      <object_component id="oc-43">
         <name>.text:decompress:ZI:__TI_zero_init_nomemset:__TI_zero_init_nomemset</name>
         <load_address>0x332e</load_address>
         <run_address>0x332e</run_address>
         <size>0x12</size>
         <input_file_ref idref="fl-be"/>
      </object_component>
      <object_component id="oc-1c8">
         <name>.text:wcslen</name>
         <load_address>0x3340</load_address>
         <run_address>0x3340</run_address>
         <size>0x12</size>
         <input_file_ref idref="fl-db"/>
      </object_component>
      <object_component id="oc-1a">
         <name>.text:decompress:none:__TI_decompress_none</name>
         <load_address>0x3352</load_address>
         <run_address>0x3352</run_address>
         <size>0xe</size>
         <input_file_ref idref="fl-bf"/>
      </object_component>
      <object_component id="oc-67">
         <name>.text</name>
         <load_address>0x3360</load_address>
         <run_address>0x3360</run_address>
         <size>0xe</size>
         <input_file_ref idref="fl-3"/>
      </object_component>
      <object_component id="oc-140">
         <name>.text:_outc</name>
         <load_address>0x336e</load_address>
         <run_address>0x336e</run_address>
         <size>0xa</size>
         <input_file_ref idref="fl-c2"/>
      </object_component>
      <object_component id="oc-1ce">
         <name>.text:__aeabi_errno_addr</name>
         <load_address>0x3378</load_address>
         <run_address>0x3378</run_address>
         <size>0x8</size>
         <input_file_ref idref="fl-d8"/>
      </object_component>
      <object_component id="oc-159">
         <name>.text:_outc</name>
         <load_address>0x3380</load_address>
         <run_address>0x3380</run_address>
         <size>0x4</size>
         <input_file_ref idref="fl-c1"/>
      </object_component>
      <object_component id="oc-153">
         <name>.text:_outs</name>
         <load_address>0x3384</load_address>
         <run_address>0x3384</run_address>
         <size>0x4</size>
         <input_file_ref idref="fl-c1"/>
      </object_component>
      <object_component id="oc-97">
         <name>.text:_system_pre_init</name>
         <load_address>0x3388</load_address>
         <run_address>0x3388</run_address>
         <size>0x4</size>
         <input_file_ref idref="fl-c7"/>
      </object_component>
      <object_component id="oc-f2">
         <name>.text:abort:abort</name>
         <load_address>0x338c</load_address>
         <run_address>0x338c</run_address>
         <size>0x4</size>
         <input_file_ref idref="fl-c9"/>
      </object_component>
      <object_component id="oc-220">
         <name>.const:.string:_ctypes_</name>
         <load_address>0x3390</load_address>
         <run_address>0x3390</run_address>
         <size>0x101</size>
         <input_file_ref idref="fl-ce"/>
      </object_component>
      <object_component id="oc-476">
         <name>.cinit..data.load</name>
         <load_address>0x3498</load_address>
         <run_address>0x3498</run_address>
         <size>0x76</size>
      </object_component>
      <object_component id="oc-474">
         <name>__TI_handler_table</name>
         <load_address>0x3510</load_address>
         <run_address>0x3510</run_address>
         <size>0xc</size>
      </object_component>
      <object_component id="oc-477">
         <name>.cinit..bss.load</name>
         <load_address>0x3520</load_address>
         <run_address>0x3520</run_address>
         <size>0x8</size>
      </object_component>
      <object_component id="oc-475">
         <name>__TI_cinit_table</name>
         <load_address>0x3528</load_address>
         <run_address>0x3528</run_address>
         <size>0x10</size>
      </object_component>
      <object_component id="oc-449">
         <name>.binit</name>
         <load_address>0x0</load_address>
         <run_address>0x0</run_address>
         <size>0x0</size>
      </object_component>
      <object_component id="oc-bc">
         <name>.data</name>
         <load_address>0x200005b8</load_address>
         <run_address>0x200005b8</run_address>
         <size>0x14</size>
         <input_file_ref idref="fl-2"/>
      </object_component>
      <object_component id="oc-130">
         <name>.data</name>
         <load_address>0x20000600</load_address>
         <run_address>0x20000600</run_address>
         <size>0x4</size>
         <input_file_ref idref="fl-4"/>
      </object_component>
      <object_component id="oc-175">
         <name>.data:$O1$$</name>
         <load_address>0x200005dc</load_address>
         <run_address>0x200005dc</run_address>
         <size>0xc</size>
         <input_file_ref idref="fl-c9"/>
      </object_component>
      <object_component id="oc-14d">
         <name>.data:$O1$$</name>
         <load_address>0x200005f4</load_address>
         <run_address>0x200005f4</run_address>
         <size>0x8</size>
         <input_file_ref idref="fl-ca"/>
      </object_component>
      <object_component id="oc-150">
         <name>.data:_ftable</name>
         <load_address>0x20000400</load_address>
         <run_address>0x20000400</run_address>
         <size>0xf0</size>
         <input_file_ref idref="fl-cf"/>
      </object_component>
      <object_component id="oc-38b">
         <name>.data</name>
         <load_address>0x200005cc</load_address>
         <run_address>0x200005cc</run_address>
         <size>0x10</size>
         <input_file_ref idref="fl-cf"/>
      </object_component>
      <object_component id="oc-359">
         <name>.data:_device</name>
         <load_address>0x200004f0</load_address>
         <run_address>0x200004f0</run_address>
         <size>0x78</size>
         <input_file_ref idref="fl-d7"/>
      </object_component>
      <object_component id="oc-318">
         <name>.data:_stream</name>
         <load_address>0x20000568</load_address>
         <run_address>0x20000568</run_address>
         <size>0x50</size>
         <input_file_ref idref="fl-d7"/>
      </object_component>
      <object_component id="oc-287">
         <name>.data</name>
         <load_address>0x200005fc</load_address>
         <run_address>0x200005fc</run_address>
         <size>0x4</size>
         <input_file_ref idref="fl-d8"/>
      </object_component>
      <object_component id="oc-380">
         <name>.data:$O1$$</name>
         <load_address>0x200005e8</load_address>
         <run_address>0x200005e8</run_address>
         <size>0xc</size>
         <input_file_ref idref="fl-f2"/>
      </object_component>
      <object_component id="oc-403">
         <name>.bss:_CIOBUF_</name>
         <uninitialized>true</uninitialized>
         <run_address>0x20000604</run_address>
         <size>0x120</size>
         <input_file_ref idref="fl-f0"/>
      </object_component>
      <object_component id="oc-c3">
         <name>.common:hours</name>
         <uninitialized>true</uninitialized>
         <run_address>0x200007cc</run_address>
         <size>0x1</size>
      </object_component>
      <object_component id="oc-bf">
         <name>.common:mins</name>
         <uninitialized>true</uninitialized>
         <run_address>0x200007cd</run_address>
         <size>0x1</size>
      </object_component>
      <object_component id="oc-c2">
         <name>.common:secs</name>
         <uninitialized>true</uninitialized>
         <run_address>0x200007ce</run_address>
         <size>0x1</size>
      </object_component>
      <object_component id="oc-3d0">
         <name>.common:__TI_tmpnams</name>
         <uninitialized>true</uninitialized>
         <run_address>0x20000724</run_address>
         <size>0xa0</size>
      </object_component>
      <object_component id="oc-3e1">
         <name>.common:parmbuf</name>
         <uninitialized>true</uninitialized>
         <run_address>0x200007c4</run_address>
         <size>0x8</size>
      </object_component>
      <object_component id="oc-29">
         <name>.sysmem</name>
         <uninitialized>true</uninitialized>
         <run_address>0x20000000</run_address>
         <size>0x8</size>
         <input_file_ref idref="fl-f2"/>
      </object_component>
      <object_component id="oc-479">
         <name>.sysmem</name>
         <uninitialized>true</uninitialized>
         <run_address>0x20000000</run_address>
         <size>0x0</size>
      </object_component>
      <object_component id="oc-26">
         <name>.stack</name>
         <uninitialized>true</uninitialized>
         <run_address>0x2000fe00</run_address>
         <size>0x4</size>
         <input_file_ref idref="fl-c3"/>
      </object_component>
      <object_component id="oc-478">
         <name>.stack</name>
         <uninitialized>true</uninitialized>
         <run_address>0x2000fe00</run_address>
         <size>0x0</size>
      </object_component>
      <object_component id="oc-c0">
         <name>.debug_info</name>
         <load_address>0x0</load_address>
         <run_address>0x0</run_address>
         <size>0x610</size>
         <input_file_ref idref="fl-2"/>
      </object_component>
      <object_component id="oc-bd">
         <name>.debug_info</name>
         <load_address>0x610</load_address>
         <run_address>0x610</run_address>
         <size>0x16e</size>
         <input_file_ref idref="fl-2"/>
      </object_component>
      <object_component id="oc-6e">
         <name>.debug_info</name>
         <load_address>0x77e</load_address>
         <run_address>0x77e</run_address>
         <size>0x92c</size>
         <input_file_ref idref="fl-2"/>
      </object_component>
      <object_component id="oc-16a">
         <name>.debug_info</name>
         <load_address>0x10aa</load_address>
         <run_address>0x10aa</run_address>
         <size>0x1055</size>
         <input_file_ref idref="fl-2"/>
      </object_component>
      <object_component id="oc-ca">
         <name>.debug_info</name>
         <load_address>0x20ff</load_address>
         <run_address>0x20ff</run_address>
         <size>0x37e2</size>
         <input_file_ref idref="fl-2"/>
      </object_component>
      <object_component id="oc-d1">
         <name>.debug_info</name>
         <load_address>0x58e1</load_address>
         <run_address>0x58e1</run_address>
         <size>0x26b</size>
         <input_file_ref idref="fl-2"/>
      </object_component>
      <object_component id="oc-32">
         <name>.debug_info</name>
         <load_address>0x5b4c</load_address>
         <run_address>0x5b4c</run_address>
         <size>0x84</size>
         <input_file_ref idref="fl-2"/>
      </object_component>
      <object_component id="oc-16f">
         <name>.debug_info</name>
         <load_address>0x5bd0</load_address>
         <run_address>0x5bd0</run_address>
         <size>0x297</size>
         <input_file_ref idref="fl-2"/>
      </object_component>
      <object_component id="oc-c5">
         <name>.debug_info</name>
         <load_address>0x5e67</load_address>
         <run_address>0x5e67</run_address>
         <size>0xbb</size>
         <input_file_ref idref="fl-2"/>
      </object_component>
      <object_component id="oc-148">
         <name>.debug_info</name>
         <load_address>0x5f22</load_address>
         <run_address>0x5f22</run_address>
         <size>0x2c</size>
         <input_file_ref idref="fl-2"/>
      </object_component>
      <object_component id="oc-163">
         <name>.debug_info</name>
         <load_address>0x5f4e</load_address>
         <run_address>0x5f4e</run_address>
         <size>0x51</size>
         <input_file_ref idref="fl-2"/>
      </object_component>
      <object_component id="oc-75">
         <name>.debug_info</name>
         <load_address>0x5f9f</load_address>
         <run_address>0x5f9f</run_address>
         <size>0x2e7</size>
         <input_file_ref idref="fl-3"/>
      </object_component>
      <object_component id="oc-24">
         <name>.debug_info</name>
         <load_address>0x6286</load_address>
         <run_address>0x6286</run_address>
         <size>0x113</size>
         <input_file_ref idref="fl-3"/>
      </object_component>
      <object_component id="oc-68">
         <name>.debug_info</name>
         <load_address>0x6399</load_address>
         <run_address>0x6399</run_address>
         <size>0x1da</size>
         <input_file_ref idref="fl-3"/>
      </object_component>
      <object_component id="oc-131">
         <name>.debug_info</name>
         <load_address>0x6573</load_address>
         <run_address>0x6573</run_address>
         <size>0x10c</size>
         <input_file_ref idref="fl-4"/>
      </object_component>
      <object_component id="oc-ac">
         <name>.debug_info</name>
         <load_address>0x667f</load_address>
         <run_address>0x667f</run_address>
         <size>0x27e</size>
         <input_file_ref idref="fl-4"/>
      </object_component>
      <object_component id="oc-90">
         <name>.debug_info</name>
         <load_address>0x68fd</load_address>
         <run_address>0x68fd</run_address>
         <size>0x313</size>
         <input_file_ref idref="fl-be"/>
      </object_component>
      <object_component id="oc-47">
         <name>.debug_info</name>
         <load_address>0x6c10</load_address>
         <run_address>0x6c10</run_address>
         <size>0x1b4</size>
         <input_file_ref idref="fl-be"/>
      </object_component>
      <object_component id="oc-8b">
         <name>.debug_info</name>
         <load_address>0x6dc4</load_address>
         <run_address>0x6dc4</run_address>
         <size>0x46</size>
         <input_file_ref idref="fl-be"/>
      </object_component>
      <object_component id="oc-e9">
         <name>.debug_info</name>
         <load_address>0x6e0a</load_address>
         <run_address>0x6e0a</run_address>
         <size>0x2c</size>
         <input_file_ref idref="fl-be"/>
      </object_component>
      <object_component id="oc-42">
         <name>.debug_info</name>
         <load_address>0x6e36</load_address>
         <run_address>0x6e36</run_address>
         <size>0x29d</size>
         <input_file_ref idref="fl-bf"/>
      </object_component>
      <object_component id="oc-1e">
         <name>.debug_info</name>
         <load_address>0x70d3</load_address>
         <run_address>0x70d3</run_address>
         <size>0x1df</size>
         <input_file_ref idref="fl-bf"/>
      </object_component>
      <object_component id="oc-3d">
         <name>.debug_info</name>
         <load_address>0x72b2</load_address>
         <run_address>0x72b2</run_address>
         <size>0x46</size>
         <input_file_ref idref="fl-bf"/>
      </object_component>
      <object_component id="oc-83">
         <name>.debug_info</name>
         <load_address>0x72f8</load_address>
         <run_address>0x72f8</run_address>
         <size>0x2c</size>
         <input_file_ref idref="fl-bf"/>
      </object_component>
      <object_component id="oc-81">
         <name>.debug_info</name>
         <load_address>0x7324</load_address>
         <run_address>0x7324</run_address>
         <size>0x293</size>
         <input_file_ref idref="fl-c0"/>
      </object_component>
      <object_component id="oc-18">
         <name>.debug_info</name>
         <load_address>0x75b7</load_address>
         <run_address>0x75b7</run_address>
         <size>0x245</size>
         <input_file_ref idref="fl-c0"/>
      </object_component>
      <object_component id="oc-2d">
         <name>.debug_info</name>
         <load_address>0x77fc</load_address>
         <run_address>0x77fc</run_address>
         <size>0x60</size>
         <input_file_ref idref="fl-c0"/>
      </object_component>
      <object_component id="oc-e2">
         <name>.debug_info</name>
         <load_address>0x785c</load_address>
         <run_address>0x785c</run_address>
         <size>0x46</size>
         <input_file_ref idref="fl-c0"/>
      </object_component>
      <object_component id="oc-7c">
         <name>.debug_info</name>
         <load_address>0x78a2</load_address>
         <run_address>0x78a2</run_address>
         <size>0x39</size>
         <input_file_ref idref="fl-c0"/>
      </object_component>
      <object_component id="oc-160">
         <name>.debug_info</name>
         <load_address>0x78db</load_address>
         <run_address>0x78db</run_address>
         <size>0x3da</size>
         <input_file_ref idref="fl-c1"/>
      </object_component>
      <object_component id="oc-15b">
         <name>.debug_info</name>
         <load_address>0x7cb5</load_address>
         <run_address>0x7cb5</run_address>
         <size>0x14c</size>
         <input_file_ref idref="fl-c1"/>
      </object_component>
      <object_component id="oc-156">
         <name>.debug_info</name>
         <load_address>0x7e01</load_address>
         <run_address>0x7e01</run_address>
         <size>0x15b</size>
         <input_file_ref idref="fl-c1"/>
      </object_component>
      <object_component id="oc-b9">
         <name>.debug_info</name>
         <load_address>0x7f5c</load_address>
         <run_address>0x7f5c</run_address>
         <size>0x1a1</size>
         <input_file_ref idref="fl-c1"/>
      </object_component>
      <object_component id="oc-202">
         <name>.debug_info</name>
         <load_address>0x80fd</load_address>
         <run_address>0x80fd</run_address>
         <size>0xb2</size>
         <input_file_ref idref="fl-c1"/>
      </object_component>
      <object_component id="oc-147">
         <name>.debug_info</name>
         <load_address>0x81af</load_address>
         <run_address>0x81af</run_address>
         <size>0x328</size>
         <input_file_ref idref="fl-c2"/>
      </object_component>
      <object_component id="oc-b2">
         <name>.debug_info</name>
         <load_address>0x84d7</load_address>
         <run_address>0x84d7</run_address>
         <size>0x1c6</size>
         <input_file_ref idref="fl-c2"/>
      </object_component>
      <object_component id="oc-13b">
         <name>.debug_info</name>
         <load_address>0x869d</load_address>
         <run_address>0x869d</run_address>
         <size>0x182</size>
         <input_file_ref idref="fl-c2"/>
      </object_component>
      <object_component id="oc-141">
         <name>.debug_info</name>
         <load_address>0x881f</load_address>
         <run_address>0x881f</run_address>
         <size>0x162</size>
         <input_file_ref idref="fl-c2"/>
      </object_component>
      <object_component id="oc-28e">
         <name>.debug_info</name>
         <load_address>0x8981</load_address>
         <run_address>0x8981</run_address>
         <size>0x2c</size>
         <input_file_ref idref="fl-c2"/>
      </object_component>
      <object_component id="oc-27">
         <name>.debug_info</name>
         <load_address>0x89ad</load_address>
         <run_address>0x89ad</run_address>
         <size>0x100</size>
         <input_file_ref idref="fl-c3"/>
      </object_component>
      <object_component id="oc-57">
         <name>.debug_info</name>
         <load_address>0x8aad</load_address>
         <run_address>0x8aad</run_address>
         <size>0x1a4</size>
         <input_file_ref idref="fl-c3"/>
      </object_component>
      <object_component id="oc-92">
         <name>.debug_info</name>
         <load_address>0x8c51</load_address>
         <run_address>0x8c51</run_address>
         <size>0x13f</size>
         <input_file_ref idref="fl-c4"/>
      </object_component>
      <object_component id="oc-39">
         <name>.debug_info</name>
         <load_address>0x8d90</load_address>
         <run_address>0x8d90</run_address>
         <size>0x111</size>
         <input_file_ref idref="fl-c5"/>
      </object_component>
      <object_component id="oc-17c">
         <name>.debug_info</name>
         <load_address>0x8ea1</load_address>
         <run_address>0x8ea1</run_address>
         <size>0x547</size>
         <input_file_ref idref="fl-c6"/>
      </object_component>
      <object_component id="oc-100">
         <name>.debug_info</name>
         <load_address>0x93e8</load_address>
         <run_address>0x93e8</run_address>
         <size>0x19b</size>
         <input_file_ref idref="fl-c6"/>
      </object_component>
      <object_component id="oc-20d">
         <name>.debug_info</name>
         <load_address>0x9583</load_address>
         <run_address>0x9583</run_address>
         <size>0x39</size>
         <input_file_ref idref="fl-c6"/>
      </object_component>
      <object_component id="oc-2be">
         <name>.debug_info</name>
         <load_address>0x95bc</load_address>
         <run_address>0x95bc</run_address>
         <size>0x39</size>
         <input_file_ref idref="fl-c6"/>
      </object_component>
      <object_component id="oc-212">
         <name>.debug_info</name>
         <load_address>0x95f5</load_address>
         <run_address>0x95f5</run_address>
         <size>0x39</size>
         <input_file_ref idref="fl-c6"/>
      </object_component>
      <object_component id="oc-217">
         <name>.debug_info</name>
         <load_address>0x962e</load_address>
         <run_address>0x962e</run_address>
         <size>0xcd</size>
         <input_file_ref idref="fl-c6"/>
      </object_component>
      <object_component id="oc-9a">
         <name>.debug_info</name>
         <load_address>0x96fb</load_address>
         <run_address>0x96fb</run_address>
         <size>0x148</size>
         <input_file_ref idref="fl-c7"/>
      </object_component>
      <object_component id="oc-179">
         <name>.debug_info</name>
         <load_address>0x9843</load_address>
         <run_address>0x9843</run_address>
         <size>0x3a2</size>
         <input_file_ref idref="fl-c9"/>
      </object_component>
      <object_component id="oc-176">
         <name>.debug_info</name>
         <load_address>0x9be5</load_address>
         <run_address>0x9be5</run_address>
         <size>0x185</size>
         <input_file_ref idref="fl-c9"/>
      </object_component>
      <object_component id="oc-f4">
         <name>.debug_info</name>
         <load_address>0x9d6a</load_address>
         <run_address>0x9d6a</run_address>
         <size>0x117</size>
         <input_file_ref idref="fl-c9"/>
      </object_component>
      <object_component id="oc-f9">
         <name>.debug_info</name>
         <load_address>0x9e81</load_address>
         <run_address>0x9e81</run_address>
         <size>0x179</size>
         <input_file_ref idref="fl-c9"/>
      </object_component>
      <object_component id="oc-1ec">
         <name>.debug_info</name>
         <load_address>0x9ffa</load_address>
         <run_address>0x9ffa</run_address>
         <size>0x2be</size>
         <input_file_ref idref="fl-ca"/>
      </object_component>
      <object_component id="oc-14e">
         <name>.debug_info</name>
         <load_address>0xa2b8</load_address>
         <run_address>0xa2b8</run_address>
         <size>0x113</size>
         <input_file_ref idref="fl-ca"/>
      </object_component>
      <object_component id="oc-1e7">
         <name>.debug_info</name>
         <load_address>0xa3cb</load_address>
         <run_address>0xa3cb</run_address>
         <size>0x123</size>
         <input_file_ref idref="fl-ca"/>
      </object_component>
      <object_component id="oc-1d5">
         <name>.debug_info</name>
         <load_address>0xa4ee</load_address>
         <run_address>0xa4ee</run_address>
         <size>0x8a6</size>
         <input_file_ref idref="fl-cb"/>
      </object_component>
      <object_component id="oc-1a0">
         <name>.debug_info</name>
         <load_address>0xad94</load_address>
         <run_address>0xad94</run_address>
         <size>0x213</size>
         <input_file_ref idref="fl-cb"/>
      </object_component>
      <object_component id="oc-251">
         <name>.debug_info</name>
         <load_address>0xafa7</load_address>
         <run_address>0xafa7</run_address>
         <size>0x1a8</size>
         <input_file_ref idref="fl-cb"/>
      </object_component>
      <object_component id="oc-257">
         <name>.debug_info</name>
         <load_address>0xb14f</load_address>
         <run_address>0xb14f</run_address>
         <size>0x210</size>
         <input_file_ref idref="fl-cb"/>
      </object_component>
      <object_component id="oc-1ab">
         <name>.debug_info</name>
         <load_address>0xb35f</load_address>
         <run_address>0xb35f</run_address>
         <size>0x3b0</size>
         <input_file_ref idref="fl-cb"/>
      </object_component>
      <object_component id="oc-25e">
         <name>.debug_info</name>
         <load_address>0xb70f</load_address>
         <run_address>0xb70f</run_address>
         <size>0x2fa</size>
         <input_file_ref idref="fl-cb"/>
      </object_component>
      <object_component id="oc-264">
         <name>.debug_info</name>
         <load_address>0xba09</load_address>
         <run_address>0xba09</run_address>
         <size>0x20a</size>
         <input_file_ref idref="fl-cb"/>
      </object_component>
      <object_component id="oc-1b1">
         <name>.debug_info</name>
         <load_address>0xbc13</load_address>
         <run_address>0xbc13</run_address>
         <size>0x20a</size>
         <input_file_ref idref="fl-cb"/>
      </object_component>
      <object_component id="oc-1b7">
         <name>.debug_info</name>
         <load_address>0xbe1d</load_address>
         <run_address>0xbe1d</run_address>
         <size>0x2f9</size>
         <input_file_ref idref="fl-cb"/>
      </object_component>
      <object_component id="oc-1bd">
         <name>.debug_info</name>
         <load_address>0xc116</load_address>
         <run_address>0xc116</run_address>
         <size>0x4a5</size>
         <input_file_ref idref="fl-cb"/>
      </object_component>
      <object_component id="oc-135">
         <name>.debug_info</name>
         <load_address>0xc5bb</load_address>
         <run_address>0xc5bb</run_address>
         <size>0x5cd</size>
         <input_file_ref idref="fl-cb"/>
      </object_component>
      <object_component id="oc-1d6">
         <name>.debug_info</name>
         <load_address>0xcb88</load_address>
         <run_address>0xcb88</run_address>
         <size>0x86</size>
         <input_file_ref idref="fl-cb"/>
      </object_component>
      <object_component id="oc-293">
         <name>.debug_info</name>
         <load_address>0xcc0e</load_address>
         <run_address>0xcc0e</run_address>
         <size>0x39</size>
         <input_file_ref idref="fl-cb"/>
      </object_component>
      <object_component id="oc-301">
         <name>.debug_info</name>
         <load_address>0xcc47</load_address>
         <run_address>0xcc47</run_address>
         <size>0xb6</size>
         <input_file_ref idref="fl-cb"/>
      </object_component>
      <object_component id="oc-298">
         <name>.debug_info</name>
         <load_address>0xccfd</load_address>
         <run_address>0xccfd</run_address>
         <size>0x46</size>
         <input_file_ref idref="fl-cb"/>
      </object_component>
      <object_component id="oc-1db">
         <name>.debug_info</name>
         <load_address>0xcd43</load_address>
         <run_address>0xcd43</run_address>
         <size>0x46</size>
         <input_file_ref idref="fl-cb"/>
      </object_component>
      <object_component id="oc-224">
         <name>.debug_info</name>
         <load_address>0xcd89</load_address>
         <run_address>0xcd89</run_address>
         <size>0x2ae</size>
         <input_file_ref idref="fl-cd"/>
      </object_component>
      <object_component id="oc-19b">
         <name>.debug_info</name>
         <load_address>0xd037</load_address>
         <run_address>0xd037</run_address>
         <size>0x171</size>
         <input_file_ref idref="fl-cd"/>
      </object_component>
      <object_component id="oc-2ce">
         <name>.debug_info</name>
         <load_address>0xd1a8</load_address>
         <run_address>0xd1a8</run_address>
         <size>0xee</size>
         <input_file_ref idref="fl-ce"/>
      </object_component>
      <object_component id="oc-221">
         <name>.debug_info</name>
         <load_address>0xd296</load_address>
         <run_address>0xd296</run_address>
         <size>0xfa</size>
         <input_file_ref idref="fl-ce"/>
      </object_component>
      <object_component id="oc-1f0">
         <name>.debug_info</name>
         <load_address>0xd390</load_address>
         <run_address>0xd390</run_address>
         <size>0x139</size>
         <input_file_ref idref="fl-cf"/>
      </object_component>
      <object_component id="oc-151">
         <name>.debug_info</name>
         <load_address>0xd4c9</load_address>
         <run_address>0xd4c9</run_address>
         <size>0xf7</size>
         <input_file_ref idref="fl-cf"/>
      </object_component>
      <object_component id="oc-38c">
         <name>.debug_info</name>
         <load_address>0xd5c0</load_address>
         <run_address>0xd5c0</run_address>
         <size>0x184</size>
         <input_file_ref idref="fl-cf"/>
      </object_component>
      <object_component id="oc-2bd">
         <name>.debug_info</name>
         <load_address>0xd744</load_address>
         <run_address>0xd744</run_address>
         <size>0x378</size>
         <input_file_ref idref="fl-d0"/>
      </object_component>
      <object_component id="oc-1fc">
         <name>.debug_info</name>
         <load_address>0xdabc</load_address>
         <run_address>0xdabc</run_address>
         <size>0x1df</size>
         <input_file_ref idref="fl-d0"/>
      </object_component>
      <object_component id="oc-2bb">
         <name>.debug_info</name>
         <load_address>0xdc9b</load_address>
         <run_address>0xdc9b</run_address>
         <size>0x3f1</size>
         <input_file_ref idref="fl-d1"/>
      </object_component>
      <object_component id="oc-1f4">
         <name>.debug_info</name>
         <load_address>0xe08c</load_address>
         <run_address>0xe08c</run_address>
         <size>0x2d7</size>
         <input_file_ref idref="fl-d1"/>
      </object_component>
      <object_component id="oc-2dc">
         <name>.debug_info</name>
         <load_address>0xe363</load_address>
         <run_address>0xe363</run_address>
         <size>0x290</size>
         <input_file_ref idref="fl-d2"/>
      </object_component>
      <object_component id="oc-241">
         <name>.debug_info</name>
         <load_address>0xe5f3</load_address>
         <run_address>0xe5f3</run_address>
         <size>0x1c2</size>
         <input_file_ref idref="fl-d2"/>
      </object_component>
      <object_component id="oc-27f">
         <name>.debug_info</name>
         <load_address>0xe7b5</load_address>
         <run_address>0xe7b5</run_address>
         <size>0x28b</size>
         <input_file_ref idref="fl-d3"/>
      </object_component>
      <object_component id="oc-1c4">
         <name>.debug_info</name>
         <load_address>0xea40</load_address>
         <run_address>0xea40</run_address>
         <size>0x1ab</size>
         <input_file_ref idref="fl-d3"/>
      </object_component>
      <object_component id="oc-315">
         <name>.debug_info</name>
         <load_address>0xebeb</load_address>
         <run_address>0xebeb</run_address>
         <size>0x29a</size>
         <input_file_ref idref="fl-d4"/>
      </object_component>
      <object_component id="oc-2ac">
         <name>.debug_info</name>
         <load_address>0xee85</load_address>
         <run_address>0xee85</run_address>
         <size>0x242</size>
         <input_file_ref idref="fl-d4"/>
      </object_component>
      <object_component id="oc-2f3">
         <name>.debug_info</name>
         <load_address>0xf0c7</load_address>
         <run_address>0xf0c7</run_address>
         <size>0x28f</size>
         <input_file_ref idref="fl-d5"/>
      </object_component>
      <object_component id="oc-27a">
         <name>.debug_info</name>
         <load_address>0xf356</load_address>
         <run_address>0xf356</run_address>
         <size>0x247</size>
         <input_file_ref idref="fl-d5"/>
      </object_component>
      <object_component id="oc-21f">
         <name>.debug_info</name>
         <load_address>0xf59d</load_address>
         <run_address>0xf59d</run_address>
         <size>0x284</size>
         <input_file_ref idref="fl-d6"/>
      </object_component>
      <object_component id="oc-196">
         <name>.debug_info</name>
         <load_address>0xf821</load_address>
         <run_address>0xf821</run_address>
         <size>0x22a</size>
         <input_file_ref idref="fl-d6"/>
      </object_component>
      <object_component id="oc-31c">
         <name>.debug_info</name>
         <load_address>0xfa4b</load_address>
         <run_address>0xfa4b</run_address>
         <size>0x4c5</size>
         <input_file_ref idref="fl-d7"/>
      </object_component>
      <object_component id="oc-35a">
         <name>.debug_info</name>
         <load_address>0xff10</load_address>
         <run_address>0xff10</run_address>
         <size>0xf8</size>
         <input_file_ref idref="fl-d7"/>
      </object_component>
      <object_component id="oc-319">
         <name>.debug_info</name>
         <load_address>0x10008</load_address>
         <run_address>0x10008</run_address>
         <size>0xf8</size>
         <input_file_ref idref="fl-d7"/>
      </object_component>
      <object_component id="oc-2b8">
         <name>.debug_info</name>
         <load_address>0x10100</load_address>
         <run_address>0x10100</run_address>
         <size>0x184</size>
         <input_file_ref idref="fl-d7"/>
      </object_component>
      <object_component id="oc-360">
         <name>.debug_info</name>
         <load_address>0x10284</load_address>
         <run_address>0x10284</run_address>
         <size>0x120</size>
         <input_file_ref idref="fl-d7"/>
      </object_component>
      <object_component id="oc-365">
         <name>.debug_info</name>
         <load_address>0x103a4</load_address>
         <run_address>0x103a4</run_address>
         <size>0x2c</size>
         <input_file_ref idref="fl-d7"/>
      </object_component>
      <object_component id="oc-28b">
         <name>.debug_info</name>
         <load_address>0x103d0</load_address>
         <run_address>0x103d0</run_address>
         <size>0x27e</size>
         <input_file_ref idref="fl-d8"/>
      </object_component>
      <object_component id="oc-288">
         <name>.debug_info</name>
         <load_address>0x1064e</load_address>
         <run_address>0x1064e</run_address>
         <size>0x103</size>
         <input_file_ref idref="fl-d8"/>
      </object_component>
      <object_component id="oc-1d0">
         <name>.debug_info</name>
         <load_address>0x10751</load_address>
         <run_address>0x10751</run_address>
         <size>0x143</size>
         <input_file_ref idref="fl-d8"/>
      </object_component>
      <object_component id="oc-2e4">
         <name>.debug_info</name>
         <load_address>0x10894</load_address>
         <run_address>0x10894</run_address>
         <size>0x28f</size>
         <input_file_ref idref="fl-d9"/>
      </object_component>
      <object_component id="oc-26d">
         <name>.debug_info</name>
         <load_address>0x10b23</load_address>
         <run_address>0x10b23</run_address>
         <size>0x18a</size>
         <input_file_ref idref="fl-d9"/>
      </object_component>
      <object_component id="oc-328">
         <name>.debug_info</name>
         <load_address>0x10cad</load_address>
         <run_address>0x10cad</run_address>
         <size>0x39</size>
         <input_file_ref idref="fl-d9"/>
      </object_component>
      <object_component id="oc-2e5">
         <name>.debug_info</name>
         <load_address>0x10ce6</load_address>
         <run_address>0x10ce6</run_address>
         <size>0x2c</size>
         <input_file_ref idref="fl-d9"/>
      </object_component>
      <object_component id="oc-2f1">
         <name>.debug_info</name>
         <load_address>0x10d12</load_address>
         <run_address>0x10d12</run_address>
         <size>0x2f2</size>
         <input_file_ref idref="fl-da"/>
      </object_component>
      <object_component id="oc-275">
         <name>.debug_info</name>
         <load_address>0x11004</load_address>
         <run_address>0x11004</run_address>
         <size>0x21a</size>
         <input_file_ref idref="fl-da"/>
      </object_component>
      <object_component id="oc-286">
         <name>.debug_info</name>
         <load_address>0x1121e</load_address>
         <run_address>0x1121e</run_address>
         <size>0x284</size>
         <input_file_ref idref="fl-db"/>
      </object_component>
      <object_component id="oc-1cc">
         <name>.debug_info</name>
         <load_address>0x114a2</load_address>
         <run_address>0x114a2</run_address>
         <size>0x14f</size>
         <input_file_ref idref="fl-db"/>
      </object_component>
      <object_component id="oc-2f6">
         <name>.debug_info</name>
         <load_address>0x115f1</load_address>
         <run_address>0x115f1</run_address>
         <size>0x46</size>
         <input_file_ref idref="fl-db"/>
      </object_component>
      <object_component id="oc-281">
         <name>.debug_info</name>
         <load_address>0x11637</load_address>
         <run_address>0x11637</run_address>
         <size>0x39</size>
         <input_file_ref idref="fl-db"/>
      </object_component>
      <object_component id="oc-2eb">
         <name>.debug_info</name>
         <load_address>0x11670</load_address>
         <run_address>0x11670</run_address>
         <size>0x156</size>
         <input_file_ref idref="fl-dc"/>
      </object_component>
      <object_component id="oc-228">
         <name>.debug_info</name>
         <load_address>0x117c6</load_address>
         <run_address>0x117c6</run_address>
         <size>0x12c</size>
         <input_file_ref idref="fl-dd"/>
      </object_component>
      <object_component id="oc-24e">
         <name>.debug_info</name>
         <load_address>0x118f2</load_address>
         <run_address>0x118f2</run_address>
         <size>0x144</size>
         <input_file_ref idref="fl-de"/>
      </object_component>
      <object_component id="oc-1a6">
         <name>.debug_info</name>
         <load_address>0x11a36</load_address>
         <run_address>0x11a36</run_address>
         <size>0x120</size>
         <input_file_ref idref="fl-df"/>
      </object_component>
      <object_component id="oc-238">
         <name>.debug_info</name>
         <load_address>0x11b56</load_address>
         <run_address>0x11b56</run_address>
         <size>0x122</size>
         <input_file_ref idref="fl-df"/>
      </object_component>
      <object_component id="oc-234">
         <name>.debug_info</name>
         <load_address>0x11c78</load_address>
         <run_address>0x11c78</run_address>
         <size>0x132</size>
         <input_file_ref idref="fl-e0"/>
      </object_component>
      <object_component id="oc-22d">
         <name>.debug_info</name>
         <load_address>0x11daa</load_address>
         <run_address>0x11daa</run_address>
         <size>0x132</size>
         <input_file_ref idref="fl-e1"/>
      </object_component>
      <object_component id="oc-23c">
         <name>.debug_info</name>
         <load_address>0x11edc</load_address>
         <run_address>0x11edc</run_address>
         <size>0x126</size>
         <input_file_ref idref="fl-e2"/>
      </object_component>
      <object_component id="oc-248">
         <name>.debug_info</name>
         <load_address>0x12002</load_address>
         <run_address>0x12002</run_address>
         <size>0x124</size>
         <input_file_ref idref="fl-e3"/>
      </object_component>
      <object_component id="oc-313">
         <name>.debug_info</name>
         <load_address>0x12126</load_address>
         <run_address>0x12126</run_address>
         <size>0x2f5</size>
         <input_file_ref idref="fl-e4"/>
      </object_component>
      <object_component id="oc-2a3">
         <name>.debug_info</name>
         <load_address>0x1241b</load_address>
         <run_address>0x1241b</run_address>
         <size>0x191</size>
         <input_file_ref idref="fl-e4"/>
      </object_component>
      <object_component id="oc-34e">
         <name>.debug_info</name>
         <load_address>0x125ac</load_address>
         <run_address>0x125ac</run_address>
         <size>0xbf</size>
         <input_file_ref idref="fl-e4"/>
      </object_component>
      <object_component id="oc-317">
         <name>.debug_info</name>
         <load_address>0x1266b</load_address>
         <run_address>0x1266b</run_address>
         <size>0x33c</size>
         <input_file_ref idref="fl-e5"/>
      </object_component>
      <object_component id="oc-2b2">
         <name>.debug_info</name>
         <load_address>0x129a7</load_address>
         <run_address>0x129a7</run_address>
         <size>0x17f</size>
         <input_file_ref idref="fl-e5"/>
      </object_component>
      <object_component id="oc-339">
         <name>.debug_info</name>
         <load_address>0x12b26</load_address>
         <run_address>0x12b26</run_address>
         <size>0x319</size>
         <input_file_ref idref="fl-e6"/>
      </object_component>
      <object_component id="oc-307">
         <name>.debug_info</name>
         <load_address>0x12e3f</load_address>
         <run_address>0x12e3f</run_address>
         <size>0x1e1</size>
         <input_file_ref idref="fl-e6"/>
      </object_component>
      <object_component id="oc-36b">
         <name>.debug_info</name>
         <load_address>0x13020</load_address>
         <run_address>0x13020</run_address>
         <size>0x38c</size>
         <input_file_ref idref="fl-e7"/>
      </object_component>
      <object_component id="oc-333">
         <name>.debug_info</name>
         <load_address>0x133ac</load_address>
         <run_address>0x133ac</run_address>
         <size>0x18a</size>
         <input_file_ref idref="fl-e7"/>
      </object_component>
      <object_component id="oc-34d">
         <name>.debug_info</name>
         <load_address>0x13536</load_address>
         <run_address>0x13536</run_address>
         <size>0x369</size>
         <input_file_ref idref="fl-e8"/>
      </object_component>
      <object_component id="oc-30f">
         <name>.debug_info</name>
         <load_address>0x1389f</load_address>
         <run_address>0x1389f</run_address>
         <size>0x200</size>
         <input_file_ref idref="fl-e8"/>
      </object_component>
      <object_component id="oc-3e6">
         <name>.debug_info</name>
         <load_address>0x13a9f</load_address>
         <run_address>0x13a9f</run_address>
         <size>0x368</size>
         <input_file_ref idref="fl-e9"/>
      </object_component>
[...]
         <object_component_ref idref="oc-37"/>
      </symbol>
      <symbol id="sm-21c">
         <name>__aeabi_memcpy4</name>
         <value>0x235b</value>
         <object_component_ref idref="oc-37"/>
      </symbol>
      <symbol id="sm-244">
         <name>__TI_auto_init_nobinit_nopinit</name>
         <value>0x2ee1</value>
         <object_component_ref idref="oc-fe"/>
      </symbol>
      <symbol id="sm-24e">
         <name>_system_pre_init</name>
         <value>0x3389</value>
         <object_component_ref idref="oc-97"/>
      </symbol>
      <symbol id="sm-275">
         <name>C$$EXIT</name>
         <value>0x338d</value>
         <object_component_ref idref="oc-f2"/>
      </symbol>
      <symbol id="sm-276">
         <name>abort</name>
         <value>0x338d</value>
         <object_component_ref idref="oc-f2"/>
      </symbol>
      <symbol id="sm-277">
         <name>__TI_dtors_ptr</name>
         <value>0x200005e0</value>
         <object_component_ref idref="oc-175"/>
      </symbol>
      <symbol id="sm-278">
         <name>__TI_cleanup_ptr</name>
         <value>0x200005dc</value>
         <object_component_ref idref="oc-175"/>
      </symbol>
      <symbol id="sm-279">
         <name>__TI_enable_exit_profile_output</name>
         <value>0x200005e4</value>
         <object_component_ref idref="oc-175"/>
      </symbol>
      <symbol id="sm-27a">
         <name>exit</name>
         <value>0x2dc9</value>
         <object_component_ref idref="oc-f8"/>
      </symbol>
      <symbol id="sm-28f">
         <name>_nop</name>
         <value>0xb43</value>
         <object_component_ref idref="oc-1e4"/>
      </symbol>
      <symbol id="sm-290">
         <name>_lock</name>
         <value>0x200005f4</value>
         <object_component_ref idref="oc-14d"/>
      </symbol>
      <symbol id="sm-291">
         <name>_unlock</name>
         <value>0x200005f8</value>
         <object_component_ref idref="oc-14d"/>
      </symbol>
      <symbol id="sm-3f6">
         <name>__TI_printfi</name>
         <value>0xe5</value>
         <object_component_ref idref="oc-134"/>
      </symbol>
      <symbol id="sm-40d">
         <name>atoi</name>
         <value>0x2d7d</value>
         <object_component_ref idref="oc-199"/>
      </symbol>
      <symbol id="sm-418">
         <name>_ctypes_</name>
         <value>0x3390</value>
         <object_component_ref idref="oc-220"/>
      </symbol>
      <symbol id="sm-42d">
         <name>__TI_tmpnams</name>
         <value>0x20000724</value>
      </symbol>
      <symbol id="sm-42e">
         <name>__aeabi_stdout</name>
         <value>0x200005d4</value>
         <object_component_ref idref="oc-38b"/>
      </symbol>
      <symbol id="sm-42f">
         <name>__aeabi_stderr</name>
         <value>0x200005d8</value>
         <object_component_ref idref="oc-38b"/>
      </symbol>
      <symbol id="sm-430">
         <name>__aeabi_stdin</name>
         <value>0x200005d0</value>
         <object_component_ref idref="oc-38b"/>
      </symbol>
      <symbol id="sm-431">
         <name>_ftable</name>
         <value>0x20000400</value>
         <object_component_ref idref="oc-150"/>
      </symbol>
      <symbol id="sm-432">
         <name>__TI_ft_end</name>
         <value>0x200005cc</value>
         <object_component_ref idref="oc-38b"/>
      </symbol>
      <symbol id="sm-447">
         <name>putc</name>
         <value>0x248d</value>
         <object_component_ref idref="oc-1f9"/>
      </symbol>
      <symbol id="sm-448">
         <name>fputc</name>
         <value>0x248d</value>
         <object_component_ref idref="oc-1f9"/>
      </symbol>
      <symbol id="sm-466">
         <name>fputs</name>
         <value>0x1dd5</value>
         <object_component_ref idref="oc-1f2"/>
      </symbol>
      <symbol id="sm-475">
         <name>ltoa</name>
         <value>0x2c8b</value>
         <object_component_ref idref="oc-240"/>
      </symbol>
      <symbol id="sm-485">
         <name>memccpy</name>
         <value>0x3291</value>
         <object_component_ref idref="oc-1c2"/>
      </symbol>
      <symbol id="sm-495">
         <name>memchr</name>
         <value>0x3271</value>
         <object_component_ref idref="oc-2a8"/>
      </symbol>
      <symbol id="sm-4a5">
         <name>strchr</name>
         <value>0x32dd</value>
         <object_component_ref idref="oc-277"/>
      </symbol>
      <symbol id="sm-4b3">
         <name>strlen</name>
         <value>0x331b</value>
         <object_component_ref idref="oc-193"/>
      </symbol>
      <symbol id="sm-4d9">
         <name>_stream</name>
         <value>0x20000568</value>
         <object_component_ref idref="oc-318"/>
      </symbol>
      <symbol id="sm-4da">
         <name>_device</name>
         <value>0x200004f0</value>
         <object_component_ref idref="oc-359"/>
      </symbol>
      <symbol id="sm-4db">
         <name>write</name>
         <value>0x3249</value>
         <object_component_ref idref="oc-2b4"/>
      </symbol>
      <symbol id="sm-4f1">
         <name>__aeabi_errno_addr</name>
         <value>0x3379</value>
         <object_component_ref idref="oc-1ce"/>
      </symbol>
      <symbol id="sm-4f2">
         <name>errno</name>
         <value>0x200005fc</value>
         <object_component_ref idref="oc-287"/>
      </symbol>
      <symbol id="sm-512">
         <name>frexpl</name>
         <value>0x299d</value>
         <object_component_ref idref="oc-26b"/>
      </symbol>
      <symbol id="sm-513">
         <name>frexp</name>
         <value>0x299d</value>
         <object_component_ref idref="oc-26b"/>
      </symbol>
      <symbol id="sm-530">
         <name>scalbn</name>
         <value>0x1ee9</value>
         <object_component_ref idref="oc-271"/>
      </symbol>
      <symbol id="sm-531">
         <name>scalbnl</name>
         <value>0x1ee9</value>
         <object_component_ref idref="oc-271"/>
      </symbol>
      <symbol id="sm-532">
         <name>ldexpl</name>
         <value>0x1ee9</value>
         <object_component_ref idref="oc-271"/>
      </symbol>
      <symbol id="sm-533">
         <name>ldexp</name>
         <value>0x1ee9</value>
         <object_component_ref idref="oc-271"/>
      </symbol>
      <symbol id="sm-54c">
         <name>wcslen</name>
         <value>0x3341</value>
         <object_component_ref idref="oc-1c8"/>
      </symbol>
      <symbol id="sm-556">
         <name>copysign</name>
         <value>0x32f3</value>
         <object_component_ref idref="oc-2ea"/>
      </symbol>
      <symbol id="sm-557">
         <name>copysignl</name>
         <value>0x32f3</value>
         <object_component_ref idref="oc-2ea"/>
      </symbol>
      <symbol id="sm-564">
         <name>__aeabi_uldivmod</name>
         <value>0x23f7</value>
         <object_component_ref idref="oc-225"/>
      </symbol>
      <symbol id="sm-57b">
         <name>__aeabi_dsub</name>
         <value>0x1889</value>
         <object_component_ref idref="oc-24b"/>
      </symbol>
      <symbol id="sm-57c">
         <name>__aeabi_dadd</name>
         <value>0x1893</value>
         <object_component_ref idref="oc-24b"/>
      </symbol>
      <symbol id="sm-59e">
         <name>__aeabi_cdcmpeq</name>
         <value>0x2519</value>
         <object_component_ref idref="oc-1a5"/>
      </symbol>
      <symbol id="sm-59f">
         <name>__aeabi_cdcmple</name>
         <value>0x2519</value>
         <object_component_ref idref="oc-1a5"/>
      </symbol>
      <symbol id="sm-5a0">
         <name>__aeabi_cdrcmple</name>
         <value>0x259f</value>
         <object_component_ref idref="oc-236"/>
      </symbol>
      <symbol id="sm-5b4">
         <name>__aeabi_ddiv</name>
         <value>0x1b7d</value>
         <object_component_ref idref="oc-231"/>
      </symbol>
      <symbol id="sm-5bf">
         <name>__aeabi_dmul</name>
         <value>0x1ff9</value>
         <object_component_ref idref="oc-22c"/>
      </symbol>
      <symbol id="sm-5c9">
         <name>__aeabi_d2iz</name>
         <value>0x2e11</value>
         <object_component_ref idref="oc-23b"/>
      </symbol>
      <symbol id="sm-5d3">
         <name>__aeabi_i2d</name>
         <value>0x319d</value>
         <object_component_ref idref="oc-246"/>
      </symbol>
      <symbol id="sm-5eb">
         <name>__TI_wrt_ok</name>
         <value>0x2a65</value>
         <object_component_ref idref="oc-2a2"/>
      </symbol>
      <symbol id="sm-5fb">
         <name>__TI_doflush</name>
         <value>0x2d31</value>
         <object_component_ref idref="oc-2ae"/>
      </symbol>
      <symbol id="sm-60d">
         <name>fseek</name>
         <value>0x2a01</value>
         <object_component_ref idref="oc-306"/>
      </symbol>
      <symbol id="sm-61d">
         <name>lseek</name>
         <value>0x31f9</value>
         <object_component_ref idref="oc-332"/>
      </symbol>
      <symbol id="sm-639">
         <name>setvbuf</name>
         <value>0x20f5</value>
         <object_component_ref idref="oc-30c"/>
      </symbol>
      <symbol id="sm-64a">
         <name>HOSTclose</name>
         <value>0x2e59</value>
         <object_component_ref idref="oc-397"/>
      </symbol>
      <symbol id="sm-65b">
         <name>HOSTlseek</name>
         <value>0x27fd</value>
         <object_component_ref idref="oc-3a9"/>
      </symbol>
      <symbol id="sm-66d">
         <name>parmbuf</name>
         <value>0x200007c4</value>
      </symbol>
      <symbol id="sm-66e">
         <name>HOSTopen</name>
         <value>0x2ac9</value>
         <object_component_ref idref="oc-391"/>
      </symbol>
      <symbol id="sm-67f">
         <name>HOSTread</name>
         <value>0x2b85</value>
         <object_component_ref idref="oc-39d"/>
      </symbol>
      <symbol id="sm-690">
         <name>HOSTrename</name>
         <value>0x2865</value>
         <object_component_ref idref="oc-3b5"/>
      </symbol>
      <symbol id="sm-6a1">
         <name>HOSTunlink</name>
         <value>0x2e9d</value>
         <object_component_ref idref="oc-3af"/>
      </symbol>
      <symbol id="sm-6b2">
         <name>HOSTwrite</name>
         <value>0x2bdd</value>
         <object_component_ref idref="oc-3a3"/>
      </symbol>
      <symbol id="sm-6d6">
         <name>__TI_readmsg</name>
         <value>0x3139</value>
         <object_component_ref idref="oc-3db"/>
      </symbol>
      <symbol id="sm-6d7">
         <name>C$$IO$$</name>
         <value>0x3053</value>
         <object_component_ref idref="oc-3d5"/>
      </symbol>
      <symbol id="sm-6d8">
         <name>__CIOBUF_</name>
         <value>0x20000604</value>
         <object_component_ref idref="oc-403"/>
      </symbol>
      <symbol id="sm-6d9">
         <name>__TI_writemsg</name>
         <value>0x3025</value>
         <object_component_ref idref="oc-3d5"/>
      </symbol>
      <symbol id="sm-6e3">
         <name>__aeabi_idiv0</name>
         <value>0x1a3f</value>
         <object_component_ref idref="oc-2d1"/>
      </symbol>
      <symbol id="sm-6e4">
         <name>__aeabi_ldiv0</name>
         <value>0x1a3f</value>
         <object_component_ref idref="oc-2d1"/>
      </symbol>
      <symbol id="sm-75f">
         <name>_sys_memory</name>
         <value>0x20000000</value>
         <object_component_ref idref="oc-29"/>
      </symbol>
      <symbol id="sm-760">
         <name>free</name>
         <value>0x21d1</value>
         <object_component_ref idref="oc-33a"/>
      </symbol>
      <symbol id="sm-761">
         <name>malloc</name>
         <value>0x26a1</value>
         <object_component_ref idref="oc-340"/>
      </symbol>
      <symbol id="sm-762">
         <name>minit</name>
         <value>0x3095</value>
         <object_component_ref idref="oc-36e"/>
      </symbol>
      <symbol id="sm-772">
         <name>__TI_cleanup</name>
         <value>0x3105</value>
         <object_component_ref idref="oc-346"/>
      </symbol>
      <symbol id="sm-781">
         <name>strcpy</name>
         <value>0x3307</value>
         <object_component_ref idref="oc-3ef"/>
      </symbol>
      <symbol id="sm-796">
         <name>__TI_closefile</name>
         <value>0x2719</value>
         <object_component_ref idref="oc-385"/>
      </symbol>
      <symbol id="sm-7b9">
         <name>finddevice</name>
         <value>0x316d</value>
         <object_component_ref idref="oc-421"/>
      </symbol>
      <symbol id="sm-7ba">
         <name>getdevice</name>
         <value>0x2f25</value>
         <object_component_ref idref="oc-3f9"/>
      </symbol>
      <symbol id="sm-7ca">
         <name>strcmp</name>
         <value>0x32c5</value>
         <object_component_ref idref="oc-438"/>
      </symbol>
      <symbol id="sm-7da">
         <name>strncpy</name>
         <value>0x30cd</value>
         <object_component_ref idref="oc-41b"/>
      </symbol>
      <symbol id="sm-7ea">
         <name>unlink</name>
         <value>0x31cd</value>
         <object_component_ref idref="oc-3ca"/>
      </symbol>
      <symbol id="sm-7fe">
         <name>close</name>
         <value>0x2b29</value>
         <object_component_ref idref="oc-3c4"/>
      </symbol>
      <symbol id="sm-7ff">
         <name>__TI_static_base__</name>
         <value>0x0</value>
      </symbol>
      <symbol id="sm-802">
         <name>__mpu_init</name>
         <value>0x0</value>
      </symbol>
      <symbol id="sm-803">
         <name>_system_post_cinit</name>
         <value>0x0</value>
      </symbol>
      <symbol id="sm-804">
         <name>NMI_Handler</name>
         <value>0x336d</value>
      </symbol>
      <symbol id="sm-805">
         <name>HardFault_Handler</name>
         <value>0x336d</value>
      </symbol>
      <symbol id="sm-806">
         <name>MemManage_Handler</name>
         <value>0x336d</value>
      </symbol>
      <symbol id="sm-807">
         <name>BusFault_Handler</name>
         <value>0x336d</value>
      </symbol>
      <symbol id="sm-808">
         <name>UsageFault_Handler</name>
         <value>0x336d</value>
      </symbol>
      <symbol id="sm-809">
         <name>SVC_Handler</name>
         <value>0x336d</value>
      </symbol>
      <symbol id="sm-80a">
         <name>DebugMon_Handler</name>
         <value>0x336d</value>
      </symbol>
      <symbol id="sm-80b">
         <name>PendSV_Handler</name>
         <value>0x336d</value>
      </symbol>
      <symbol id="sm-80c">
         <name>SysTick_Handler</name>
         <value>0x336d</value>
      </symbol>
      <symbol id="sm-80d">
         <name>PSS_IRQHandler</name>
         <value>0x336d</value>
      </symbol>
      <symbol id="sm-80e">
         <name>CS_IRQHandler</name>
         <value>0x336d</value>
      </symbol>
      <symbol id="sm-80f">
         <name>PCM_IRQHandler</name>
         <value>0x336d</value>
      </symbol>
      <symbol id="sm-810">
         <name>WDT_A_IRQHandler</name>
         <value>0x336d</value>
      </symbol>
      <symbol id="sm-811">
         <name>FPU_IRQHandler</name>
         <value>0x336d</value>
      </symbol>
      <symbol id="sm-812">
         <name>FLCTL_IRQHandler</name>
         <value>0x336d</value>
      </symbol>
      <symbol id="sm-813">
         <name>COMP_E0_IRQHandler</name>
         <value>0x336d</value>
      </symbol>
      <symbol id="sm-814">
         <name>COMP_E1_IRQHandler</name>
         <value>0x336d</value>
      </symbol>
      <symbol id="sm-815">
         <name>TA0_0_IRQHandler</name>
         <value>0x336d</value>
      </symbol>
      <symbol id="sm-816">
         <name>TA0_N_IRQHandler</name>
         <value>0x336d</value>
      </symbol>
      <symbol id="sm-817">
         <name>TA1_0_IRQHandler</name>
         <value>0x336d</value>
      </symbol>
      <symbol id="sm-818">
         <name>TA1_N_IRQHandler</name>
         <value>0x336d</value>
      </symbol>
      <symbol id="sm-819">
         <name>TA2_0_IRQHandler</name>
         <value>0x336d</value>
      </symbol>
      <symbol id="sm-81a">
         <name>TA2_N_IRQHandler</name>
         <value>0x336d</value>
      </symbol>
      <symbol id="sm-81b">
         <name>TA3_0_IRQHandler</name>
         <value>0x336d</value>
      </symbol>
      <symbol id="sm-81c">
         <name>TA3_N_IRQHandler</name>
         <value>0x336d</value>
      </symbol>
      <symbol id="sm-81d">
         <name>EUSCIA0_IRQHandler</name>
         <value>0x336d</value>
      </symbol>
      <symbol id="sm-81e">
         <name>EUSCIA1_IRQHandler</name>
         <value>0x336d</value>
      </symbol>
      <symbol id="sm-81f">
         <name>EUSCIA2_IRQHandler</name>
         <value>0x336d</value>
      </symbol>
      <symbol id="sm-820">
         <name>EUSCIA3_IRQHandler</name>
         <value>0x336d</value>
      </symbol>
      <symbol id="sm-821">
         <name>EUSCIB0_IRQHandler</name>
         <value>0x336d</value>
      </symbol>
      <symbol id="sm-822">
         <name>EUSCIB1_IRQHandler</name>
         <value>0x336d</value>
      </symbol>
      <symbol id="sm-823">
         <name>EUSCIB2_IRQHandler</name>
         <value>0x336d</value>
      </symbol>
      <symbol id="sm-824">
         <name>EUSCIB3_IRQHandler</name>
         <value>0x336d</value>
      </symbol>
      <symbol id="sm-825">
         <name>ADC14_IRQHandler</name>
         <value>0x336d</value>
      </symbol>
      <symbol id="sm-826">
         <name>T32_INT1_IRQHandler</name>
         <value>0x336d</value>
      </symbol>
      <symbol id="sm-827">
         <name>T32_INT2_IRQHandler</name>
         <value>0x336d</value>
      </symbol>
      <symbol id="sm-828">
         <name>T32_INTC_IRQHandler</name>
         <value>0x336d</value>
      </symbol>
      <symbol id="sm-829">
         <name>AES256_IRQHandler</name>
         <value>0x336d</value>
      </symbol>
      <symbol id="sm-82a">
         <name>RTC_C_IRQHandler</name>
         <value>0xfc1</value>
      </symbol>
      <symbol id="sm-82b">
         <name>DMA_ERR_IRQHandler</name>
         <value>0x336d</value>
      </symbol>
      <symbol id="sm-82c">
         <name>DMA_INT3_IRQHandler</name>
         <value>0x336d</value>
      </symbol>
      <symbol id="sm-82d">
         <name>DMA_INT2_IRQHandler</name>
         <value>0x336d</value>
      </symbol>
      <symbol id="sm-82e">
         <name>DMA_INT1_IRQHandler</name>
         <value>0x336d</value>
      </symbol>
      <symbol id="sm-82f">
         <name>DMA_INT0_IRQHandler</name>
         <value>0x336d</value>
      </symbol>
      <symbol id="sm-830">
         <name>PORT1_IRQHandler</name>
         <value>0x336d</value>
      </symbol>
      <symbol id="sm-831">
         <name>PORT2_IRQHandler</name>
         <value>0x336d</value>
      </symbol>
      <symbol id="sm-832">
         <name>PORT3_IRQHandler</name>
         <value>0x10a5</value>
      </symbol>
      <symbol id="sm-833">
         <name>PORT4_IRQHandler</name>
         <value>0x336d</value>
      </symbol>
      <symbol id="sm-834">
         <name>PORT5_IRQHandler</name>
         <value>0x336d</value>
      </symbol>
      <symbol id="sm-835">
         <name>PORT6_IRQHandler</name>
         <value>0x336d</value>
      </symbol>
      <symbol id="sm-836">
         <name>remove</name>
         <value>0x31cd</value>
      </symbol>
   </symbol_table>
   <title>Link successful</title>
</link_info>
