<?xml version="1.0" encoding="ISO-8859-1" ?>
<link_info>
   <banner>TI ARM Linker PC v18.1.3.LTS</banner>
   <copyright>Copyright (c) 1996-2017 Texas Instruments Incorporated</copyright>
   <link_time>0x5bfeaad1</link_time>
   <link_errors>0x0</link_errors>
   <output_file>EGR226-902_Speet_Tuuk_FinalProject.out</output_file>
   <entry_point>
      <name>_c_int00_noargs</name>
      <address>0x3001</address>
   </entry_point>
   <input_file_list>
      <input_file id="fl-2">
         <path>.\</path>
         <kind>object</kind>
         <file>main.obj</file>
         <name>main.obj</name>
      </input_file>
      <input_file id="fl-3">
         <path>.\</path>
         <kind>object</kind>
         <file>startup_msp432p401r_ccs.obj</file>
         <name>startup_msp432p401r_ccs.obj</name>
      </input_file>
      <input_file id="fl-4">
         <path>.\</path>
         <kind>object</kind>
         <file>system_msp432p401r.obj</file>
         <name>system_msp432p401r.obj</name>
      </input_file>
      <input_file id="fl-8">
         <kind>object</kind>
         <file>&lt;internal&gt;</file>
         <name>&lt;internal&gt;</name>
      </input_file>
      <input_file id="fl-be">
         <path>C:\ti\ccsv8\tools\compiler\ti-cgt-arm_18.1.3.LTS\lib\</path>
         <kind>archive</kind>
         <file>rtsv7M4_T_le_v4SPD16_eabi.lib</file>
         <name>copy_zero_init.c.obj</name>
      </input_file>
      <input_file id="fl-bf">
         <path>C:\ti\ccsv8\tools\compiler\ti-cgt-arm_18.1.3.LTS\lib\</path>
         <kind>archive</kind>
         <file>rtsv7M4_T_le_v4SPD16_eabi.lib</file>
         <name>copy_decompress_none.c.obj</name>
      </input_file>
      <input_file id="fl-c0">
         <path>C:\ti\ccsv8\tools\compiler\ti-cgt-arm_18.1.3.LTS\lib\</path>
         <kind>archive</kind>
         <file>rtsv7M4_T_le_v4SPD16_eabi.lib</file>
         <name>copy_decompress_lzss.c.obj</name>
      </input_file>
      <input_file id="fl-c1">
         <path>C:\ti\ccsv8\tools\compiler\ti-cgt-arm_18.1.3.LTS\lib\</path>
         <kind>archive</kind>
         <file>rtsv7M4_T_le_v4SPD16_eabi.lib</file>
         <name>printf.c.obj</name>
      </input_file>
      <input_file id="fl-c2">
         <path>C:\ti\ccsv8\tools\compiler\ti-cgt-arm_18.1.3.LTS\lib\</path>
         <kind>archive</kind>
         <file>rtsv7M4_T_le_v4SPD16_eabi.lib</file>
         <name>sprintf.c.obj</name>
      </input_file>
      <input_file id="fl-c3">
         <path>C:\ti\ccsv8\tools\compiler\ti-cgt-arm_18.1.3.LTS\lib\</path>
         <kind>archive</kind>
         <file>rtsv7M4_T_le_v4SPD16_eabi.lib</file>
         <name>boot_cortex_m.c.obj</name>
      </input_file>
      <input_file id="fl-c4">
         <path>C:\ti\ccsv8\tools\compiler\ti-cgt-arm_18.1.3.LTS\lib\</path>
         <kind>archive</kind>
         <file>rtsv7M4_T_le_v4SPD16_eabi.lib</file>
         <name>memset_t2.asm.obj</name>
      </input_file>
      <input_file id="fl-c5">
         <path>C:\ti\ccsv8\tools\compiler\ti-cgt-arm_18.1.3.LTS\lib\</path>
         <kind>archive</kind>
         <file>rtsv7M4_T_le_v4SPD16_eabi.lib</file>
         <name>memcpy_t2.asm.obj</name>
      </input_file>
      <input_file id="fl-c6">
         <path>C:\ti\ccsv8\tools\compiler\ti-cgt-arm_18.1.3.LTS\lib\</path>
         <kind>archive</kind>
         <file>rtsv7M4_T_le_v4SPD16_eabi.lib</file>
         <name>autoinit.c.obj</name>
      </input_file>
      <input_file id="fl-c7">
         <path>C:\ti\ccsv8\tools\compiler\ti-cgt-arm_18.1.3.LTS\lib\</path>
         <kind>archive</kind>
         <file>rtsv7M4_T_le_v4SPD16_eabi.lib</file>
         <name>pre_init.c.obj</name>
      </input_file>
      <input_file id="fl-c8">
         <path>C:\ti\ccsv8\tools\compiler\ti-cgt-arm_18.1.3.LTS\lib\</path>
         <kind>archive</kind>
         <file>rtsv7M4_T_le_v4SPD16_eabi.lib</file>
         <name>cpy_tbl.c.obj</name>
      </input_file>
      <input_file id="fl-c9">
         <path>C:\ti\ccsv8\tools\compiler\ti-cgt-arm_18.1.3.LTS\lib\</path>
         <kind>archive</kind>
         <file>rtsv7M4_T_le_v4SPD16_eabi.lib</file>
         <name>exit.c.obj</name>
      </input_file>
      <input_file id="fl-ca">
         <path>C:\ti\ccsv8\tools\compiler\ti-cgt-arm_18.1.3.LTS\lib\</path>
         <kind>archive</kind>
         <file>rtsv7M4_T_le_v4SPD16_eabi.lib</file>
         <name>_lock.c.obj</name>
      </input_file>
      <input_file id="fl-cb">
         <path>C:\ti\ccsv8\tools\compiler\ti-cgt-arm_18.1.3.LTS\lib\</path>
         <kind>archive</kind>
         <file>rtsv7M4_T_le_v4SPD16_eabi.lib</file>
         <name>_printfi.c.obj</name>
      </input_file>
      <input_file id="fl-cc">
         <path>C:\ti\ccsv8\tools\compiler\ti-cgt-arm_18.1.3.LTS\lib\</path>
         <kind>archive</kind>
         <file>rtsv7M4_T_le_v4SPD16_eabi.lib</file>
         <name>args_main.c.obj</name>
      </input_file>
      <input_file id="fl-cd">
         <path>C:\ti\ccsv8\tools\compiler\ti-cgt-arm_18.1.3.LTS\lib\</path>
         <kind>archive</kind>
         <file>rtsv7M4_T_le_v4SPD16_eabi.lib</file>
         <name>atoi.c.obj</name>
      </input_file>
      <input_file id="fl-ce">
         <path>C:\ti\ccsv8\tools\compiler\ti-cgt-arm_18.1.3.LTS\lib\</path>
         <kind>archive</kind>
         <file>rtsv7M4_T_le_v4SPD16_eabi.lib</file>
         <name>ctype.c.obj</name>
      </input_file>
      <input_file id="fl-cf">
         <path>C:\ti\ccsv8\tools\compiler\ti-cgt-arm_18.1.3.LTS\lib\</path>
         <kind>archive</kind>
         <file>rtsv7M4_T_le_v4SPD16_eabi.lib</file>
         <name>defs.c.obj</name>
      </input_file>
      <input_file id="fl-d0">
         <path>C:\ti\ccsv8\tools\compiler\ti-cgt-arm_18.1.3.LTS\lib\</path>
         <kind>archive</kind>
         <file>rtsv7M4_T_le_v4SPD16_eabi.lib</file>
         <name>fputc.c.obj</name>
      </input_file>
      <input_file id="fl-d1">
         <path>C:\ti\ccsv8\tools\compiler\ti-cgt-arm_18.1.3.LTS\lib\</path>
         <kind>archive</kind>
         <file>rtsv7M4_T_le_v4SPD16_eabi.lib</file>
         <name>fputs.c.obj</name>
      </input_file>
      <input_file id="fl-d2">
         <path>C:\ti\ccsv8\tools\compiler\ti-cgt-arm_18.1.3.LTS\lib\</path>
         <kind>archive</kind>
         <file>rtsv7M4_T_le_v4SPD16_eabi.lib</file>
         <name>ltoa.c.obj</name>
      </input_file>
      <input_file id="fl-d3">
         <path>C:\ti\ccsv8\tools\compiler\ti-cgt-arm_18.1.3.LTS\lib\</path>
         <kind>archive</kind>
         <file>rtsv7M4_T_le_v4SPD16_eabi.lib</file>
         <name>memccpy.c.obj</name>
      </input_file>
      <input_file id="fl-d4">
         <path>C:\ti\ccsv8\tools\compiler\ti-cgt-arm_18.1.3.LTS\lib\</path>
         <kind>archive</kind>
         <file>rtsv7M4_T_le_v4SPD16_eabi.lib</file>
         <name>memchr.c.obj</name>
      </input_file>
      <input_file id="fl-d5">
         <path>C:\ti\ccsv8\tools\compiler\ti-cgt-arm_18.1.3.LTS\lib\</path>
         <kind>archive</kind>
         <file>rtsv7M4_T_le_v4SPD16_eabi.lib</file>
         <name>strchr.c.obj</name>
      </input_file>
      <input_file id="fl-d6">
         <path>C:\ti\ccsv8\tools\compiler\ti-cgt-arm_18.1.3.LTS\lib\</path>
         <kind>archive</kind>
         <file>rtsv7M4_T_le_v4SPD16_eabi.lib</file>
         <name>strlen.c.obj</name>
      </input_file>
      <input_file id="fl-d7">
         <path>C:\ti\ccsv8\tools\compiler\ti-cgt-arm_18.1.3.LTS\lib\</path>
         <kind>archive</kind>
         <file>rtsv7M4_T_le_v4SPD16_eabi.lib</file>
         <name>write.c.obj</name>
      </input_file>
      <input_file id="fl-d8">
         <path>C:\ti\ccsv8\tools\compiler\ti-cgt-arm_18.1.3.LTS\lib\</path>
         <kind>archive</kind>
         <file>rtsv7M4_T_le_v4SPD16_eabi.lib</file>
         <name>errno.c.obj</name>
      </input_file>
      <input_file id="fl-d9">
         <path>C:\ti\ccsv8\tools\compiler\ti-cgt-arm_18.1.3.LTS\lib\</path>
         <kind>archive</kind>
         <file>rtsv7M4_T_le_v4SPD16_eabi.lib</file>
         <name>s_frexp.c.obj</name>
      </input_file>
      <input_file id="fl-da">
         <path>C:\ti\ccsv8\tools\compiler\ti-cgt-arm_18.1.3.LTS\lib\</path>
         <kind>archive</kind>
         <file>rtsv7M4_T_le_v4SPD16_eabi.lib</file>
         <name>s_scalbn.c.obj</name>
      </input_file>
      <input_file id="fl-db">
         <path>C:\ti\ccsv8\tools\compiler\ti-cgt-arm_18.1.3.LTS\lib\</path>
         <kind>archive</kind>
         <file>rtsv7M4_T_le_v4SPD16_eabi.lib</file>
         <name>wcslen.c.obj</name>
      </input_file>
      <input_file id="fl-dc">
         <path>C:\ti\ccsv8\tools\compiler\ti-cgt-arm_18.1.3.LTS\lib\</path>
         <kind>archive</kind>
         <file>rtsv7M4_T_le_v4SPD16_eabi.lib</file>
         <name>s_copysign.c.obj</name>
      </input_file>
      <input_file id="fl-dd">
         <path>C:\ti\ccsv8\tools\compiler\ti-cgt-arm_18.1.3.LTS\lib\</path>
         <kind>archive</kind>
         <file>rtsv7M4_T_le_v4SPD16_eabi.lib</file>
         <name>ull_div_t2.asm.obj</name>
      </input_file>
      <input_file id="fl-de">
         <path>C:\ti\ccsv8\tools\compiler\ti-cgt-arm_18.1.3.LTS\lib\</path>
         <kind>archive</kind>
         <file>rtsv7M4_T_le_v4SPD16_eabi.lib</file>
         <name>fd_add_t2.asm.obj</name>
      </input_file>
      <input_file id="fl-df">
         <path>C:\ti\ccsv8\tools\compiler\ti-cgt-arm_18.1.3.LTS\lib\</path>
         <kind>archive</kind>
         <file>rtsv7M4_T_le_v4SPD16_eabi.lib</file>
         <name>fd_cmp_t2.asm.obj</name>
      </input_file>
      <input_file id="fl-e0">
         <path>C:\ti\ccsv8\tools\compiler\ti-cgt-arm_18.1.3.LTS\lib\</path>
         <kind>archive</kind>
         <file>rtsv7M4_T_le_v4SPD16_eabi.lib</file>
         <name>fd_div_t2.asm.obj</name>
      </input_file>
      <input_file id="fl-e1">
         <path>C:\ti\ccsv8\tools\compiler\ti-cgt-arm_18.1.3.LTS\lib\</path>
         <kind>archive</kind>
         <file>rtsv7M4_T_le_v4SPD16_eabi.lib</file>
         <name>fd_mul_t2.asm.obj</name>
      </input_file>
      <input_file id="fl-e2">
         <path>C:\ti\ccsv8\tools\compiler\ti-cgt-arm_18.1.3.LTS\lib\</path>
         <kind>archive</kind>
         <file>rtsv7M4_T_le_v4SPD16_eabi.lib</file>
         <name>fd_toi_t2.asm.obj</name>
      </input_file>
      <input_file id="fl-e3">
         <path>C:\ti\ccsv8\tools\compiler\ti-cgt-arm_18.1.3.LTS\lib\</path>
         <kind>archive</kind>
         <file>rtsv7M4_T_le_v4SPD16_eabi.lib</file>
         <name>i_tofd_t2.asm.obj</name>
      </input_file>
      <input_file id="fl-e4">
         <path>C:\ti\ccsv8\tools\compiler\ti-cgt-arm_18.1.3.LTS\lib\</path>
         <kind>archive</kind>
         <file>rtsv7M4_T_le_v4SPD16_eabi.lib</file>
         <name>_io_perm.c.obj</name>
      </input_file>
      <input_file id="fl-e5">
         <path>C:\ti\ccsv8\tools\compiler\ti-cgt-arm_18.1.3.LTS\lib\</path>
         <kind>archive</kind>
         <file>rtsv7M4_T_le_v4SPD16_eabi.lib</file>
         <name>fflush.c.obj</name>
      </input_file>
      <input_file id="fl-e6">
         <path>C:\ti\ccsv8\tools\compiler\ti-cgt-arm_18.1.3.LTS\lib\</path>
         <kind>archive</kind>
         <file>rtsv7M4_T_le_v4SPD16_eabi.lib</file>
         <name>fseek.c.obj</name>
      </input_file>
      <input_file id="fl-e7">
         <path>C:\ti\ccsv8\tools\compiler\ti-cgt-arm_18.1.3.LTS\lib\</path>
         <kind>archive</kind>
         <file>rtsv7M4_T_le_v4SPD16_eabi.lib</file>
         <name>lseek.c.obj</name>
      </input_file>
      <input_file id="fl-e8">
         <path>C:\ti\ccsv8\tools\compiler\ti-cgt-arm_18.1.3.LTS\lib\</path>
         <kind>archive</kind>
         <file>rtsv7M4_T_le_v4SPD16_eabi.lib</file>
         <name>setvbuf.c.obj</name>
      </input_file>
      <input_file id="fl-e9">
         <path>C:\ti\ccsv8\tools\compiler\ti-cgt-arm_18.1.3.LTS\lib\</path>
         <kind>archive</kind>
         <file>rtsv7M4_T_le_v4SPD16_eabi.lib</file>
         <name>hostclose.c.obj</name>
      </input_file>
      <input_file id="fl-ea">
         <path>C:\ti\ccsv8\tools\compiler\ti-cgt-arm_18.1.3.LTS\lib\</path>
         <kind>archive</kind>
         <file>rtsv7M4_T_le_v4SPD16_eabi.lib</file>
         <name>hostlseek.c.obj</name>
      </input_file>
      <input_file id="fl-eb">
         <path>C:\ti\ccsv8\tools\compiler\ti-cgt-arm_18.1.3.LTS\lib\</path>
         <kind>archive</kind>
         <file>rtsv7M4_T_le_v4SPD16_eabi.lib</file>
         <name>hostopen.c.obj</name>
      </input_file>
      <input_file id="fl-ec">
         <path>C:\ti\ccsv8\tools\compiler\ti-cgt-arm_18.1.3.LTS\lib\</path>
         <kind>archive</kind>
         <file>rtsv7M4_T_le_v4SPD16_eabi.lib</file>
         <name>hostread.c.obj</name>
      </input_file>
      <input_file id="fl-ed">
         <path>C:\ti\ccsv8\tools\compiler\ti-cgt-arm_18.1.3.LTS\lib\</path>
         <kind>archive</kind>
         <file>rtsv7M4_T_le_v4SPD16_eabi.lib</file>
         <name>hostrename.c.obj</name>
      </input_file>
      <input_file id="fl-ee">
         <path>C:\ti\ccsv8\tools\compiler\ti-cgt-arm_18.1.3.LTS\lib\</path>
         <kind>archive</kind>
         <file>rtsv7M4_T_le_v4SPD16_eabi.lib</file>
         <name>hostunlink.c.obj</name>
      </input_file>
      <input_file id="fl-ef">
         <path>C:\ti\ccsv8\tools\compiler\ti-cgt-arm_18.1.3.LTS\lib\</path>
         <kind>archive</kind>
         <file>rtsv7M4_T_le_v4SPD16_eabi.lib</file>
         <name>hostwrite.c.obj</name>
      </input_file>
      <input_file id="fl-f0">
         <path>C:\ti\ccsv8\tools\compiler\ti-cgt-arm_18.1.3.LTS\lib\</path>
         <kind>archive</kind>
         <file>rtsv7M4_T_le_v4SPD16_eabi.lib</file>
         <name>trgmsg.c.obj</name>
      </input_file>
      <input_file id="fl-f1">
         <path>C:\ti\ccsv8\tools\compiler\ti-cgt-arm_18.1.3.LTS\lib\</path>
         <kind>archive</kind>
         <file>rtsv7M4_T_le_v4SPD16_eabi.lib</file>
         <name>div0.asm.obj</name>
      </input_file>
      <input_file id="fl-f2">
         <path>C:\ti\ccsv8\tools\compiler\ti-cgt-arm_18.1.3.LTS\lib\</path>
         <kind>archive</kind>
         <file>rtsv7M4_T_le_v4SPD16_eabi.lib</file>
         <name>memory.c.obj</name>
      </input_file>
      <input_file id="fl-f3">
         <path>C:\ti\ccsv8\tools\compiler\ti-cgt-arm_18.1.3.LTS\lib\</path>
         <kind>archive</kind>
         <file>rtsv7M4_T_le_v4SPD16_eabi.lib</file>
         <name>fopen.c.obj</name>
      </input_file>
      <input_file id="fl-f4">
         <path>C:\ti\ccsv8\tools\compiler\ti-cgt-arm_18.1.3.LTS\lib\</path>
         <kind>archive</kind>
         <file>rtsv7M4_T_le_v4SPD16_eabi.lib</file>
         <name>open.c.obj</name>
      </input_file>
      <input_file id="fl-f5">
         <path>C:\ti\ccsv8\tools\compiler\ti-cgt-arm_18.1.3.LTS\lib\</path>
         <kind>archive</kind>
         <file>rtsv7M4_T_le_v4SPD16_eabi.lib</file>
         <name>strcpy.c.obj</name>
      </input_file>
      <input_file id="fl-f6">
         <path>C:\ti\ccsv8\tools\compiler\ti-cgt-arm_18.1.3.LTS\lib\</path>
         <kind>archive</kind>
         <file>rtsv7M4_T_le_v4SPD16_eabi.lib</file>
         <name>fclose.c.obj</name>
      </input_file>
      <input_file id="fl-f7">
         <path>C:\ti\ccsv8\tools\compiler\ti-cgt-arm_18.1.3.LTS\lib\</path>
         <kind>archive</kind>
         <file>rtsv7M4_T_le_v4SPD16_eabi.lib</file>
         <name>getdevice.c.obj</name>
      </input_file>
      <input_file id="fl-f8">
         <path>C:\ti\ccsv8\tools\compiler\ti-cgt-arm_18.1.3.LTS\lib\</path>
         <kind>archive</kind>
         <file>rtsv7M4_T_le_v4SPD16_eabi.lib</file>
         <name>remove.c.obj</name>
      </input_file>
      <input_file id="fl-f9">
         <path>C:\ti\ccsv8\tools\compiler\ti-cgt-arm_18.1.3.LTS\lib\</path>
         <kind>archive</kind>
         <file>rtsv7M4_T_le_v4SPD16_eabi.lib</file>
         <name>strcmp.c.obj</name>
      </input_file>
      <input_file id="fl-fa">
         <path>C:\ti\ccsv8\tools\compiler\ti-cgt-arm_18.1.3.LTS\lib\</path>
         <kind>archive</kind>
         <file>rtsv7M4_T_le_v4SPD16_eabi.lib</file>
         <name>strncpy.c.obj</name>
      </input_file>
      <input_file id="fl-fb">
         <path>C:\ti\ccsv8\tools\compiler\ti-cgt-arm_18.1.3.LTS\lib\</path>
         <kind>archive</kind>
         <file>rtsv7M4_T_le_v4SPD16_eabi.lib</file>
         <name>unlink.c.obj</name>
      </input_file>
      <input_file id="fl-fc">
         <path>C:\ti\ccsv8\tools\compiler\ti-cgt-arm_18.1.3.LTS\lib\</path>
         <kind>archive</kind>
         <file>rtsv7M4_T_le_v4SPD16_eabi.lib</file>
         <name>close.c.obj</name>
      </input_file>
   </input_file_list>
   <object_component_list>
      <object_component id="oc-23">
         <name>.intvecs:retain</name>
         <load_address>0x0</load_address>
         <run_address>0x0</run_address>
         <size>0xe4</size>
         <input_file_ref idref="fl-3"/>
      </object_component>
      <object_component id="oc-134">
         <name>.text:__TI_printfi</name>
         <load_address>0xe4</load_address>
         <run_address>0xe4</run_address>
         <size>0xa5e</size>
         <input_file_ref idref="fl-cb"/>
      </object_component>
      <object_component id="oc-1e4">
         <name>.text:_nop</name>
         <load_address>0xb42</load_address>
         <run_address>0xb42</run_address>
         <size>0x2</size>
         <input_file_ref idref="fl-ca"/>
      </object_component>
      <object_component id="oc-6d">
         <name>.text</name>
         <load_address>0xb44</load_address>
         <run_address>0xb44</run_address>
         <size>0x574</size>
         <input_file_ref idref="fl-2"/>
      </object_component>
      <object_component id="oc-a9">
         <name>.text</name>
         <load_address>0x10b8</load_address>
         <run_address>0x10b8</run_address>
         <size>0x334</size>
         <input_file_ref idref="fl-4"/>
      </object_component>
      <object_component id="oc-1bc">
         <name>.text:_pconv_a</name>
         <load_address>0x13ec</load_address>
         <run_address>0x13ec</run_address>
         <size>0x270</size>
         <input_file_ref idref="fl-cb"/>
      </object_component>
      <object_component id="oc-1aa">
         <name>.text:_pconv_g</name>
         <load_address>0x165c</load_address>
         <run_address>0x165c</run_address>
         <size>0x1d0</size>
         <input_file_ref idref="fl-cb"/>
      </object_component>
      <object_component id="oc-24b">
         <name>.text</name>
         <load_address>0x182c</load_address>
         <run_address>0x182c</run_address>
         <size>0x1b6</size>
         <input_file_ref idref="fl-de"/>
      </object_component>
      <object_component id="oc-2d1">
         <name>.text</name>
         <load_address>0x19e2</load_address>
         <run_address>0x19e2</run_address>
         <size>0x2</size>
         <input_file_ref idref="fl-f1"/>
      </object_component>
      <object_component id="oc-1b6">
         <name>.text:_pconv_e</name>
         <load_address>0x19e4</load_address>
         <run_address>0x19e4</run_address>
         <size>0x13c</size>
         <input_file_ref idref="fl-cb"/>
      </object_component>
      <object_component id="oc-231">
         <name>.text</name>
         <load_address>0x1b20</load_address>
         <run_address>0x1b20</run_address>
         <size>0x136</size>
         <input_file_ref idref="fl-e0"/>
      </object_component>
      <object_component id="oc-25d">
         <name>.text:fcvt</name>
         <load_address>0x1c58</load_address>
         <run_address>0x1c58</run_address>
         <size>0x120</size>
         <input_file_ref idref="fl-cb"/>
      </object_component>
      <object_component id="oc-1f2">
         <name>.text:fputs</name>
         <load_address>0x1d78</load_address>
         <run_address>0x1d78</run_address>
         <size>0x114</size>
         <input_file_ref idref="fl-d1"/>
      </object_component>
      <object_component id="oc-271">
         <name>.text:scalbn</name>
         <load_address>0x1e8c</load_address>
         <run_address>0x1e8c</run_address>
         <size>0x110</size>
         <input_file_ref idref="fl-da"/>
      </object_component>
      <object_component id="oc-22c">
         <name>.text</name>
         <load_address>0x1f9c</load_address>
         <run_address>0x1f9c</run_address>
         <size>0xfc</size>
         <input_file_ref idref="fl-e1"/>
      </object_component>
      <object_component id="oc-30c">
         <name>.text:setvbuf</name>
         <load_address>0x2098</load_address>
         <run_address>0x2098</run_address>
         <size>0xdc</size>
         <input_file_ref idref="fl-e8"/>
      </object_component>
      <object_component id="oc-33a">
         <name>.text:free</name>
         <load_address>0x2174</load_address>
         <run_address>0x2174</run_address>
         <size>0xd8</size>
         <input_file_ref idref="fl-f2"/>
      </object_component>
      <object_component id="oc-19f">
         <name>.text:_ltostr</name>
         <load_address>0x224c</load_address>
         <run_address>0x224c</run_address>
         <size>0xb1</size>
         <input_file_ref idref="fl-cb"/>
      </object_component>
      <object_component id="oc-37">
         <name>.text</name>
         <load_address>0x22fe</load_address>
         <run_address>0x22fe</run_address>
         <size>0x9c</size>
         <input_file_ref idref="fl-c5"/>
      </object_component>
      <object_component id="oc-225">
         <name>.text</name>
         <load_address>0x239a</load_address>
         <run_address>0x239a</run_address>
         <size>0x96</size>
         <input_file_ref idref="fl-dd"/>
      </object_component>
      <object_component id="oc-1f9">
         <name>.text:fputc</name>
         <load_address>0x2430</load_address>
         <run_address>0x2430</run_address>
         <size>0x8c</size>
         <input_file_ref idref="fl-d0"/>
      </object_component>
      <object_component id="oc-1a5">
         <name>.text:__aeabi_cdcmple</name>
         <load_address>0x24bc</load_address>
         <run_address>0x24bc</run_address>
         <size>0x86</size>
         <input_file_ref idref="fl-df"/>
      </object_component>
      <object_component id="oc-236">
         <name>.text:__aeabi_cdrcmple</name>
         <load_address>0x2542</load_address>
         <run_address>0x2542</run_address>
         <size>0x86</size>
         <input_file_ref idref="fl-df"/>
      </object_component>
      <object_component id="oc-91">
         <name>.text</name>
         <load_address>0x25c8</load_address>
         <run_address>0x25c8</run_address>
         <size>0x7a</size>
         <input_file_ref idref="fl-c4"/>
      </object_component>
      <object_component id="oc-340">
         <name>.text:malloc</name>
         <load_address>0x2644</load_address>
         <run_address>0x2644</run_address>
         <size>0x78</size>
         <input_file_ref idref="fl-f2"/>
      </object_component>
      <object_component id="oc-385">
         <name>.text:__TI_closefile</name>
         <load_address>0x26bc</load_address>
         <run_address>0x26bc</run_address>
         <size>0x74</size>
         <input_file_ref idref="fl-f6"/>
      </object_component>
      <object_component id="oc-256">
         <name>.text:_mcpy</name>
         <load_address>0x2730</load_address>
         <run_address>0x2730</run_address>
         <size>0x6e</size>
         <input_file_ref idref="fl-cb"/>
      </object_component>
      <object_component id="oc-3a9">
         <name>.text:HOSTlseek</name>
         <load_address>0x27a0</load_address>
         <run_address>0x27a0</run_address>
         <size>0x68</size>
         <input_file_ref idref="fl-ea"/>
      </object_component>
      <object_component id="oc-3b5">
         <name>.text:HOSTrename</name>
         <load_address>0x2808</load_address>
         <run_address>0x2808</run_address>
         <size>0x68</size>
         <input_file_ref idref="fl-ed"/>
      </object_component>
      <object_component id="oc-14">
         <name>.text:decompress:lzss:__TI_decompress_lzss</name>
         <load_address>0x2870</load_address>
         <run_address>0x2870</run_address>
         <size>0x68</size>
         <input_file_ref idref="fl-c0"/>
      </object_component>
      <object_component id="oc-b6">
         <name>.text:printf</name>
         <load_address>0x28d8</load_address>
         <run_address>0x28d8</run_address>
         <size>0x68</size>
         <input_file_ref idref="fl-c1"/>
      </object_component>
      <object_component id="oc-26b">
         <name>.text:frexp</name>
         <load_address>0x2940</load_address>
         <run_address>0x2940</run_address>
         <size>0x64</size>
         <input_file_ref idref="fl-d9"/>
      </object_component>
      <object_component id="oc-306">
         <name>.text:fseek</name>
         <load_address>0x29a4</load_address>
         <run_address>0x29a4</run_address>
         <size>0x64</size>
         <input_file_ref idref="fl-e6"/>
      </object_component>
      <object_component id="oc-2a2">
         <name>.text:__TI_wrt_ok</name>
         <load_address>0x2a08</load_address>
         <run_address>0x2a08</run_address>
         <size>0x62</size>
         <input_file_ref idref="fl-e4"/>
      </object_component>
      <object_component id="oc-391">
         <name>.text:HOSTopen</name>
         <load_address>0x2a6c</load_address>
         <run_address>0x2a6c</run_address>
         <size>0x60</size>
         <input_file_ref idref="fl-eb"/>
      </object_component>
      <object_component id="oc-3c4">
         <name>.text:close</name>
         <load_address>0x2acc</load_address>
         <run_address>0x2acc</run_address>
         <size>0x5c</size>
         <input_file_ref idref="fl-fc"/>
      </object_component>
      <object_component id="oc-39d">
         <name>.text:HOSTread</name>
         <load_address>0x2b28</load_address>
         <run_address>0x2b28</run_address>
         <size>0x58</size>
         <input_file_ref idref="fl-ec"/>
      </object_component>
      <object_component id="oc-3a3">
         <name>.text:HOSTwrite</name>
         <load_address>0x2b80</load_address>
         <run_address>0x2b80</run_address>
         <size>0x58</size>
         <input_file_ref idref="fl-ef"/>
      </object_component>
      <object_component id="oc-1b0">
         <name>.text:_pconv_f</name>
         <load_address>0x2bd8</load_address>
         <run_address>0x2bd8</run_address>
         <size>0x56</size>
         <input_file_ref idref="fl-cb"/>
      </object_component>
      <object_component id="oc-240">
         <name>.text:ltoa</name>
         <load_address>0x2c2e</load_address>
         <run_address>0x2c2e</run_address>
         <size>0x54</size>
         <input_file_ref idref="fl-d2"/>
      </object_component>
      <object_component id="oc-250">
         <name>.text:_ecpy</name>
         <load_address>0x2c82</load_address>
         <run_address>0x2c82</run_address>
         <size>0x52</size>
         <input_file_ref idref="fl-cb"/>
      </object_component>
      <object_component id="oc-2ae">
         <name>.text:__TI_doflush</name>
         <load_address>0x2cd4</load_address>
         <run_address>0x2cd4</run_address>
         <size>0x4c</size>
         <input_file_ref idref="fl-e5"/>
      </object_component>
      <object_component id="oc-199">
         <name>.text:atoi</name>
         <load_address>0x2d20</load_address>
         <run_address>0x2d20</run_address>
         <size>0x4c</size>
         <input_file_ref idref="fl-cd"/>
      </object_component>
      <object_component id="oc-f8">
         <name>.text:exit</name>
         <load_address>0x2d6c</load_address>
         <run_address>0x2d6c</run_address>
         <size>0x48</size>
         <input_file_ref idref="fl-c9"/>
      </object_component>
      <object_component id="oc-23b">
         <name>.text</name>
         <load_address>0x2db4</load_address>
         <run_address>0x2db4</run_address>
         <size>0x48</size>
         <input_file_ref idref="fl-e2"/>
      </object_component>
      <object_component id="oc-397">
         <name>.text:HOSTclose</name>
         <load_address>0x2dfc</load_address>
         <run_address>0x2dfc</run_address>
         <size>0x44</size>
         <input_file_ref idref="fl-e9"/>
      </object_component>
      <object_component id="oc-3af">
         <name>.text:HOSTunlink</name>
         <load_address>0x2e40</load_address>
         <run_address>0x2e40</run_address>
         <size>0x44</size>
         <input_file_ref idref="fl-ee"/>
      </object_component>
      <object_component id="oc-fe">
         <name>.text:__TI_auto_init_nobinit_nopinit:__TI_auto_init_nobinit_nopinit</name>
         <load_address>0x2e84</load_address>
         <run_address>0x2e84</run_address>
         <size>0x44</size>
         <input_file_ref idref="fl-c6"/>
      </object_component>
      <object_component id="oc-3f9">
         <name>.text:getdevice</name>
         <load_address>0x2ec8</load_address>
         <run_address>0x2ec8</run_address>
         <size>0x44</size>
         <input_file_ref idref="fl-f7"/>
      </object_component>
      <object_component id="oc-b0">
         <name>.text:sprintf</name>
         <load_address>0x2f0c</load_address>
         <run_address>0x2f0c</run_address>
         <size>0x40</size>
         <input_file_ref idref="fl-c2"/>
      </object_component>
      <object_component id="oc-263">
         <name>.text:_fcpy</name>
         <load_address>0x2f4c</load_address>
         <run_address>0x2f4c</run_address>
         <size>0x3e</size>
         <input_file_ref idref="fl-cb"/>
      </object_component>
      <object_component id="oc-37a">
         <name>.text:minsert</name>
         <load_address>0x2f8c</load_address>
         <run_address>0x2f8c</run_address>
         <size>0x3c</size>
         <input_file_ref idref="fl-f2"/>
      </object_component>
      <object_component id="oc-3d5">
         <name>.text:__TI_writemsg</name>
         <load_address>0x2fc8</load_address>
         <run_address>0x2fc8</run_address>
         <size>0x38</size>
         <input_file_ref idref="fl-f0"/>
      </object_component>
      <object_component id="oc-55">
         <name>.text:_c_int00_noargs:_c_int00_noargs</name>
         <load_address>0x3000</load_address>
         <run_address>0x3000</run_address>
         <size>0x38</size>
         <input_file_ref idref="fl-c3"/>
      </object_component>
      <object_component id="oc-36e">
         <name>.text:minit</name>
         <load_address>0x3038</load_address>
         <run_address>0x3038</run_address>
         <size>0x38</size>
         <input_file_ref idref="fl-f2"/>
      </object_component>
      <object_component id="oc-41b">
         <name>.text:strncpy</name>
         <load_address>0x3070</load_address>
         <run_address>0x3070</run_address>
         <size>0x36</size>
         <input_file_ref idref="fl-fa"/>
      </object_component>
      <object_component id="oc-346">
         <name>.text:__TI_cleanup</name>
         <load_address>0x30a8</load_address>
         <run_address>0x30a8</run_address>
         <size>0x34</size>
         <input_file_ref idref="fl-f3"/>
      </object_component>
      <object_component id="oc-3db">
         <name>.text:__TI_readmsg</name>
         <load_address>0x30dc</load_address>
         <run_address>0x30dc</run_address>
         <size>0x34</size>
         <input_file_ref idref="fl-f0"/>
      </object_component>
      <object_component id="oc-421">
         <name>.text:finddevice</name>
         <load_address>0x3110</load_address>
         <run_address>0x3110</run_address>
         <size>0x30</size>
         <input_file_ref idref="fl-f7"/>
      </object_component>
      <object_component id="oc-246">
         <name>.text</name>
         <load_address>0x3140</load_address>
         <run_address>0x3140</run_address>
         <size>0x2e</size>
         <input_file_ref idref="fl-e3"/>
      </object_component>
      <object_component id="oc-3ca">
         <name>.text:unlink</name>
         <load_address>0x3170</load_address>
         <run_address>0x3170</run_address>
         <size>0x2c</size>
         <input_file_ref idref="fl-fb"/>
      </object_component>
      <object_component id="oc-332">
         <name>.text:lseek</name>
         <load_address>0x319c</load_address>
         <run_address>0x319c</run_address>
         <size>0x28</size>
         <input_file_ref idref="fl-e7"/>
      </object_component>
      <object_component id="oc-374">
         <name>.text:mremove</name>
         <load_address>0x31c4</load_address>
         <run_address>0x31c4</run_address>
         <size>0x28</size>
         <input_file_ref idref="fl-f2"/>
      </object_component>
      <object_component id="oc-2b4">
         <name>.text:write</name>
         <load_address>0x31ec</load_address>
         <run_address>0x31ec</run_address>
         <size>0x28</size>
         <input_file_ref idref="fl-d7"/>
      </object_component>
      <object_component id="oc-2a8">
         <name>.text:memchr</name>
         <load_address>0x3214</load_address>
         <run_address>0x3214</run_address>
         <size>0x20</size>
         <input_file_ref idref="fl-d4"/>
      </object_component>
      <object_component id="oc-1c2">
         <name>.text:memccpy</name>
         <load_address>0x3234</load_address>
         <run_address>0x3234</run_address>
         <size>0x1c</size>
         <input_file_ref idref="fl-d3"/>
      </object_component>
      <object_component id="oc-13a">
         <name>.text:_outs</name>
         <load_address>0x3250</load_address>
         <run_address>0x3250</run_address>
         <size>0x18</size>
         <input_file_ref idref="fl-c2"/>
      </object_component>
      <object_component id="oc-438">
         <name>.text:strcmp</name>
         <load_address>0x3268</load_address>
         <run_address>0x3268</run_address>
         <size>0x18</size>
         <input_file_ref idref="fl-f9"/>
      </object_component>
      <object_component id="oc-277">
         <name>.text:strchr</name>
         <load_address>0x3280</load_address>
         <run_address>0x3280</run_address>
         <size>0x16</size>
         <input_file_ref idref="fl-d5"/>
      </object_component>
      <object_component id="oc-2ea">
         <name>.text:copysign</name>
         <load_address>0x3296</load_address>
         <run_address>0x3296</run_address>
         <size>0x14</size>
         <input_file_ref idref="fl-dc"/>
      </object_component>
      <object_component id="oc-3ef">
         <name>.text:strcpy</name>
         <load_address>0x32aa</load_address>
         <run_address>0x32aa</run_address>
         <size>0x14</size>
         <input_file_ref idref="fl-f5"/>
      </object_component>
      <object_component id="oc-193">
         <name>.text:strlen</name>
         <load_address>0x32be</load_address>
         <run_address>0x32be</run_address>
         <size>0x14</size>
         <input_file_ref idref="fl-d6"/>
      </object_component>
      <object_component id="oc-43">
         <name>.text:decompress:ZI:__TI_zero_init_nomemset:__TI_zero_init_nomemset</name>
         <load_address>0x32d2</load_address>
         <run_address>0x32d2</run_address>
         <size>0x12</size>
         <input_file_ref idref="fl-be"/>
      </object_component>
      <object_component id="oc-1c8">
         <name>.text:wcslen</name>
         <load_address>0x32e4</load_address>
         <run_address>0x32e4</run_address>
         <size>0x12</size>
         <input_file_ref idref="fl-db"/>
      </object_component>
      <object_component id="oc-1a">
         <name>.text:decompress:none:__TI_decompress_none</name>
         <load_address>0x32f6</load_address>
         <run_address>0x32f6</run_address>
         <size>0xe</size>
         <input_file_ref idref="fl-bf"/>
      </object_component>
      <object_component id="oc-67">
         <name>.text</name>
         <load_address>0x3304</load_address>
         <run_address>0x3304</run_address>
         <size>0xe</size>
         <input_file_ref idref="fl-3"/>
      </object_component>
      <object_component id="oc-140">
         <name>.text:_outc</name>
         <load_address>0x3312</load_address>
         <run_address>0x3312</run_address>
         <size>0xa</size>
         <input_file_ref idref="fl-c2"/>
      </object_component>
      <object_component id="oc-1ce">
         <name>.text:__aeabi_errno_addr</name>
         <load_address>0x331c</load_address>
         <run_address>0x331c</run_address>
         <size>0x8</size>
         <input_file_ref idref="fl-d8"/>
      </object_component>
      <object_component id="oc-159">
         <name>.text:_outc</name>
         <load_address>0x3324</load_address>
         <run_address>0x3324</run_address>
         <size>0x4</size>
         <input_file_ref idref="fl-c1"/>
      </object_component>
      <object_component id="oc-153">
         <name>.text:_outs</name>
         <load_address>0x3328</load_address>
         <run_address>0x3328</run_address>
         <size>0x4</size>
         <input_file_ref idref="fl-c1"/>
      </object_component>
      <object_component id="oc-97">
         <name>.text:_system_pre_init</name>
         <load_address>0x332c</load_address>
         <run_address>0x332c</run_address>
         <size>0x4</size>
         <input_file_ref idref="fl-c7"/>
      </object_component>
      <object_component id="oc-f2">
         <name>.text:abort:abort</name>
         <load_address>0x3330</load_address>
         <run_address>0x3330</run_address>
         <size>0x4</size>
         <input_file_ref idref="fl-c9"/>
      </object_component>
      <object_component id="oc-220">
         <name>.const:.string:_ctypes_</name>
         <load_address>0x3334</load_address>
         <run_address>0x3334</run_address>
         <size>0x101</size>
         <input_file_ref idref="fl-ce"/>
      </object_component>
      <object_component id="oc-476">
         <name>.cinit..data.load</name>
         <load_address>0x3438</load_address>
         <run_address>0x3438</run_address>
         <size>0x78</size>
      </object_component>
      <object_component id="oc-474">
         <name>__TI_handler_table</name>
         <load_address>0x34b0</load_address>
         <run_address>0x34b0</run_address>
         <size>0xc</size>
      </object_component>
      <object_component id="oc-477">
         <name>.cinit..bss.load</name>
         <load_address>0x34c0</load_address>
         <run_address>0x34c0</run_address>
         <size>0x8</size>
      </object_component>
      <object_component id="oc-475">
         <name>__TI_cinit_table</name>
         <load_address>0x34c8</load_address>
         <run_address>0x34c8</run_address>
         <size>0x10</size>
      </object_component>
      <object_component id="oc-449">
         <name>.binit</name>
         <load_address>0x0</load_address>
         <run_address>0x0</run_address>
         <size>0x0</size>
      </object_component>
      <object_component id="oc-bc">
         <name>.data</name>
         <load_address>0x200005b8</load_address>
         <run_address>0x200005b8</run_address>
         <size>0x10</size>
         <input_file_ref idref="fl-2"/>
      </object_component>
      <object_component id="oc-130">
         <name>.data</name>
         <load_address>0x200005fc</load_address>
         <run_address>0x200005fc</run_address>
         <size>0x4</size>
         <input_file_ref idref="fl-4"/>
      </object_component>
      <object_component id="oc-175">
         <name>.data:$O1$$</name>
         <load_address>0x200005d8</load_address>
         <run_address>0x200005d8</run_address>
         <size>0xc</size>
         <input_file_ref idref="fl-c9"/>
      </object_component>
      <object_component id="oc-14d">
         <name>.data:$O1$$</name>
         <load_address>0x200005f0</load_address>
         <run_address>0x200005f0</run_address>
         <size>0x8</size>
         <input_file_ref idref="fl-ca"/>
      </object_component>
      <object_component id="oc-150">
         <name>.data:_ftable</name>
         <load_address>0x20000400</load_address>
         <run_address>0x20000400</run_address>
         <size>0xf0</size>
         <input_file_ref idref="fl-cf"/>
      </object_component>
      <object_component id="oc-38b">
         <name>.data</name>
         <load_address>0x200005c8</load_address>
         <run_address>0x200005c8</run_address>
         <size>0x10</size>
         <input_file_ref idref="fl-cf"/>
      </object_component>
      <object_component id="oc-359">
         <name>.data:_device</name>
         <load_address>0x200004f0</load_address>
         <run_address>0x200004f0</run_address>
         <size>0x78</size>
         <input_file_ref idref="fl-d7"/>
      </object_component>
      <object_component id="oc-318">
         <name>.data:_stream</name>
         <load_address>0x20000568</load_address>
         <run_address>0x20000568</run_address>
         <size>0x50</size>
         <input_file_ref idref="fl-d7"/>
      </object_component>
      <object_component id="oc-287">
         <name>.data</name>
         <load_address>0x200005f8</load_address>
         <run_address>0x200005f8</run_address>
         <size>0x4</size>
         <input_file_ref idref="fl-d8"/>
      </object_component>
      <object_component id="oc-380">
         <name>.data:$O1$$</name>
         <load_address>0x200005e4</load_address>
         <run_address>0x200005e4</run_address>
         <size>0xc</size>
         <input_file_ref idref="fl-f2"/>
      </object_component>
      <object_component id="oc-403">
         <name>.bss:_CIOBUF_</name>
         <uninitialized>true</uninitialized>
         <run_address>0x20000600</run_address>
         <size>0x120</size>
         <input_file_ref idref="fl-f0"/>
      </object_component>
      <object_component id="oc-c3">
         <name>.common:hours</name>
         <uninitialized>true</uninitialized>
         <run_address>0x200007c8</run_address>
         <size>0x1</size>
      </object_component>
      <object_component id="oc-bf">
         <name>.common:mins</name>
         <uninitialized>true</uninitialized>
         <run_address>0x200007c9</run_address>
         <size>0x1</size>
      </object_component>
      <object_component id="oc-c2">
         <name>.common:secs</name>
         <uninitialized>true</uninitialized>
         <run_address>0x200007ca</run_address>
         <size>0x1</size>
      </object_component>
      <object_component id="oc-3d0">
         <name>.common:__TI_tmpnams</name>
         <uninitialized>true</uninitialized>
         <run_address>0x20000720</run_address>
         <size>0xa0</size>
      </object_component>
      <object_component id="oc-3e1">
         <name>.common:parmbuf</name>
         <uninitialized>true</uninitialized>
         <run_address>0x200007c0</run_address>
         <size>0x8</size>
      </object_component>
      <object_component id="oc-29">
         <name>.sysmem</name>
         <uninitialized>true</uninitialized>
         <run_address>0x20000000</run_address>
         <size>0x8</size>
         <input_file_ref idref="fl-f2"/>
      </object_component>
      <object_component id="oc-479">
         <name>.sysmem</name>
         <uninitialized>true</uninitialized>
         <run_address>0x20000000</run_address>
         <size>0x0</size>
      </object_component>
      <object_component id="oc-26">
         <name>.stack</name>
         <uninitialized>true</uninitialized>
         <run_address>0x2000fe00</run_address>
         <size>0x4</size>
         <input_file_ref idref="fl-c3"/>
      </object_component>
      <object_component id="oc-478">
         <name>.stack</name>
         <uninitialized>true</uninitialized>
         <run_address>0x2000fe00</run_address>
         <size>0x0</size>
      </object_component>
      <object_component id="oc-c0">
         <name>.debug_info</name>
         <load_address>0x0</load_address>
         <run_address>0x0</run_address>
         <size>0x610</size>
         <input_file_ref idref="fl-2"/>
      </object_component>
      <object_component id="oc-bd">
         <name>.debug_info</name>
         <load_address>0x610</load_address>
         <run_address>0x610</run_address>
         <size>0x14d</size>
         <input_file_ref idref="fl-2"/>
      </object_component>
      <object_component id="oc-6e">
         <name>.debug_info</name>
         <load_address>0x75d</load_address>
         <run_address>0x75d</run_address>
         <size>0x92c</size>
         <input_file_ref idref="fl-2"/>
      </object_component>
      <object_component id="oc-16a">
         <name>.debug_info</name>
         <load_address>0x1089</load_address>
         <run_address>0x1089</run_address>
         <size>0x1055</size>
         <input_file_ref idref="fl-2"/>
      </object_component>
      <object_component id="oc-ca">
         <name>.debug_info</name>
         <load_address>0x20de</load_address>
         <run_address>0x20de</run_address>
         <size>0x37e2</size>
         <input_file_ref idref="fl-2"/>
      </object_component>
      <object_component id="oc-d1">
         <name>.debug_info</name>
         <load_address>0x58c0</load_address>
         <run_address>0x58c0</run_address>
         <size>0x26b</size>
         <input_file_ref idref="fl-2"/>
      </object_component>
      <object_component id="oc-32">
         <name>.debug_info</name>
         <load_address>0x5b2b</load_address>
         <run_address>0x5b2b</run_address>
         <size>0x84</size>
         <input_file_ref idref="fl-2"/>
      </object_component>
      <object_component id="oc-16f">
         <name>.debug_info</name>
         <load_address>0x5baf</load_address>
         <run_address>0x5baf</run_address>
         <size>0x297</size>
         <input_file_ref idref="fl-2"/>
      </object_component>
      <object_component id="oc-c5">
         <name>.debug_info</name>
         <load_address>0x5e46</load_address>
         <run_address>0x5e46</run_address>
         <size>0xbb</size>
         <input_file_ref idref="fl-2"/>
      </object_component>
      <object_component id="oc-148">
         <name>.debug_info</name>
         <load_address>0x5f01</load_address>
         <run_address>0x5f01</run_address>
         <size>0x2c</size>
         <input_file_ref idref="fl-2"/>
      </object_component>
      <object_component id="oc-163">
         <name>.debug_info</name>
         <load_address>0x5f2d</load_address>
         <run_address>0x5f2d</run_address>
         <size>0x51</size>
         <input_file_ref idref="fl-2"/>
      </object_component>
      <object_component id="oc-75">
         <name>.debug_info</name>
         <load_address>0x5f7e</load_address>
         <run_address>0x5f7e</run_address>
         <size>0x2e7</size>
         <input_file_ref idref="fl-3"/>
      </object_component>
      <object_component id="oc-24">
         <name>.debug_info</name>
         <load_address>0x6265</load_address>
         <run_address>0x6265</run_address>
         <size>0x113</size>
         <input_file_ref idref="fl-3"/>
      </object_component>
      <object_component id="oc-69">
         <name>.debug_info</name>
         <load_address>0x6378</load_address>
         <run_address>0x6378</run_address>
         <size>0x1da</size>
         <input_file_ref idref="fl-3"/>
      </object_component>
      <object_component id="oc-131">
         <name>.debug_info</name>
         <load_address>0x6552</load_address>
         <run_address>0x6552</run_address>
         <size>0x10c</size>
         <input_file_ref idref="fl-4"/>
      </object_component>
      <object_component id="oc-ab">
         <name>.debug_info</name>
         <load_address>0x665e</load_address>
         <run_address>0x665e</run_address>
         <size>0x27e</size>
         <input_file_ref idref="fl-4"/>
      </object_component>
      <object_component id="oc-90">
         <name>.debug_info</name>
         <load_address>0x68dc</load_address>
         <run_address>0x68dc</run_address>
         <size>0x313</size>
         <input_file_ref idref="fl-be"/>
      </object_component>
      <object_component id="oc-44">
         <name>.debug_info</name>
         <load_address>0x6bef</load_address>
         <run_address>0x6bef</run_address>
         <size>0x1b4</size>
         <input_file_ref idref="fl-be"/>
      </object_component>
      <object_component id="oc-8b">
         <name>.debug_info</name>
         <load_address>0x6da3</load_address>
         <run_address>0x6da3</run_address>
         <size>0x46</size>
         <input_file_ref idref="fl-be"/>
      </object_component>
      <object_component id="oc-e9">
         <name>.debug_info</name>
         <load_address>0x6de9</load_address>
         <run_address>0x6de9</run_address>
         <size>0x2c</size>
         <input_file_ref idref="fl-be"/>
      </object_component>
      <object_component id="oc-42">
         <name>.debug_info</name>
         <load_address>0x6e15</load_address>
         <run_address>0x6e15</run_address>
         <size>0x29d</size>
         <input_file_ref idref="fl-bf"/>
      </object_component>
      <object_component id="oc-1e">
         <name>.debug_info</name>
         <load_address>0x70b2</load_address>
         <run_address>0x70b2</run_address>
         <size>0x1df</size>
         <input_file_ref idref="fl-bf"/>
      </object_component>
      <object_component id="oc-3d">
         <name>.debug_info</name>
         <load_address>0x7291</load_address>
         <run_address>0x7291</run_address>
         <size>0x46</size>
         <input_file_ref idref="fl-bf"/>
      </object_component>
      <object_component id="oc-83">
         <name>.debug_info</name>
         <load_address>0x72d7</load_address>
         <run_address>0x72d7</run_address>
         <size>0x2c</size>
         <input_file_ref idref="fl-bf"/>
      </object_component>
      <object_component id="oc-81">
         <name>.debug_info</name>
         <load_address>0x7303</load_address>
         <run_address>0x7303</run_address>
         <size>0x293</size>
         <input_file_ref idref="fl-c0"/>
      </object_component>
      <object_component id="oc-18">
         <name>.debug_info</name>
         <load_address>0x7596</load_address>
         <run_address>0x7596</run_address>
         <size>0x245</size>
         <input_file_ref idref="fl-c0"/>
      </object_component>
      <object_component id="oc-2d">
         <name>.debug_info</name>
         <load_address>0x77db</load_address>
         <run_address>0x77db</run_address>
         <size>0x60</size>
         <input_file_ref idref="fl-c0"/>
      </object_component>
      <object_component id="oc-e2">
         <name>.debug_info</name>
         <load_address>0x783b</load_address>
         <run_address>0x783b</run_address>
         <size>0x46</size>
         <input_file_ref idref="fl-c0"/>
      </object_component>
      <object_component id="oc-7c">
         <name>.debug_info</name>
         <load_address>0x7881</load_address>
         <run_address>0x7881</run_address>
         <size>0x39</size>
         <input_file_ref idref="fl-c0"/>
      </object_component>
      <object_component id="oc-160">
         <name>.debug_info</name>
         <load_address>0x78ba</load_address>
         <run_address>0x78ba</run_address>
         <size>0x3da</size>
         <input_file_ref idref="fl-c1"/>
      </object_component>
      <object_component id="oc-15d">
         <name>.debug_info</name>
         <load_address>0x7c94</load_address>
         <run_address>0x7c94</run_address>
         <size>0x14c</size>
         <input_file_ref idref="fl-c1"/>
      </object_component>
      <object_component id="oc-157">
         <name>.debug_info</name>
         <load_address>0x7de0</load_address>
         <run_address>0x7de0</run_address>
         <size>0x15b</size>
         <input_file_ref idref="fl-c1"/>
      </object_component>
      <object_component id="oc-ba">
         <name>.debug_info</name>
         <load_address>0x7f3b</load_address>
         <run_address>0x7f3b</run_address>
         <size>0x1a1</size>
         <input_file_ref idref="fl-c1"/>
      </object_component>
      <object_component id="oc-202">
         <name>.debug_info</name>
         <load_address>0x80dc</load_address>
         <run_address>0x80dc</run_address>
         <size>0xb2</size>
         <input_file_ref idref="fl-c1"/>
      </object_component>
      <object_component id="oc-147">
         <name>.debug_info</name>
         <load_address>0x818e</load_address>
         <run_address>0x818e</run_address>
         <size>0x328</size>
         <input_file_ref idref="fl-c2"/>
      </object_component>
      <object_component id="oc-b1">
         <name>.debug_info</name>
         <load_address>0x84b6</load_address>
         <run_address>0x84b6</run_address>
         <size>0x1c6</size>
         <input_file_ref idref="fl-c2"/>
      </object_component>
      <object_component id="oc-13c">
         <name>.debug_info</name>
         <load_address>0x867c</load_address>
         <run_address>0x867c</run_address>
         <size>0x182</size>
         <input_file_ref idref="fl-c2"/>
      </object_component>
      <object_component id="oc-142">
         <name>.debug_info</name>
         <load_address>0x87fe</load_address>
         <run_address>0x87fe</run_address>
         <size>0x162</size>
         <input_file_ref idref="fl-c2"/>
      </object_component>
      <object_component id="oc-28e">
         <name>.debug_info</name>
         <load_address>0x8960</load_address>
         <run_address>0x8960</run_address>
         <size>0x2c</size>
         <input_file_ref idref="fl-c2"/>
      </object_component>
      <object_component id="oc-27">
         <name>.debug_info</name>
         <load_address>0x898c</load_address>
         <run_address>0x898c</run_address>
         <size>0x100</size>
         <input_file_ref idref="fl-c3"/>
      </object_component>
      <object_component id="oc-58">
         <name>.debug_info</name>
         <load_address>0x8a8c</load_address>
         <run_address>0x8a8c</run_address>
         <size>0x1a4</size>
         <input_file_ref idref="fl-c3"/>
      </object_component>
      <object_component id="oc-92">
         <name>.debug_info</name>
         <load_address>0x8c30</load_address>
         <run_address>0x8c30</run_address>
         <size>0x13f</size>
         <input_file_ref idref="fl-c4"/>
      </object_component>
      <object_component id="oc-3a">
         <name>.debug_info</name>
         <load_address>0x8d6f</load_address>
         <run_address>0x8d6f</run_address>
         <size>0x111</size>
         <input_file_ref idref="fl-c5"/>
      </object_component>
      <object_component id="oc-17c">
         <name>.debug_info</name>
         <load_address>0x8e80</load_address>
         <run_address>0x8e80</run_address>
         <size>0x547</size>
         <input_file_ref idref="fl-c6"/>
      </object_component>
      <object_component id="oc-100">
         <name>.debug_info</name>
         <load_address>0x93c7</load_address>
         <run_address>0x93c7</run_address>
         <size>0x19b</size>
         <input_file_ref idref="fl-c6"/>
      </object_component>
      <object_component id="oc-20d">
         <name>.debug_info</name>
         <load_address>0x9562</load_address>
         <run_address>0x9562</run_address>
         <size>0x39</size>
         <input_file_ref idref="fl-c6"/>
      </object_component>
      <object_component id="oc-2be">
         <name>.debug_info</name>
         <load_address>0x959b</load_address>
         <run_address>0x959b</run_address>
         <size>0x39</size>
         <input_file_ref idref="fl-c6"/>
      </object_component>
      <object_component id="oc-212">
         <name>.debug_info</name>
         <load_address>0x95d4</load_address>
         <run_address>0x95d4</run_address>
         <size>0x39</size>
         <input_file_ref idref="fl-c6"/>
      </object_component>
      <object_component id="oc-217">
         <name>.debug_info</name>
         <load_address>0x960d</load_address>
         <run_address>0x960d</run_address>
         <size>0xcd</size>
         <input_file_ref idref="fl-c6"/>
      </object_component>
      <object_component id="oc-98">
         <name>.debug_info</name>
         <load_address>0x96da</load_address>
         <run_address>0x96da</run_address>
         <size>0x148</size>
         <input_file_ref idref="fl-c7"/>
      </object_component>
      <object_component id="oc-179">
         <name>.debug_info</name>
         <load_address>0x9822</load_address>
         <run_address>0x9822</run_address>
         <size>0x3a2</size>
         <input_file_ref idref="fl-c9"/>
      </object_component>
      <object_component id="oc-176">
         <name>.debug_info</name>
         <load_address>0x9bc4</load_address>
         <run_address>0x9bc4</run_address>
         <size>0x185</size>
         <input_file_ref idref="fl-c9"/>
      </object_component>
      <object_component id="oc-f3">
         <name>.debug_info</name>
         <load_address>0x9d49</load_address>
         <run_address>0x9d49</run_address>
         <size>0x117</size>
         <input_file_ref idref="fl-c9"/>
      </object_component>
      <object_component id="oc-f9">
         <name>.debug_info</name>
         <load_address>0x9e60</load_address>
         <run_address>0x9e60</run_address>
         <size>0x179</size>
         <input_file_ref idref="fl-c9"/>
      </object_component>
      <object_component id="oc-1ec">
         <name>.debug_info</name>
         <load_address>0x9fd9</load_address>
         <run_address>0x9fd9</run_address>
         <size>0x2be</size>
         <input_file_ref idref="fl-ca"/>
      </object_component>
      <object_component id="oc-14e">
         <name>.debug_info</name>
         <load_address>0xa297</load_address>
         <run_address>0xa297</run_address>
         <size>0x113</size>
         <input_file_ref idref="fl-ca"/>
      </object_component>
      <object_component id="oc-1e5">
         <name>.debug_info</name>
         <load_address>0xa3aa</load_address>
         <run_address>0xa3aa</run_address>
         <size>0x123</size>
         <input_file_ref idref="fl-ca"/>
      </object_component>
      <object_component id="oc-1d5">
         <name>.debug_info</name>
         <load_address>0xa4cd</load_address>
         <run_address>0xa4cd</run_address>
         <size>0x8a6</size>
         <input_file_ref idref="fl-cb"/>
      </object_component>
      <object_component id="oc-1a0">
         <name>.debug_info</name>
         <load_address>0xad73</load_address>
         <run_address>0xad73</run_address>
         <size>0x213</size>
         <input_file_ref idref="fl-cb"/>
      </object_component>
      <object_component id="oc-251">
         <name>.debug_info</name>
         <load_address>0xaf86</load_address>
         <run_address>0xaf86</run_address>
         <size>0x1a8</size>
         <input_file_ref idref="fl-cb"/>
      </object_component>
      <object_component id="oc-257">
         <name>.debug_info</name>
         <load_address>0xb12e</load_address>
         <run_address>0xb12e</run_address>
         <size>0x210</size>
         <input_file_ref idref="fl-cb"/>
      </object_component>
      <object_component id="oc-1ab">
         <name>.debug_info</name>
         <load_address>0xb33e</load_address>
         <run_address>0xb33e</run_address>
         <size>0x3b0</size>
         <input_file_ref idref="fl-cb"/>
      </object_component>
      <object_component id="oc-25e">
         <name>.debug_info</name>
         <load_address>0xb6ee</load_address>
         <run_address>0xb6ee</run_address>
         <size>0x2fa</size>
         <input_file_ref idref="fl-cb"/>
      </object_component>
      <object_component id="oc-264">
         <name>.debug_info</name>
         <load_address>0xb9e8</load_address>
         <run_address>0xb9e8</run_address>
         <size>0x20a</size>
         <input_file_ref idref="fl-cb"/>
      </object_component>
      <object_component id="oc-1b1">
         <name>.debug_info</name>
         <load_address>0xbbf2</load_address>
         <run_address>0xbbf2</run_address>
         <size>0x20a</size>
         <input_file_ref idref="fl-cb"/>
      </object_component>
      <object_component id="oc-1b7">
         <name>.debug_info</name>
         <load_address>0xbdfc</load_address>
         <run_address>0xbdfc</run_address>
         <size>0x2f9</size>
         <input_file_ref idref="fl-cb"/>
      </object_component>
      <object_component id="oc-1bd">
         <name>.debug_info</name>
         <load_address>0xc0f5</load_address>
         <run_address>0xc0f5</run_address>
         <size>0x4a5</size>
         <input_file_ref idref="fl-cb"/>
      </object_component>
      <object_component id="oc-135">
         <name>.debug_info</name>
         <load_address>0xc59a</load_address>
         <run_address>0xc59a</run_address>
         <size>0x5cd</size>
         <input_file_ref idref="fl-cb"/>
      </object_component>
      <object_component id="oc-1d6">
         <name>.debug_info</name>
         <load_address>0xcb67</load_address>
         <run_address>0xcb67</run_address>
         <size>0x86</size>
         <input_file_ref idref="fl-cb"/>
      </object_component>
      <object_component id="oc-293">
         <name>.debug_info</name>
         <load_address>0xcbed</load_address>
         <run_address>0xcbed</run_address>
         <size>0x39</size>
         <input_file_ref idref="fl-cb"/>
      </object_component>
      <object_component id="oc-301">
         <name>.debug_info</name>
         <load_address>0xcc26</load_address>
         <run_address>0xcc26</run_address>
         <size>0xb6</size>
         <input_file_ref idref="fl-cb"/>
      </object_component>
      <object_component id="oc-298">
         <name>.debug_info</name>
         <load_address>0xccdc</load_address>
         <run_address>0xccdc</run_address>
         <size>0x46</size>
         <input_file_ref idref="fl-cb"/>
      </object_component>
      <object_component id="oc-1db">
         <name>.debug_info</name>
         <load_address>0xcd22</load_address>
         <run_address>0xcd22</run_address>
         <size>0x46</size>
         <input_file_ref idref="fl-cb"/>
      </object_component>
      <object_component id="oc-224">
         <name>.debug_info</name>
         <load_address>0xcd68</load_address>
         <run_address>0xcd68</run_address>
         <size>0x2ae</size>
         <input_file_ref idref="fl-cd"/>
      </object_component>
      <object_component id="oc-19b">
         <name>.debug_info</name>
         <load_address>0xd016</load_address>
         <run_address>0xd016</run_address>
         <size>0x171</size>
         <input_file_ref idref="fl-cd"/>
      </object_component>
      <object_component id="oc-2ce">
         <name>.debug_info</name>
         <load_address>0xd187</load_address>
         <run_address>0xd187</run_address>
         <size>0xee</size>
         <input_file_ref idref="fl-ce"/>
      </object_component>
      <object_component id="oc-221">
         <name>.debug_info</name>
         <load_address>0xd275</load_address>
         <run_address>0xd275</run_address>
         <size>0xfa</size>
         <input_file_ref idref="fl-ce"/>
      </object_component>
      <object_component id="oc-1f0">
         <name>.debug_info</name>
         <load_address>0xd36f</load_address>
         <run_address>0xd36f</run_address>
         <size>0x139</size>
         <input_file_ref idref="fl-cf"/>
      </object_component>
      <object_component id="oc-151">
         <name>.debug_info</name>
         <load_address>0xd4a8</load_address>
         <run_address>0xd4a8</run_address>
         <size>0xf7</size>
         <input_file_ref idref="fl-cf"/>
      </object_component>
      <object_component id="oc-38c">
         <name>.debug_info</name>
         <load_address>0xd59f</load_address>
         <run_address>0xd59f</run_address>
         <size>0x184</size>
         <input_file_ref idref="fl-cf"/>
      </object_component>
      <object_component id="oc-2bd">
         <name>.debug_info</name>
         <load_address>0xd723</load_address>
         <run_address>0xd723</run_address>
         <size>0x378</size>
         <input_file_ref idref="fl-d0"/>
      </object_component>
      <object_component id="oc-1fc">
         <name>.debug_info</name>
         <load_address>0xda9b</load_address>
         <run_address>0xda9b</run_address>
         <size>0x1df</size>
         <input_file_ref idref="fl-d0"/>
      </object_component>
      <object_component id="oc-2bb">
         <name>.debug_info</name>
         <load_address>0xdc7a</load_address>
         <run_address>0xdc7a</run_address>
         <size>0x3f1</size>
         <input_file_ref idref="fl-d1"/>
      </object_component>
      <object_component id="oc-1f3">
         <name>.debug_info</name>
         <load_address>0xe06b</load_address>
         <run_address>0xe06b</run_address>
         <size>0x2d7</size>
         <input_file_ref idref="fl-d1"/>
      </object_component>
      <object_component id="oc-2dc">
         <name>.debug_info</name>
         <load_address>0xe342</load_address>
         <run_address>0xe342</run_address>
         <size>0x290</size>
         <input_file_ref idref="fl-d2"/>
      </object_component>
      <object_component id="oc-242">
         <name>.debug_info</name>
         <load_address>0xe5d2</load_address>
         <run_address>0xe5d2</run_address>
         <size>0x1c2</size>
         <input_file_ref idref="fl-d2"/>
      </object_component>
      <object_component id="oc-27f">
         <name>.debug_info</name>
         <load_address>0xe794</load_address>
         <run_address>0xe794</run_address>
         <size>0x28b</size>
         <input_file_ref idref="fl-d3"/>
      </object_component>
      <object_component id="oc-1c3">
         <name>.debug_info</name>
         <load_address>0xea1f</load_address>
         <run_address>0xea1f</run_address>
         <size>0x1ab</size>
         <input_file_ref idref="fl-d3"/>
      </object_component>
      <object_component id="oc-315">
         <name>.debug_info</name>
         <load_address>0xebca</load_address>
         <run_address>0xebca</run_address>
         <size>0x29a</size>
         <input_file_ref idref="fl-d4"/>
      </object_component>
      <object_component id="oc-2a9">
         <name>.debug_info</name>
         <load_address>0xee64</load_address>
         <run_address>0xee64</run_address>
         <size>0x242</size>
         <input_file_ref idref="fl-d4"/>
      </object_component>
      <object_component id="oc-2f3">
         <name>.debug_info</name>
         <load_address>0xf0a6</load_address>
         <run_address>0xf0a6</run_address>
         <size>0x28f</size>
         <input_file_ref idref="fl-d5"/>
      </object_component>
      <object_component id="oc-278">
         <name>.debug_info</name>
         <load_address>0xf335</load_address>
         <run_address>0xf335</run_address>
         <size>0x247</size>
         <input_file_ref idref="fl-d5"/>
      </object_component>
      <object_component id="oc-21f">
         <name>.debug_info</name>
         <load_address>0xf57c</load_address>
         <run_address>0xf57c</run_address>
         <size>0x284</size>
         <input_file_ref idref="fl-d6"/>
      </object_component>
      <object_component id="oc-194">
         <name>.debug_info</name>
         <load_address>0xf800</load_address>
         <run_address>0xf800</run_address>
         <size>0x22a</size>
         <input_file_ref idref="fl-d6"/>
      </object_component>
      <object_component id="oc-31c">
         <name>.debug_info</name>
         <load_address>0xfa2a</load_address>
         <run_address>0xfa2a</run_address>
         <size>0x4c5</size>
         <input_file_ref idref="fl-d7"/>
      </object_component>
      <object_component id="oc-35a">
         <name>.debug_info</name>
         <load_address>0xfeef</load_address>
         <run_address>0xfeef</run_address>
         <size>0xf8</size>
         <input_file_ref idref="fl-d7"/>
      </object_component>
      <object_component id="oc-319">
         <name>.debug_info</name>
         <load_address>0xffe7</load_address>
         <run_address>0xffe7</run_address>
         <size>0xf8</size>
         <input_file_ref idref="fl-d7"/>
      </object_component>
      <object_component id="oc-2b7">
         <name>.debug_info</name>
         <load_address>0x100df</load_address>
         <run_address>0x100df</run_address>
         <size>0x184</size>
         <input_file_ref idref="fl-d7"/>
      </object_component>
      <object_component id="oc-360">
         <name>.debug_info</name>
         <load_address>0x10263</load_address>
         <run_address>0x10263</run_address>
         <size>0x120</size>
         <input_file_ref idref="fl-d7"/>
      </object_component>
      <object_component id="oc-365">
         <name>.debug_info</name>
         <load_address>0x10383</load_address>
         <run_address>0x10383</run_address>
         <size>0x2c</size>
         <input_file_ref idref="fl-d7"/>
      </object_component>
      <object_component id="oc-28b">
         <name>.debug_info</name>
         <load_address>0x103af</load_address>
         <run_address>0x103af</run_address>
         <size>0x27e</size>
         <input_file_ref idref="fl-d8"/>
      </object_component>
      <object_component id="oc-288">
         <name>.debug_info</name>
         <load_address>0x1062d</load_address>
         <run_address>0x1062d</run_address>
         <size>0x103</size>
         <input_file_ref idref="fl-d8"/>
      </object_component>
      <object_component id="oc-1d0">
         <name>.debug_info</name>
         <load_address>0x10730</load_address>
         <run_address>0x10730</run_address>
         <size>0x143</size>
         <input_file_ref idref="fl-d8"/>
      </object_component>
      <object_component id="oc-2e4">
         <name>.debug_info</name>
         <load_address>0x10873</load_address>
         <run_address>0x10873</run_address>
         <size>0x28f</size>
         <input_file_ref idref="fl-d9"/>
      </object_component>
      <object_component id="oc-26d">
         <name>.debug_info</name>
         <load_address>0x10b02</load_address>
         <run_address>0x10b02</run_address>
         <size>0x18a</size>
         <input_file_ref idref="fl-d9"/>
      </object_component>
      <object_component id="oc-328">
         <name>.debug_info</name>
         <load_address>0x10c8c</load_address>
         <run_address>0x10c8c</run_address>
         <size>0x39</size>
         <input_file_ref idref="fl-d9"/>
      </object_component>
      <object_component id="oc-2e5">
         <name>.debug_info</name>
         <load_address>0x10cc5</load_address>
         <run_address>0x10cc5</run_address>
         <size>0x2c</size>
         <input_file_ref idref="fl-d9"/>
      </object_component>
      <object_component id="oc-2f1">
         <name>.debug_info</name>
         <load_address>0x10cf1</load_address>
         <run_address>0x10cf1</run_address>
         <size>0x2f2</size>
         <input_file_ref idref="fl-da"/>
      </object_component>
      <object_component id="oc-274">
         <name>.debug_info</name>
         <load_address>0x10fe3</load_address>
         <run_address>0x10fe3</run_address>
         <size>0x21a</size>
         <input_file_ref idref="fl-da"/>
      </object_component>
      <object_component id="oc-286">
         <name>.debug_info</name>
         <load_address>0x111fd</load_address>
         <run_address>0x111fd</run_address>
         <size>0x284</size>
         <input_file_ref idref="fl-db"/>
      </object_component>
      <object_component id="oc-1cb">
         <name>.debug_info</name>
         <load_address>0x11481</load_address>
         <run_address>0x11481</run_address>
         <size>0x14f</size>
         <input_file_ref idref="fl-db"/>
      </object_component>
      <object_component id="oc-2f6">
         <name>.debug_info</name>
         <load_address>0x115d0</load_address>
         <run_address>0x115d0</run_address>
         <size>0x46</size>
         <input_file_ref idref="fl-db"/>
      </object_component>
      <object_component id="oc-281">
         <name>.debug_info</name>
         <load_address>0x11616</load_address>
         <run_address>0x11616</run_address>
         <size>0x39</size>
         <input_file_ref idref="fl-db"/>
      </object_component>
      <object_component id="oc-2ec">
         <name>.debug_info</name>
         <load_address>0x1164f</load_address>
         <run_address>0x1164f</run_address>
         <size>0x156</size>
         <input_file_ref idref="fl-dc"/>
      </object_component>
      <object_component id="oc-226">
         <name>.debug_info</name>
         <load_address>0x117a5</load_address>
         <run_address>0x117a5</run_address>
         <size>0x12c</size>
         <input_file_ref idref="fl-dd"/>
      </object_component>
      <object_component id="oc-24c">
         <name>.debug_info</name>
         <load_address>0x118d1</load_address>
         <run_address>0x118d1</run_address>
         <size>0x144</size>
         <input_file_ref idref="fl-de"/>
      </object_component>
      <object_component id="oc-1a6">
         <name>.debug_info</name>
         <load_address>0x11a15</load_address>
         <run_address>0x11a15</run_address>
         <size>0x120</size>
         <input_file_ref idref="fl-df"/>
      </object_component>
      <object_component id="oc-238">
         <name>.debug_info</name>
         <load_address>0x11b35</load_address>
         <run_address>0x11b35</run_address>
         <size>0x122</size>
         <input_file_ref idref="fl-df"/>
      </object_component>
      <object_component id="oc-232">
         <name>.debug_info</name>
         <load_address>0x11c57</load_address>
         <run_address>0x11c57</run_address>
         <size>0x132</size>
         <input_file_ref idref="fl-e0"/>
      </object_component>
      <object_component id="oc-22d">
         <name>.debug_info</name>
         <load_address>0x11d89</load_address>
         <run_address>0x11d89</run_address>
         <size>0x132</size>
         <input_file_ref idref="fl-e1"/>
      </object_component>
      <object_component id="oc-23e">
         <name>.debug_info</name>
         <load_address>0x11ebb</load_address>
         <run_address>0x11ebb</run_address>
         <size>0x126</size>
         <input_file_ref idref="fl-e2"/>
      </object_component>
      <object_component id="oc-248">
         <name>.debug_info</name>
         <load_address>0x11fe1</load_address>
         <run_address>0x11fe1</run_address>
         <size>0x124</size>
         <input_file_ref idref="fl-e3"/>
      </object_component>
      <object_component id="oc-313">
         <name>.debug_info</name>
         <load_address>0x12105</load_address>
         <run_address>0x12105</run_address>
         <size>0x2f5</size>
         <input_file_ref idref="fl-e4"/>
      </object_component>
      <object_component id="oc-2a5">
         <name>.debug_info</name>
         <load_address>0x123fa</load_address>
         <run_address>0x123fa</run_address>
         <size>0x191</size>
         <input_file_ref idref="fl-e4"/>
      </object_component>
      <object_component id="oc-34e">
         <name>.debug_info</name>
         <load_address>0x1258b</load_address>
         <run_address>0x1258b</run_address>
         <size>0xbf</size>
         <input_file_ref idref="fl-e4"/>
      </object_component>
      <object_component id="oc-317">
         <name>.debug_info</name>
         <load_address>0x1264a</load_address>
         <run_address>0x1264a</run_address>
         <size>0x33c</size>
         <input_file_ref idref="fl-e5"/>
      </object_component>
      <object_component id="oc-2af">
         <name>.debug_info</name>
         <load_address>0x12986</load_address>
         <run_address>0x12986</run_address>
         <size>0x17f</size>
         <input_file_ref idref="fl-e5"/>
      </object_component>
      <object_component id="oc-339">
         <name>.debug_info</name>
         <load_address>0x12b05</load_address>
         <run_address>0x12b05</run_address>
         <size>0x319</size>
         <input_file_ref idref="fl-e6"/>
      </object_component>
      <object_component id="oc-307">
         <name>.debug_info</name>
         <load_address>0x12e1e</load_address>
         <run_address>0x12e1e</run_address>
         <size>0x1e1</size>
         <input_file_ref idref="fl-e6"/>
      </object_component>
      <object_component id="oc-36b">
         <name>.debug_info</name>
         <load_address>0x12fff</load_address>
         <run_address>0x12fff</run_address>
         <size>0x38c</size>
         <input_file_ref idref="fl-e7"/>
      </object_component>
      <object_component id="oc-334">
         <name>.debug_info</name>
         <load_address>0x1338b</load_address>
         <run_address>0x1338b</run_address>
         <size>0x18a</size>
         <input_file_ref idref="fl-e7"/>
      </object_component>
      <object_component id="oc-34d">
         <name>.debug_info</name>
         <load_address>0x13515</load_address>
         <run_address>0x13515</run_address>
         <size>0x369</size>
         <input_file_ref idref="fl-e8"/>
      </object_component>
      <object_component id="oc-30d">
         <name>.debug_info</name>
         <load_address>0x1387e</load_address>
         <run_address>0x1387e</run_address>
         <size>0x200</size>
         <input_file_ref idref="fl-e8"/>
      </object_component>
      <object_component id="oc-3e6">
         <name>.debug_info</name>
         <load_address>0x13a7e</load_address>
         <run_address>0x13a7e</run_address>
         <size>0x368</size>
         <input_file_ref idref="fl-e9"/>
      </object_component>
[...]
         <object_component_ref idref="oc-37"/>
      </symbol>
      <symbol id="sm-215">
         <name>__aeabi_memcpy4</name>
         <value>0x22ff</value>
         <object_component_ref idref="oc-37"/>
      </symbol>
      <symbol id="sm-23d">
         <name>__TI_auto_init_nobinit_nopinit</name>
         <value>0x2e85</value>
         <object_component_ref idref="oc-fe"/>
      </symbol>
      <symbol id="sm-247">
         <name>_system_pre_init</name>
         <value>0x332d</value>
         <object_component_ref idref="oc-97"/>
      </symbol>
      <symbol id="sm-26e">
         <name>C$$EXIT</name>
         <value>0x3331</value>
         <object_component_ref idref="oc-f2"/>
      </symbol>
      <symbol id="sm-26f">
         <name>abort</name>
         <value>0x3331</value>
         <object_component_ref idref="oc-f2"/>
      </symbol>
      <symbol id="sm-270">
         <name>__TI_dtors_ptr</name>
         <value>0x200005dc</value>
         <object_component_ref idref="oc-175"/>
      </symbol>
      <symbol id="sm-271">
         <name>__TI_cleanup_ptr</name>
         <value>0x200005d8</value>
         <object_component_ref idref="oc-175"/>
      </symbol>
      <symbol id="sm-272">
         <name>__TI_enable_exit_profile_output</name>
         <value>0x200005e0</value>
         <object_component_ref idref="oc-175"/>
      </symbol>
      <symbol id="sm-273">
         <name>exit</name>
         <value>0x2d6d</value>
         <object_component_ref idref="oc-f8"/>
      </symbol>
      <symbol id="sm-288">
         <name>_nop</name>
         <value>0xb43</value>
         <object_component_ref idref="oc-1e4"/>
      </symbol>
      <symbol id="sm-289">
         <name>_lock</name>
         <value>0x200005f0</value>
         <object_component_ref idref="oc-14d"/>
      </symbol>
      <symbol id="sm-28a">
         <name>_unlock</name>
         <value>0x200005f4</value>
         <object_component_ref idref="oc-14d"/>
      </symbol>
      <symbol id="sm-3ef">
         <name>__TI_printfi</name>
         <value>0xe5</value>
         <object_component_ref idref="oc-134"/>
      </symbol>
      <symbol id="sm-406">
         <name>atoi</name>
         <value>0x2d21</value>
         <object_component_ref idref="oc-199"/>
      </symbol>
      <symbol id="sm-411">
         <name>_ctypes_</name>
         <value>0x3334</value>
         <object_component_ref idref="oc-220"/>
      </symbol>
      <symbol id="sm-426">
         <name>__TI_tmpnams</name>
         <value>0x20000720</value>
      </symbol>
      <symbol id="sm-427">
         <name>__aeabi_stdout</name>
         <value>0x200005d0</value>
         <object_component_ref idref="oc-38b"/>
      </symbol>
      <symbol id="sm-428">
         <name>__aeabi_stderr</name>
         <value>0x200005d4</value>
         <object_component_ref idref="oc-38b"/>
      </symbol>
      <symbol id="sm-429">
         <name>__aeabi_stdin</name>
         <value>0x200005cc</value>
         <object_component_ref idref="oc-38b"/>
      </symbol>
      <symbol id="sm-42a">
         <name>_ftable</name>
         <value>0x20000400</value>
         <object_component_ref idref="oc-150"/>
      </symbol>
      <symbol id="sm-42b">
         <name>__TI_ft_end</name>
         <value>0x200005c8</value>
         <object_component_ref idref="oc-38b"/>
      </symbol>
      <symbol id="sm-440">
         <name>putc</name>
         <value>0x2431</value>
         <object_component_ref idref="oc-1f9"/>
      </symbol>
      <symbol id="sm-441">
         <name>fputc</name>
         <value>0x2431</value>
         <object_component_ref idref="oc-1f9"/>
      </symbol>
      <symbol id="sm-45f">
         <name>fputs</name>
         <value>0x1d79</value>
         <object_component_ref idref="oc-1f2"/>
      </symbol>
      <symbol id="sm-46e">
         <name>ltoa</name>
         <value>0x2c2f</value>
         <object_component_ref idref="oc-240"/>
      </symbol>
      <symbol id="sm-47e">
         <name>memccpy</name>
         <value>0x3235</value>
         <object_component_ref idref="oc-1c2"/>
      </symbol>
      <symbol id="sm-48e">
         <name>memchr</name>
         <value>0x3215</value>
         <object_component_ref idref="oc-2a8"/>
      </symbol>
      <symbol id="sm-49e">
         <name>strchr</name>
         <value>0x3281</value>
         <object_component_ref idref="oc-277"/>
      </symbol>
      <symbol id="sm-4ac">
         <name>strlen</name>
         <value>0x32bf</value>
         <object_component_ref idref="oc-193"/>
      </symbol>
      <symbol id="sm-4d2">
         <name>_stream</name>
         <value>0x20000568</value>
         <object_component_ref idref="oc-318"/>
      </symbol>
      <symbol id="sm-4d3">
         <name>_device</name>
         <value>0x200004f0</value>
         <object_component_ref idref="oc-359"/>
      </symbol>
      <symbol id="sm-4d4">
         <name>write</name>
         <value>0x31ed</value>
         <object_component_ref idref="oc-2b4"/>
      </symbol>
      <symbol id="sm-4ea">
         <name>__aeabi_errno_addr</name>
         <value>0x331d</value>
         <object_component_ref idref="oc-1ce"/>
      </symbol>
      <symbol id="sm-4eb">
         <name>errno</name>
         <value>0x200005f8</value>
         <object_component_ref idref="oc-287"/>
      </symbol>
      <symbol id="sm-50b">
         <name>frexpl</name>
         <value>0x2941</value>
         <object_component_ref idref="oc-26b"/>
      </symbol>
      <symbol id="sm-50c">
         <name>frexp</name>
         <value>0x2941</value>
         <object_component_ref idref="oc-26b"/>
      </symbol>
      <symbol id="sm-529">
         <name>scalbn</name>
         <value>0x1e8d</value>
         <object_component_ref idref="oc-271"/>
      </symbol>
      <symbol id="sm-52a">
         <name>scalbnl</name>
         <value>0x1e8d</value>
         <object_component_ref idref="oc-271"/>
      </symbol>
      <symbol id="sm-52b">
         <name>ldexpl</name>
         <value>0x1e8d</value>
         <object_component_ref idref="oc-271"/>
      </symbol>
      <symbol id="sm-52c">
         <name>ldexp</name>
         <value>0x1e8d</value>
         <object_component_ref idref="oc-271"/>
      </symbol>
      <symbol id="sm-545">
         <name>wcslen</name>
         <value>0x32e5</value>
         <object_component_ref idref="oc-1c8"/>
      </symbol>
      <symbol id="sm-54f">
         <name>copysign</name>
         <value>0x3297</value>
         <object_component_ref idref="oc-2ea"/>
      </symbol>
      <symbol id="sm-550">
         <name>copysignl</name>
         <value>0x3297</value>
         <object_component_ref idref="oc-2ea"/>
      </symbol>
      <symbol id="sm-55d">
         <name>__aeabi_uldivmod</name>
         <value>0x239b</value>
         <object_component_ref idref="oc-225"/>
      </symbol>
      <symbol id="sm-574">
         <name>__aeabi_dsub</name>
         <value>0x182d</value>
         <object_component_ref idref="oc-24b"/>
      </symbol>
      <symbol id="sm-575">
         <name>__aeabi_dadd</name>
         <value>0x1837</value>
         <object_component_ref idref="oc-24b"/>
      </symbol>
      <symbol id="sm-597">
         <name>__aeabi_cdcmpeq</name>
         <value>0x24bd</value>
         <object_component_ref idref="oc-1a5"/>
      </symbol>
      <symbol id="sm-598">
         <name>__aeabi_cdcmple</name>
         <value>0x24bd</value>
         <object_component_ref idref="oc-1a5"/>
      </symbol>
      <symbol id="sm-599">
         <name>__aeabi_cdrcmple</name>
         <value>0x2543</value>
         <object_component_ref idref="oc-236"/>
      </symbol>
      <symbol id="sm-5ad">
         <name>__aeabi_ddiv</name>
         <value>0x1b21</value>
         <object_component_ref idref="oc-231"/>
      </symbol>
      <symbol id="sm-5b8">
         <name>__aeabi_dmul</name>
         <value>0x1f9d</value>
         <object_component_ref idref="oc-22c"/>
      </symbol>
      <symbol id="sm-5c2">
         <name>__aeabi_d2iz</name>
         <value>0x2db5</value>
         <object_component_ref idref="oc-23b"/>
      </symbol>
      <symbol id="sm-5cc">
         <name>__aeabi_i2d</name>
         <value>0x3141</value>
         <object_component_ref idref="oc-246"/>
      </symbol>
      <symbol id="sm-5e4">
         <name>__TI_wrt_ok</name>
         <value>0x2a09</value>
         <object_component_ref idref="oc-2a2"/>
      </symbol>
      <symbol id="sm-5f4">
         <name>__TI_doflush</name>
         <value>0x2cd5</value>
         <object_component_ref idref="oc-2ae"/>
      </symbol>
      <symbol id="sm-606">
         <name>fseek</name>
         <value>0x29a5</value>
         <object_component_ref idref="oc-306"/>
      </symbol>
      <symbol id="sm-616">
         <name>lseek</name>
         <value>0x319d</value>
         <object_component_ref idref="oc-332"/>
      </symbol>
      <symbol id="sm-632">
         <name>setvbuf</name>
         <value>0x2099</value>
         <object_component_ref idref="oc-30c"/>
      </symbol>
      <symbol id="sm-643">
         <name>HOSTclose</name>
         <value>0x2dfd</value>
         <object_component_ref idref="oc-397"/>
      </symbol>
      <symbol id="sm-654">
         <name>HOSTlseek</name>
         <value>0x27a1</value>
         <object_component_ref idref="oc-3a9"/>
      </symbol>
      <symbol id="sm-666">
         <name>parmbuf</name>
         <value>0x200007c0</value>
      </symbol>
      <symbol id="sm-667">
         <name>HOSTopen</name>
         <value>0x2a6d</value>
         <object_component_ref idref="oc-391"/>
      </symbol>
      <symbol id="sm-678">
         <name>HOSTread</name>
         <value>0x2b29</value>
         <object_component_ref idref="oc-39d"/>
      </symbol>
      <symbol id="sm-689">
         <name>HOSTrename</name>
         <value>0x2809</value>
         <object_component_ref idref="oc-3b5"/>
      </symbol>
      <symbol id="sm-69a">
         <name>HOSTunlink</name>
         <value>0x2e41</value>
         <object_component_ref idref="oc-3af"/>
      </symbol>
      <symbol id="sm-6ab">
         <name>HOSTwrite</name>
         <value>0x2b81</value>
         <object_component_ref idref="oc-3a3"/>
      </symbol>
      <symbol id="sm-6cf">
         <name>__TI_readmsg</name>
         <value>0x30dd</value>
         <object_component_ref idref="oc-3db"/>
      </symbol>
      <symbol id="sm-6d0">
         <name>C$$IO$$</name>
         <value>0x2ff7</value>
         <object_component_ref idref="oc-3d5"/>
      </symbol>
      <symbol id="sm-6d1">
         <name>__CIOBUF_</name>
         <value>0x20000600</value>
         <object_component_ref idref="oc-403"/>
      </symbol>
      <symbol id="sm-6d2">
         <name>__TI_writemsg</name>
         <value>0x2fc9</value>
         <object_component_ref idref="oc-3d5"/>
      </symbol>
      <symbol id="sm-6dc">
         <name>__aeabi_idiv0</name>
         <value>0x19e3</value>
         <object_component_ref idref="oc-2d1"/>
      </symbol>
      <symbol id="sm-6dd">
         <name>__aeabi_ldiv0</name>
         <value>0x19e3</value>
         <object_component_ref idref="oc-2d1"/>
      </symbol>
      <symbol id="sm-758">
         <name>_sys_memory</name>
         <value>0x20000000</value>
         <object_component_ref idref="oc-29"/>
      </symbol>
      <symbol id="sm-759">
         <name>free</name>
         <value>0x2175</value>
         <object_component_ref idref="oc-33a"/>
      </symbol>
      <symbol id="sm-75a">
         <name>malloc</name>
         <value>0x2645</value>
         <object_component_ref idref="oc-340"/>
      </symbol>
      <symbol id="sm-75b">
         <name>minit</name>
         <value>0x3039</value>
         <object_component_ref idref="oc-36e"/>
      </symbol>
      <symbol id="sm-76b">
         <name>__TI_cleanup</name>
         <value>0x30a9</value>
         <object_component_ref idref="oc-346"/>
      </symbol>
      <symbol id="sm-77a">
         <name>strcpy</name>
         <value>0x32ab</value>
         <object_component_ref idref="oc-3ef"/>
      </symbol>
      <symbol id="sm-78f">
         <name>__TI_closefile</name>
         <value>0x26bd</value>
         <object_component_ref idref="oc-385"/>
      </symbol>
      <symbol id="sm-7b2">
         <name>finddevice</name>
         <value>0x3111</value>
         <object_component_ref idref="oc-421"/>
      </symbol>
      <symbol id="sm-7b3">
         <name>getdevice</name>
         <value>0x2ec9</value>
         <object_component_ref idref="oc-3f9"/>
      </symbol>
      <symbol id="sm-7c3">
         <name>strcmp</name>
         <value>0x3269</value>
         <object_component_ref idref="oc-438"/>
      </symbol>
      <symbol id="sm-7d3">
         <name>strncpy</name>
         <value>0x3071</value>
         <object_component_ref idref="oc-41b"/>
      </symbol>
      <symbol id="sm-7e3">
         <name>unlink</name>
         <value>0x3171</value>
         <object_component_ref idref="oc-3ca"/>
      </symbol>
      <symbol id="sm-7f7">
         <name>close</name>
         <value>0x2acd</value>
         <object_component_ref idref="oc-3c4"/>
      </symbol>
      <symbol id="sm-7f8">
         <name>__TI_static_base__</name>
         <value>0x0</value>
      </symbol>
      <symbol id="sm-7fb">
         <name>__mpu_init</name>
         <value>0x0</value>
      </symbol>
      <symbol id="sm-7fc">
         <name>_system_post_cinit</name>
         <value>0x0</value>
      </symbol>
      <symbol id="sm-7fd">
         <name>NMI_Handler</name>
         <value>0x3311</value>
      </symbol>
      <symbol id="sm-7fe">
         <name>HardFault_Handler</name>
         <value>0x3311</value>
      </symbol>
      <symbol id="sm-7ff">
         <name>MemManage_Handler</name>
         <value>0x3311</value>
      </symbol>
      <symbol id="sm-800">
         <name>BusFault_Handler</name>
         <value>0x3311</value>
      </symbol>
      <symbol id="sm-801">
         <name>UsageFault_Handler</name>
         <value>0x3311</value>
      </symbol>
      <symbol id="sm-802">
         <name>SVC_Handler</name>
         <value>0x3311</value>
      </symbol>
      <symbol id="sm-803">
         <name>DebugMon_Handler</name>
         <value>0x3311</value>
      </symbol>
      <symbol id="sm-804">
         <name>PendSV_Handler</name>
         <value>0x3311</value>
      </symbol>
      <symbol id="sm-805">
         <name>SysTick_Handler</name>
         <value>0x3311</value>
      </symbol>
      <symbol id="sm-806">
         <name>PSS_IRQHandler</name>
         <value>0x3311</value>
      </symbol>
      <symbol id="sm-807">
         <name>CS_IRQHandler</name>
         <value>0x3311</value>
      </symbol>
      <symbol id="sm-808">
         <name>PCM_IRQHandler</name>
         <value>0x3311</value>
      </symbol>
      <symbol id="sm-809">
         <name>WDT_A_IRQHandler</name>
         <value>0x3311</value>
      </symbol>
      <symbol id="sm-80a">
         <name>FPU_IRQHandler</name>
         <value>0x3311</value>
      </symbol>
      <symbol id="sm-80b">
         <name>FLCTL_IRQHandler</name>
         <value>0x3311</value>
      </symbol>
      <symbol id="sm-80c">
         <name>COMP_E0_IRQHandler</name>
         <value>0x3311</value>
      </symbol>
      <symbol id="sm-80d">
         <name>COMP_E1_IRQHandler</name>
         <value>0x3311</value>
      </symbol>
      <symbol id="sm-80e">
         <name>TA0_0_IRQHandler</name>
         <value>0x3311</value>
      </symbol>
      <symbol id="sm-80f">
         <name>TA0_N_IRQHandler</name>
         <value>0x3311</value>
      </symbol>
      <symbol id="sm-810">
         <name>TA1_0_IRQHandler</name>
         <value>0x3311</value>
      </symbol>
      <symbol id="sm-811">
         <name>TA1_N_IRQHandler</name>
         <value>0x3311</value>
      </symbol>
      <symbol id="sm-812">
         <name>TA2_0_IRQHandler</name>
         <value>0x3311</value>
      </symbol>
      <symbol id="sm-813">
         <name>TA2_N_IRQHandler</name>
         <value>0x3311</value>
      </symbol>
      <symbol id="sm-814">
         <name>TA3_0_IRQHandler</name>
         <value>0x3311</value>
      </symbol>
      <symbol id="sm-815">
         <name>TA3_N_IRQHandler</name>
         <value>0x3311</value>
      </symbol>
      <symbol id="sm-816">
         <name>EUSCIA0_IRQHandler</name>
         <value>0x3311</value>
      </symbol>
      <symbol id="sm-817">
         <name>EUSCIA1_IRQHandler</name>
         <value>0x3311</value>
      </symbol>
      <symbol id="sm-818">
         <name>EUSCIA2_IRQHandler</name>
         <value>0x3311</value>
      </symbol>
      <symbol id="sm-819">
         <name>EUSCIA3_IRQHandler</name>
         <value>0x3311</value>
      </symbol>
      <symbol id="sm-81a">
         <name>EUSCIB0_IRQHandler</name>
         <value>0x3311</value>
      </symbol>
      <symbol id="sm-81b">
         <name>EUSCIB1_IRQHandler</name>
         <value>0x3311</value>
      </symbol>
      <symbol id="sm-81c">
         <name>EUSCIB2_IRQHandler</name>
         <value>0x3311</value>
      </symbol>
      <symbol id="sm-81d">
         <name>EUSCIB3_IRQHandler</name>
         <value>0x3311</value>
      </symbol>
      <symbol id="sm-81e">
         <name>ADC14_IRQHandler</name>
         <value>0x3311</value>
      </symbol>
      <symbol id="sm-81f">
         <name>T32_INT1_IRQHandler</name>
         <value>0x3311</value>
      </symbol>
      <symbol id="sm-820">
         <name>T32_INT2_IRQHandler</name>
         <value>0x3311</value>
      </symbol>
      <symbol id="sm-821">
         <name>T32_INTC_IRQHandler</name>
         <value>0x3311</value>
      </symbol>
      <symbol id="sm-822">
         <name>AES256_IRQHandler</name>
         <value>0x3311</value>
      </symbol>
      <symbol id="sm-823">
         <name>RTC_C_IRQHandler</name>
         <value>0xfb1</value>
      </symbol>
      <symbol id="sm-824">
         <name>DMA_ERR_IRQHandler</name>
         <value>0x3311</value>
      </symbol>
      <symbol id="sm-825">
         <name>DMA_INT3_IRQHandler</name>
         <value>0x3311</value>
      </symbol>
      <symbol id="sm-826">
         <name>DMA_INT2_IRQHandler</name>
         <value>0x3311</value>
      </symbol>
      <symbol id="sm-827">
         <name>DMA_INT1_IRQHandler</name>
         <value>0x3311</value>
      </symbol>
      <symbol id="sm-828">
         <name>DMA_INT0_IRQHandler</name>
         <value>0x3311</value>
      </symbol>
      <symbol id="sm-829">
         <name>PORT1_IRQHandler</name>
         <value>0x3311</value>
      </symbol>
      <symbol id="sm-82a">
         <name>PORT2_IRQHandler</name>
         <value>0x3311</value>
      </symbol>
      <symbol id="sm-82b">
         <name>PORT3_IRQHandler</name>
         <value>0x1007</value>
      </symbol>
      <symbol id="sm-82c">
         <name>PORT4_IRQHandler</name>
         <value>0x3311</value>
      </symbol>
      <symbol id="sm-82d">
         <name>PORT5_IRQHandler</name>
         <value>0x3311</value>
      </symbol>
      <symbol id="sm-82e">
         <name>PORT6_IRQHandler</name>
         <value>0x3311</value>
      </symbol>
      <symbol id="sm-82f">
         <name>remove</name>
         <value>0x3171</value>
      </symbol>
   </symbol_table>
   <title>Link successful</title>
</link_info>
